ARM Linker, 5.03 [Build 76] [MDK-ARM Professional]

==============================================================================

Section Cross References

    bsp.o(.text) refers to bsp_init.o(.text) for SetClock
    bsp.o(.text) refers to bsp_io_control.o(.text) for bsp_io_init
    bsp.o(.text) refers to bsp_usart.o(.text) for UsartConfig
    bsp.o(.text) refers to printfa.o(i.__0printf) for __2printf
    bsp.o(.text) refers to stm32f4xx_rcc.o(.text) for RCC_GetClocksFreq
    bsp.o(.text) refers to os_cpu_c.o(.text) for OS_CPU_SysTickInit
    bsp.o(.text) refers to cpu_core.o(.text) for CPU_TS_TmrFreqSet
    bsp.o(.text) refers to uldiv.o(.text) for __aeabi_uldivmod
    bsp.o(.text) refers to os_cfg_app.o(.constdata) for OSCfg_TickRate_Hz
    main.o(.text) refers to bsp.o(.text) for bsp_Init
    main.o(.text) refers to os_core.o(.text) for OSInit
    main.o(.text) refers to os_task.o(.text) for OSTaskCreate
    main.o(.text) refers to main.o(.bss) for .bss
    main.o(.text) refers to app.o(.text) for AppTaskStart
    os_app_hooks.o(.text) refers to cpu_a.o(.text) for CPU_SR_Save
    os_app_hooks.o(.text) refers to os_var.o(.data) for OS_AppTaskCreateHookPtr
    os_app_hooks.o(.text) refers to os_var.o(.data) for OS_AppTaskDelHookPtr
    os_app_hooks.o(.text) refers to os_var.o(.data) for OS_AppTaskReturnHookPtr
    os_app_hooks.o(.text) refers to os_var.o(.data) for OS_AppIdleTaskHookPtr
    os_app_hooks.o(.text) refers to os_var.o(.data) for OS_AppStatTaskHookPtr
    os_app_hooks.o(.text) refers to os_var.o(.data) for OS_AppTaskSwHookPtr
    os_app_hooks.o(.text) refers to os_var.o(.data) for OS_AppTimeTickHookPtr
    app.o(.text) refers to memseta.o(.text) for __aeabi_memclr4
    app.o(.text) refers to bsp_io_control.o(.text) for bsp_io_init
    app.o(.text) refers to bsp_usart.o(.text) for UsartConfig
    app.o(.text) refers to freqmeasurement.o(.text) for FreqModuleInit
    app.o(.text) refers to bsp_init.o(.text) for read_dev_id
    app.o(.text) refers to os_time.o(.text) for OSTimeDlyHMSM
    app.o(.text) refers to bsp_ltc2402.o(.text) for LTC2402Init
    app.o(.text) refers to bsp_rtc.o(.text) for get_time
    app.o(.text) refers to printfa.o(i.__0sprintf) for __2sprintf
    app.o(.text) refers to tools.o(.text) for HandleDataPackage
    app.o(.text) refers to stm32f4xx_pwr.o(.text) for PWR_EnterSTOPMode
    app.o(.text) refers to cpu_core.o(.text) for CPU_Init
    app.o(.text) refers to bsp.o(.text) for BSP_Tick_Init
    app.o(.text) refers to os_task.o(.text) for OSTaskCreate
    app.o(.text) refers to stm32f4xx_it.o(.data) for UploadFlag
    app.o(.text) refers to app.o(.constdata) for .constdata
    app.o(.text) refers to app.o(.bss) for .bss
    freqmeasurement.o(.text) refers to misc.o(.text) for NVIC_PriorityGroupConfig
    freqmeasurement.o(.text) refers to stm32f4xx_rcc.o(.text) for RCC_APB1PeriphClockCmd
    freqmeasurement.o(.text) refers to stm32f4xx_tim.o(.text) for TIM_TimeBaseInit
    freqmeasurement.o(.text) refers to dmul.o(.text) for __aeabi_dmul
    freqmeasurement.o(.text) refers to ddiv.o(.text) for __aeabi_ddiv
    freqmeasurement.o(.text) refers to dadd.o(.text) for __aeabi_dadd
    freqmeasurement.o(.text) refers to stm32f4xx_gpio.o(.text) for GPIO_Init
    freqmeasurement.o(.text) refers to os_time.o(.text) for OSTimeDlyHMSM
    freqmeasurement.o(.text) refers to bsp_io_control.o(.text) for SW_VW
    freqmeasurement.o(.text) refers to freqmeasurement.o(.data) for .data
    freqmeasurement.o(.text) refers to stm32f4xx_it.o(.data) for OnFreq
    tools.o(.text) refers to stm32f4xx_crc.o(.text) for CRC_ResetDR
    tools.o(.text) refers to stm32f4xx_usart.o(.text) for USART_SendData
    tools.o(.text) refers to memseta.o(.text) for __aeabi_memclr4
    tools.o(.text) refers to strcat.o(.text) for strcat
    bsp_init.o(.text) refers to stm32f4xx_rcc.o(.text) for RCC_DeInit
    bsp_init.o(.text) refers to memseta.o(.text) for __aeabi_memclr
    bsp_init.o(.text) refers to tools.o(.text) for hextostr
    bsp_init.o(.text) refers to strcat.o(.text) for strcat
    bsp_init.o(.text) refers to stm32f4xx_wwdg.o(.text) for WWDG_DeInit
    bsp_init.o(.text) refers to stm32f4xx_iwdg.o(.text) for IWDG_WriteAccessCmd
    bsp_init.o(.text) refers to bsp_init.o(.bss) for .bss
    bsp_usart.o(.text) refers to stm32f4xx_rcc.o(.text) for RCC_APB2PeriphClockCmd
    bsp_usart.o(.text) refers to stm32f4xx_gpio.o(.text) for GPIO_Init
    bsp_usart.o(.text) refers to stm32f4xx_usart.o(.text) for USART_Init
    bsp_usart.o(.text) refers to stm32f4xx_exti.o(.text) for EXTI_Init
    bsp_usart.o(.text) refers to misc.o(.text) for NVIC_Init
    bsp_usart.o(.text) refers to stm32f4xx_syscfg.o(.text) for SYSCFG_EXTILineConfig
    bsp_ltc2402.o(.text) refers to stm32f4xx_rcc.o(.text) for RCC_AHB1PeriphClockCmd
    bsp_ltc2402.o(.text) refers to stm32f4xx_gpio.o(.text) for GPIO_Init
    bsp_ltc2402.o(.text) refers to stm32f4xx_spi.o(.text) for SPI_Init
[...]
    TIM2_IRQHandler                          0x0800194b   Thumb Code     0  startup_stm32f40_41xxx.o(.text)
    TIM5_IRQHandler                          0x0800194b   Thumb Code     0  startup_stm32f40_41xxx.o(.text)
    TIM6_DAC_IRQHandler                      0x0800194b   Thumb Code     0  startup_stm32f40_41xxx.o(.text)
    TIM7_IRQHandler                          0x0800194b   Thumb Code     0  startup_stm32f40_41xxx.o(.text)
    TIM8_BRK_TIM12_IRQHandler                0x0800194b   Thumb Code     0  startup_stm32f40_41xxx.o(.text)
    TIM8_CC_IRQHandler                       0x0800194b   Thumb Code     0  startup_stm32f40_41xxx.o(.text)
    TIM8_TRG_COM_TIM14_IRQHandler            0x0800194b   Thumb Code     0  startup_stm32f40_41xxx.o(.text)
    TIM8_UP_TIM13_IRQHandler                 0x0800194b   Thumb Code     0  startup_stm32f40_41xxx.o(.text)
    UART4_IRQHandler                         0x0800194b   Thumb Code     0  startup_stm32f40_41xxx.o(.text)
    UART5_IRQHandler                         0x0800194b   Thumb Code     0  startup_stm32f40_41xxx.o(.text)
    USART2_IRQHandler                        0x0800194b   Thumb Code     0  startup_stm32f40_41xxx.o(.text)
    USART3_IRQHandler                        0x0800194b   Thumb Code     0  startup_stm32f40_41xxx.o(.text)
    USART6_IRQHandler                        0x0800194b   Thumb Code     0  startup_stm32f40_41xxx.o(.text)
    WWDG_IRQHandler                          0x0800194b   Thumb Code     0  startup_stm32f40_41xxx.o(.text)
    NVIC_PriorityGroupConfig                 0x08001955   Thumb Code    10  misc.o(.text)
    NVIC_Init                                0x0800195f   Thumb Code    92  misc.o(.text)
    NVIC_SetVectorTable                      0x080019bb   Thumb Code    14  misc.o(.text)
    NVIC_SystemLPConfig                      0x080019c9   Thumb Code    20  misc.o(.text)
    SysTick_CLKSourceConfig                  0x080019dd   Thumb Code    24  misc.o(.text)
    CRC_ResetDR                              0x08001a05   Thumb Code     8  stm32f4xx_crc.o(.text)
    CRC_CalcCRC                              0x08001a0d   Thumb Code     8  stm32f4xx_crc.o(.text)
    CRC_CalcBlockCRC                         0x08001a15   Thumb Code    24  stm32f4xx_crc.o(.text)
    CRC_GetCRC                               0x08001a2d   Thumb Code     6  stm32f4xx_crc.o(.text)
    CRC_SetIDRegister                        0x08001a33   Thumb Code     6  stm32f4xx_crc.o(.text)
    CRC_GetIDRegister                        0x08001a39   Thumb Code     6  stm32f4xx_crc.o(.text)
    EXTI_DeInit                              0x08001a45   Thumb Code    28  stm32f4xx_exti.o(.text)
    EXTI_Init                                0x08001a61   Thumb Code   108  stm32f4xx_exti.o(.text)
    EXTI_StructInit                          0x08001acd   Thumb Code    14  stm32f4xx_exti.o(.text)
    EXTI_GenerateSWInterrupt                 0x08001adb   Thumb Code    12  stm32f4xx_exti.o(.text)
    EXTI_GetFlagStatus                       0x08001ae7   Thumb Code    18  stm32f4xx_exti.o(.text)
    EXTI_ClearFlag                           0x08001af9   Thumb Code     8  stm32f4xx_exti.o(.text)
    EXTI_GetITStatus                         0x08001b01   Thumb Code    28  stm32f4xx_exti.o(.text)
    EXTI_ClearITPendingBit                   0x08001b1d   Thumb Code     8  stm32f4xx_exti.o(.text)
    GPIO_DeInit                              0x08001b2d   Thumb Code   192  stm32f4xx_gpio.o(.text)
    GPIO_Init                                0x08001bed   Thumb Code   120  stm32f4xx_gpio.o(.text)
    GPIO_StructInit                          0x08001c65   Thumb Code    18  stm32f4xx_gpio.o(.text)
    GPIO_PinLockConfig                       0x08001c77   Thumb Code    24  stm32f4xx_gpio.o(.text)
    GPIO_ReadInputDataBit                    0x08001c8f   Thumb Code    14  stm32f4xx_gpio.o(.text)
    GPIO_ReadInputData                       0x08001c9d   Thumb Code     6  stm32f4xx_gpio.o(.text)
    GPIO_ReadOutputDataBit                   0x08001ca3   Thumb Code    14  stm32f4xx_gpio.o(.text)
    GPIO_ReadOutputData                      0x08001cb1   Thumb Code     6  stm32f4xx_gpio.o(.text)
    GPIO_SetBits                             0x08001cb7   Thumb Code     4  stm32f4xx_gpio.o(.text)
    GPIO_ResetBits                           0x08001cbb   Thumb Code     4  stm32f4xx_gpio.o(.text)
    GPIO_WriteBit                            0x08001cbf   Thumb Code    10  stm32f4xx_gpio.o(.text)
    GPIO_Write                               0x08001cc9   Thumb Code     4  stm32f4xx_gpio.o(.text)
    GPIO_ToggleBits                          0x08001ccd   Thumb Code     8  stm32f4xx_gpio.o(.text)
    GPIO_PinAFConfig                         0x08001cd5   Thumb Code    32  stm32f4xx_gpio.o(.text)
    RCC_DeInit                               0x08001d19   Thumb Code    48  stm32f4xx_rcc.o(.text)
    RCC_HSEConfig                            0x08001d49   Thumb Code    12  stm32f4xx_rcc.o(.text)
    RCC_GetFlagStatus                        0x08001d55   Thumb Code    46  stm32f4xx_rcc.o(.text)
    RCC_WaitForHSEStartUp                    0x08001d83   Thumb Code    44  stm32f4xx_rcc.o(.text)
    RCC_AdjustHSICalibrationValue            0x08001daf   Thumb Code    16  stm32f4xx_rcc.o(.text)
    RCC_HSICmd                               0x08001dbf   Thumb Code     6  stm32f4xx_rcc.o(.text)
    RCC_LSEConfig                            0x08001dc5   Thumb Code    24  stm32f4xx_rcc.o(.text)
    RCC_LSICmd                               0x08001ddd   Thumb Code     6  stm32f4xx_rcc.o(.text)
    RCC_PLLConfig                            0x08001de3   Thumb Code    32  stm32f4xx_rcc.o(.text)
    RCC_PLLCmd                               0x08001e03   Thumb Code     6  stm32f4xx_rcc.o(.text)
    RCC_PLLI2SConfig                         0x08001e09   Thumb Code    14  stm32f4xx_rcc.o(.text)
    RCC_PLLI2SCmd                            0x08001e17   Thumb Code     6  stm32f4xx_rcc.o(.text)
    RCC_ClockSecuritySystemCmd               0x08001e1d   Thumb Code     6  stm32f4xx_rcc.o(.text)
    RCC_MCO1Config                           0x08001e23   Thumb Code    18  stm32f4xx_rcc.o(.text)
    RCC_MCO2Config                           0x08001e35   Thumb Code    18  stm32f4xx_rcc.o(.text)
    RCC_SYSCLKConfig                         0x08001e47   Thumb Code    16  stm32f4xx_rcc.o(.text)
    RCC_GetSYSCLKSource                      0x08001e57   Thumb Code    12  stm32f4xx_rcc.o(.text)
    RCC_HCLKConfig                           0x08001e63   Thumb Code    16  stm32f4xx_rcc.o(.text)
    RCC_PCLK1Config                          0x08001e73   Thumb Code    16  stm32f4xx_rcc.o(.text)
    RCC_PCLK2Config                          0x08001e83   Thumb Code    18  stm32f4xx_rcc.o(.text)
    RCC_GetClocksFreq                        0x08001e95   Thumb Code   134  stm32f4xx_rcc.o(.text)
    RCC_RTCCLKConfig                         0x08001f1b   Thumb Code    42  stm32f4xx_rcc.o(.text)
    RCC_RTCCLKCmd                            0x08001f45   Thumb Code     8  stm32f4xx_rcc.o(.text)
    RCC_BackupResetCmd                       0x08001f4d   Thumb Code     8  stm32f4xx_rcc.o(.text)
    RCC_I2SCLKConfig                         0x08001f55   Thumb Code     6  stm32f4xx_rcc.o(.text)
    RCC_AHB1PeriphClockCmd                   0x08001f5b   Thumb Code    20  stm32f4xx_rcc.o(.text)
    RCC_AHB2PeriphClockCmd                   0x08001f6f   Thumb Code    20  stm32f4xx_rcc.o(.text)
    RCC_AHB3PeriphClockCmd                   0x08001f83   Thumb Code    20  stm32f4xx_rcc.o(.text)
    RCC_APB1PeriphClockCmd                   0x08001f97   Thumb Code    20  stm32f4xx_rcc.o(.text)
    RCC_APB2PeriphClockCmd                   0x08001fab   Thumb Code    20  stm32f4xx_rcc.o(.text)
    RCC_AHB1PeriphResetCmd                   0x08001fbf   Thumb Code    20  stm32f4xx_rcc.o(.text)
    RCC_AHB2PeriphResetCmd                   0x08001fd3   Thumb Code    20  stm32f4xx_rcc.o(.text)
    RCC_AHB3PeriphResetCmd                   0x08001fe7   Thumb Code    20  stm32f4xx_rcc.o(.text)
    RCC_APB1PeriphResetCmd                   0x08001ffb   Thumb Code    20  stm32f4xx_rcc.o(.text)
    RCC_APB2PeriphResetCmd                   0x0800200f   Thumb Code    20  stm32f4xx_rcc.o(.text)
    RCC_AHB1PeriphClockLPModeCmd             0x08002023   Thumb Code    20  stm32f4xx_rcc.o(.text)
    RCC_AHB2PeriphClockLPModeCmd             0x08002037   Thumb Code    20  stm32f4xx_rcc.o(.text)
    RCC_AHB3PeriphClockLPModeCmd             0x0800204b   Thumb Code    20  stm32f4xx_rcc.o(.text)
    RCC_APB1PeriphClockLPModeCmd             0x0800205f   Thumb Code    20  stm32f4xx_rcc.o(.text)
    RCC_APB2PeriphClockLPModeCmd             0x08002073   Thumb Code    20  stm32f4xx_rcc.o(.text)
    RCC_ITConfig                             0x08002087   Thumb Code    20  stm32f4xx_rcc.o(.text)
    RCC_ClearFlag                            0x0800209b   Thumb Code    14  stm32f4xx_rcc.o(.text)
    RCC_GetITStatus                          0x080020a9   Thumb Code    18  stm32f4xx_rcc.o(.text)
    RCC_ClearITPendingBit                    0x080020bb   Thumb Code     8  stm32f4xx_rcc.o(.text)
    SYSCFG_DeInit                            0x080020ed   Thumb Code    24  stm32f4xx_syscfg.o(.text)
    SYSCFG_MemoryRemapConfig                 0x08002105   Thumb Code     6  stm32f4xx_syscfg.o(.text)
    SYSCFG_EXTILineConfig                    0x0800210b   Thumb Code    36  stm32f4xx_syscfg.o(.text)
    SYSCFG_ETH_MediaInterfaceConfig          0x0800212f   Thumb Code     6  stm32f4xx_syscfg.o(.text)
    SYSCFG_CompensationCellCmd               0x08002135   Thumb Code     6  stm32f4xx_syscfg.o(.text)
    SYSCFG_GetCompensationCellStatus         0x0800213b   Thumb Code    16  stm32f4xx_syscfg.o(.text)
    USART_DeInit                             0x08002159   Thumb Code   114  stm32f4xx_usart.o(.text)
    USART_Init                               0x080021cb   Thumb Code   174  stm32f4xx_usart.o(.text)
    USART_StructInit                         0x08002279   Thumb Code    22  stm32f4xx_usart.o(.text)
    USART_ClockInit                          0x0800228f   Thumb Code    28  stm32f4xx_usart.o(.text)
    USART_ClockStructInit                    0x080022ab   Thumb Code    12  stm32f4xx_usart.o(.text)
    USART_Cmd                                0x080022b7   Thumb Code    20  stm32f4xx_usart.o(.text)
    USART_SetPrescaler                       0x080022cb   Thumb Code    16  stm32f4xx_usart.o(.text)
    USART_OverSampling8Cmd                   0x080022db   Thumb Code    20  stm32f4xx_usart.o(.text)
    USART_OneBitMethodCmd                    0x080022ef   Thumb Code    20  stm32f4xx_usart.o(.text)
    USART_SendData                           0x08002303   Thumb Code     8  stm32f4xx_usart.o(.text)
    USART_ReceiveData                        0x0800230b   Thumb Code     8  stm32f4xx_usart.o(.text)
    USART_SetAddress                         0x08002313   Thumb Code    16  stm32f4xx_usart.o(.text)
    USART_ReceiverWakeUpCmd                  0x08002323   Thumb Code    20  stm32f4xx_usart.o(.text)
    USART_WakeUpConfig                       0x08002337   Thumb Code    16  stm32f4xx_usart.o(.text)
    USART_LINBreakDetectLengthConfig         0x08002347   Thumb Code    16  stm32f4xx_usart.o(.text)
    USART_LINCmd                             0x08002357   Thumb Code    20  stm32f4xx_usart.o(.text)
    USART_SendBreak                          0x0800236b   Thumb Code    10  stm32f4xx_usart.o(.text)
    USART_HalfDuplexCmd                      0x08002375   Thumb Code    20  stm32f4xx_usart.o(.text)
    USART_SetGuardTime                       0x08002389   Thumb Code    16  stm32f4xx_usart.o(.text)
    USART_SmartCardCmd                       0x08002399   Thumb Code    20  stm32f4xx_usart.o(.text)
    USART_SmartCardNACKCmd                   0x080023ad   Thumb Code    20  stm32f4xx_usart.o(.text)
    USART_IrDAConfig                         0x080023c1   Thumb Code    16  stm32f4xx_usart.o(.text)
    USART_IrDACmd                            0x080023d1   Thumb Code    20  stm32f4xx_usart.o(.text)
    USART_DMACmd                             0x080023e5   Thumb Code    16  stm32f4xx_usart.o(.text)
    USART_ITConfig                           0x080023f5   Thumb Code    48  stm32f4xx_usart.o(.text)
    USART_GetFlagStatus                      0x08002425   Thumb Code    14  stm32f4xx_usart.o(.text)
    USART_ClearFlag                          0x08002433   Thumb Code     6  stm32f4xx_usart.o(.text)
    USART_GetITStatus                        0x08002439   Thumb Code    62  stm32f4xx_usart.o(.text)
    USART_ClearITPendingBit                  0x08002477   Thumb Code    12  stm32f4xx_usart.o(.text)
    TIM_DeInit                               0x0800249d   Thumb Code   284  stm32f4xx_tim.o(.text)
    TIM_TimeBaseInit                         0x080025b9   Thumb Code    96  stm32f4xx_tim.o(.text)
    TIM_TimeBaseStructInit                   0x08002619   Thumb Code    18  stm32f4xx_tim.o(.text)
    TIM_PrescalerConfig                      0x0800262b   Thumb Code     6  stm32f4xx_tim.o(.text)
    TIM_CounterModeConfig                    0x08002631   Thumb Code    12  stm32f4xx_tim.o(.text)
    TIM_SetCounter                           0x0800263d   Thumb Code     4  stm32f4xx_tim.o(.text)
    TIM_SetAutoreload                        0x08002641   Thumb Code     4  stm32f4xx_tim.o(.text)
    TIM_GetCounter                           0x08002645   Thumb Code     4  stm32f4xx_tim.o(.text)
    TIM_GetPrescaler                         0x08002649   Thumb Code     4  stm32f4xx_tim.o(.text)
    TIM_UpdateDisableConfig                  0x0800264d   Thumb Code    20  stm32f4xx_tim.o(.text)
    TIM_UpdateRequestConfig                  0x08002661   Thumb Code    20  stm32f4xx_tim.o(.text)
    TIM_ARRPreloadConfig                     0x08002675   Thumb Code    20  stm32f4xx_tim.o(.text)
    TIM_SelectOnePulseMode                   0x08002689   Thumb Code    16  stm32f4xx_tim.o(.text)
    TIM_SetClockDivision                     0x08002699   Thumb Code    16  stm32f4xx_tim.o(.text)
    TIM_Cmd                                  0x080026a9   Thumb Code    20  stm32f4xx_tim.o(.text)
    TIM_OC1Init                              0x080026bd   Thumb Code    88  stm32f4xx_tim.o(.text)
    TIM_OC2Init                              0x08002715   Thumb Code   120  stm32f4xx_tim.o(.text)
    TIM_OC3Init                              0x0800278d   Thumb Code   116  stm32f4xx_tim.o(.text)
    TIM_OC4Init                              0x08002801   Thumb Code    88  stm32f4xx_tim.o(.text)
    TIM_OCStructInit                         0x08002859   Thumb Code    20  stm32f4xx_tim.o(.text)
    TIM_SelectOCxM                           0x0800286d   Thumb Code   130  stm32f4xx_tim.o(.text)
    TIM_SetCompare1                          0x080028ef   Thumb Code     4  stm32f4xx_tim.o(.text)
    TIM_SetCompare2                          0x080028f3   Thumb Code     4  stm32f4xx_tim.o(.text)
    TIM_SetCompare3                          0x080028f7   Thumb Code     4  stm32f4xx_tim.o(.text)
    TIM_SetCompare4                          0x080028fb   Thumb Code     4  stm32f4xx_tim.o(.text)
    TIM_ForcedOC1Config                      0x080028ff   Thumb Code    12  stm32f4xx_tim.o(.text)
    TIM_ForcedOC2Config                      0x0800290b   Thumb Code    20  stm32f4xx_tim.o(.text)
    TIM_ForcedOC3Config                      0x0800291f   Thumb Code    12  stm32f4xx_tim.o(.text)
    TIM_ForcedOC4Config                      0x0800292b   Thumb Code    20  stm32f4xx_tim.o(.text)
    TIM_OC1PreloadConfig                     0x0800293f   Thumb Code    12  stm32f4xx_tim.o(.text)
    TIM_OC2PreloadConfig                     0x0800294b   Thumb Code    20  stm32f4xx_tim.o(.text)
    TIM_OC3PreloadConfig                     0x0800295f   Thumb Code    12  stm32f4xx_tim.o(.text)
    TIM_OC4PreloadConfig                     0x0800296b   Thumb Code    20  stm32f4xx_tim.o(.text)
    TIM_OC1FastConfig                        0x0800297f   Thumb Code    12  stm32f4xx_tim.o(.text)
    TIM_OC2FastConfig                        0x0800298b   Thumb Code    20  stm32f4xx_tim.o(.text)
    TIM_OC3FastConfig                        0x0800299f   Thumb Code    12  stm32f4xx_tim.o(.text)
    TIM_OC4FastConfig                        0x080029ab   Thumb Code    20  stm32f4xx_tim.o(.text)
    TIM_ClearOC1Ref                          0x080029bf   Thumb Code    12  stm32f4xx_tim.o(.text)
    TIM_ClearOC2Ref                          0x080029cb   Thumb Code    20  stm32f4xx_tim.o(.text)
    TIM_ClearOC3Ref                          0x080029df   Thumb Code    12  stm32f4xx_tim.o(.text)
    TIM_ClearOC4Ref                          0x080029eb   Thumb Code    20  stm32f4xx_tim.o(.text)
    TIM_OC1PolarityConfig                    0x080029ff   Thumb Code    12  stm32f4xx_tim.o(.text)
    TIM_OC1NPolarityConfig                   0x08002a0b   Thumb Code    12  stm32f4xx_tim.o(.text)
    TIM_OC2PolarityConfig                    0x08002a17   Thumb Code    20  stm32f4xx_tim.o(.text)
    TIM_OC2NPolarityConfig                   0x08002a2b   Thumb Code    20  stm32f4xx_tim.o(.text)
    TIM_OC3PolarityConfig                    0x08002a3f   Thumb Code    20  stm32f4xx_tim.o(.text)
    TIM_OC3NPolarityConfig                   0x08002a53   Thumb Code    20  stm32f4xx_tim.o(.text)
    TIM_OC4PolarityConfig                    0x08002a67   Thumb Code    20  stm32f4xx_tim.o(.text)
    TIM_CCxCmd                               0x08002a7b   Thumb Code    22  stm32f4xx_tim.o(.text)
    TIM_CCxNCmd                              0x08002a91   Thumb Code    22  stm32f4xx_tim.o(.text)
    TIM_SetIC4Prescaler                      0x08002aa7   Thumb Code    24  stm32f4xx_tim.o(.text)
    TIM_SetIC3Prescaler                      0x08002abf   Thumb Code    16  stm32f4xx_tim.o(.text)
    TIM_SetIC2Prescaler                      0x08002acf   Thumb Code    24  stm32f4xx_tim.o(.text)
    TIM_SetIC1Prescaler                      0x08002b1d   Thumb Code    16  stm32f4xx_tim.o(.text)
    TIM_ICInit                               0x08002b2d   Thumb Code   164  stm32f4xx_tim.o(.text)
    TIM_ICStructInit                         0x08002bd1   Thumb Code    16  stm32f4xx_tim.o(.text)
    TIM_PWMIConfig                           0x08002be1   Thumb Code   104  stm32f4xx_tim.o(.text)
    TIM_GetCapture1                          0x08002c49   Thumb Code     4  stm32f4xx_tim.o(.text)
    TIM_GetCapture2                          0x08002c4d   Thumb Code     4  stm32f4xx_tim.o(.text)
    TIM_GetCapture3                          0x08002c51   Thumb Code     4  stm32f4xx_tim.o(.text)
    TIM_GetCapture4                          0x08002c55   Thumb Code     4  stm32f4xx_tim.o(.text)
    TIM_BDTRConfig                           0x08002c59   Thumb Code    34  stm32f4xx_tim.o(.text)
    TIM_BDTRStructInit                       0x08002c7b   Thumb Code    18  stm32f4xx_tim.o(.text)
    TIM_CtrlPWMOutputs                       0x08002c8d   Thumb Code    22  stm32f4xx_tim.o(.text)
    TIM_SelectCOM                            0x08002ca3   Thumb Code    20  stm32f4xx_tim.o(.text)
    TIM_CCPreloadControl                     0x08002cb7   Thumb Code    20  stm32f4xx_tim.o(.text)
    TIM_ITConfig                             0x08002ccb   Thumb Code    16  stm32f4xx_tim.o(.text)
    TIM_GenerateEvent                        0x08002cdb   Thumb Code     4  stm32f4xx_tim.o(.text)
    TIM_GetFlagStatus                        0x08002cdf   Thumb Code    14  stm32f4xx_tim.o(.text)
    TIM_ClearFlag                            0x08002ced   Thumb Code     6  stm32f4xx_tim.o(.text)
    TIM_GetITStatus                          0x08002cf3   Thumb Code    24  stm32f4xx_tim.o(.text)
    TIM_ClearITPendingBit                    0x08002d0b   Thumb Code     6  stm32f4xx_tim.o(.text)
    TIM_DMAConfig                            0x08002d11   Thumb Code     8  stm32f4xx_tim.o(.text)
    TIM_DMACmd                               0x08002d19   Thumb Code    16  stm32f4xx_tim.o(.text)
    TIM_SelectCCDMA                          0x08002d29   Thumb Code    20  stm32f4xx_tim.o(.text)
    TIM_InternalClockConfig                  0x08002d3d   Thumb Code    10  stm32f4xx_tim.o(.text)
    TIM_SelectInputTrigger                   0x08002d47   Thumb Code    12  stm32f4xx_tim.o(.text)
    TIM_ITRxExternalClockConfig              0x08002d53   Thumb Code    18  stm32f4xx_tim.o(.text)
    TIM_TIxExternalClockConfig               0x08002d65   Thumb Code    46  stm32f4xx_tim.o(.text)
    TIM_ETRConfig                            0x08002d93   Thumb Code    24  stm32f4xx_tim.o(.text)
    TIM_ETRClockMode1Config                  0x08002dab   Thumb Code    18  stm32f4xx_tim.o(.text)
    TIM_ETRClockMode2Config                  0x08002dbd   Thumb Code    18  stm32f4xx_tim.o(.text)
    TIM_SelectOutputTrigger                  0x08002dcf   Thumb Code    16  stm32f4xx_tim.o(.text)
    TIM_SelectSlaveMode                      0x08002ddf   Thumb Code    16  stm32f4xx_tim.o(.text)
    TIM_SelectMasterSlaveMode                0x08002def   Thumb Code    16  stm32f4xx_tim.o(.text)
    TIM_EncoderInterfaceConfig               0x08002dff   Thumb Code    50  stm32f4xx_tim.o(.text)
    TIM_SelectHallSensor                     0x08002e31   Thumb Code    20  stm32f4xx_tim.o(.text)
    TIM_RemapConfig                          0x08002e45   Thumb Code     6  stm32f4xx_tim.o(.text)
    SPI_I2S_DeInit                           0x08002e79   Thumb Code    72  stm32f4xx_spi.o(.text)
    SPI_Init                                 0x08002ec1   Thumb Code    56  stm32f4xx_spi.o(.text)
    I2S_Init                                 0x08002ef9   Thumb Code   188  stm32f4xx_spi.o(.text)
    SPI_StructInit                           0x08002fb5   Thumb Code    24  stm32f4xx_spi.o(.text)
    I2S_StructInit                           0x08002fcd   Thumb Code    18  stm32f4xx_spi.o(.text)
    SPI_Cmd                                  0x08002fdf   Thumb Code    20  stm32f4xx_spi.o(.text)
    I2S_Cmd                                  0x08002ff3   Thumb Code    20  stm32f4xx_spi.o(.text)
    SPI_DataSizeConfig                       0x08003007   Thumb Code    16  stm32f4xx_spi.o(.text)
    SPI_BiDirectionalLineConfig              0x08003017   Thumb Code    22  stm32f4xx_spi.o(.text)
    SPI_NSSInternalSoftwareConfig            0x0800302d   Thumb Code    24  stm32f4xx_spi.o(.text)
    SPI_SSOutputCmd                          0x08003045   Thumb Code    20  stm32f4xx_spi.o(.text)
    SPI_TIModeCmd                            0x08003059   Thumb Code    20  stm32f4xx_spi.o(.text)
    I2S_FullDuplexConfig                     0x0800306d   Thumb Code    58  stm32f4xx_spi.o(.text)
    SPI_I2S_ReceiveData                      0x080030a7   Thumb Code     4  stm32f4xx_spi.o(.text)
    SPI_I2S_SendData                         0x080030ab   Thumb Code     4  stm32f4xx_spi.o(.text)
    SPI_CalculateCRC                         0x080030af   Thumb Code    20  stm32f4xx_spi.o(.text)
    SPI_TransmitCRC                          0x080030c3   Thumb Code    10  stm32f4xx_spi.o(.text)
    SPI_GetCRC                               0x080030cd   Thumb Code    12  stm32f4xx_spi.o(.text)
    SPI_GetCRCPolynomial                     0x080030d9   Thumb Code     4  stm32f4xx_spi.o(.text)
    SPI_I2S_DMACmd                           0x080030dd   Thumb Code    16  stm32f4xx_spi.o(.text)
    SPI_I2S_ITConfig                         0x080030ed   Thumb Code    24  stm32f4xx_spi.o(.text)
    SPI_I2S_GetFlagStatus                    0x08003105   Thumb Code    14  stm32f4xx_spi.o(.text)
    SPI_I2S_ClearFlag                        0x08003113   Thumb Code     6  stm32f4xx_spi.o(.text)
    SPI_I2S_GetITStatus                      0x08003119   Thumb Code    44  stm32f4xx_spi.o(.text)
    SPI_I2S_ClearITPendingBit                0x08003145   Thumb Code    14  stm32f4xx_spi.o(.text)
    RTC_WaitForSynchro                       0x08003169   Thumb Code    70  stm32f4xx_rtc.o(.text)
    RTC_EnterInitMode                        0x080031af   Thumb Code    58  stm32f4xx_rtc.o(.text)
    RTC_DeInit                               0x080031e9   Thumb Code   142  stm32f4xx_rtc.o(.text)
    RTC_ExitInitMode                         0x08003277   Thumb Code    14  stm32f4xx_rtc.o(.text)
    RTC_Init                                 0x08003285   Thumb Code    74  stm32f4xx_rtc.o(.text)
    RTC_StructInit                           0x080032cf   Thumb Code    14  stm32f4xx_rtc.o(.text)
    RTC_WriteProtectionCmd                   0x080032dd   Thumb Code    18  stm32f4xx_rtc.o(.text)
    RTC_RefClockCmd                          0x080032ef   Thumb Code    56  stm32f4xx_rtc.o(.text)
    RTC_BypassShadowCmd                      0x08003327   Thumb Code    38  stm32f4xx_rtc.o(.text)
    RTC_SetTime                              0x0800334d   Thumb Code   138  stm32f4xx_rtc.o(.text)
    RTC_TimeStructInit                       0x080033d7   Thumb Code    12  stm32f4xx_rtc.o(.text)
    RTC_GetTime                              0x080033e3   Thumb Code    70  stm32f4xx_rtc.o(.text)
    RTC_GetSubSecond                         0x08003429   Thumb Code    14  stm32f4xx_rtc.o(.text)
    RTC_SetDate                              0x08003437   Thumb Code   136  stm32f4xx_rtc.o(.text)
    RTC_DateStructInit                       0x080034bf   Thumb Code    14  stm32f4xx_rtc.o(.text)
    RTC_GetDate                              0x080034cd   Thumb Code    66  stm32f4xx_rtc.o(.text)
    RTC_SetAlarm                             0x0800350f   Thumb Code   184  stm32f4xx_rtc.o(.text)
    RTC_AlarmStructInit                      0x080035c7   Thumb Code    20  stm32f4xx_rtc.o(.text)
    RTC_GetAlarm                             0x080035db   Thumb Code   104  stm32f4xx_rtc.o(.text)
    RTC_AlarmCmd                             0x08003643   Thumb Code    78  stm32f4xx_rtc.o(.text)
    RTC_AlarmSubSecondConfig                 0x08003691   Thumb Code    38  stm32f4xx_rtc.o(.text)
    RTC_GetAlarmSubSecond                    0x080036b7   Thumb Code    24  stm32f4xx_rtc.o(.text)
    RTC_WakeUpClockConfig                    0x080036cf   Thumb Code    34  stm32f4xx_rtc.o(.text)
    RTC_SetWakeUpCounter                     0x080036f1   Thumb Code    22  stm32f4xx_rtc.o(.text)
    RTC_GetWakeUpCounter                     0x08003707   Thumb Code    10  stm32f4xx_rtc.o(.text)
    RTC_WakeUpCmd                            0x08003711   Thumb Code    84  stm32f4xx_rtc.o(.text)
    RTC_DayLightSavingConfig                 0x08003765   Thumb Code    38  stm32f4xx_rtc.o(.text)
    RTC_GetStoreOperation                    0x0800378b   Thumb Code    12  stm32f4xx_rtc.o(.text)
    RTC_OutputConfig                         0x08003797   Thumb Code    38  stm32f4xx_rtc.o(.text)
    RTC_CoarseCalibConfig                    0x080037bd   Thumb Code    46  stm32f4xx_rtc.o(.text)
    RTC_CoarseCalibCmd                       0x080037eb   Thumb Code    56  stm32f4xx_rtc.o(.text)
    RTC_CalibOutputCmd                       0x08003823   Thumb Code    38  stm32f4xx_rtc.o(.text)
    RTC_CalibOutputConfig                    0x08003849   Thumb Code    34  stm32f4xx_rtc.o(.text)
    RTC_SmoothCalibConfig                    0x0800386b   Thumb Code    72  stm32f4xx_rtc.o(.text)
    RTC_TimeStampCmd                         0x080038b3   Thumb Code    42  stm32f4xx_rtc.o(.text)
    RTC_GetTimeStamp                         0x080038dd   Thumb Code   130  stm32f4xx_rtc.o(.text)
    RTC_GetTimeStampSubSecond                0x0800395f   Thumb Code     8  stm32f4xx_rtc.o(.text)
    RTC_TamperTriggerConfig                  0x08003967   Thumb Code    24  stm32f4xx_rtc.o(.text)
    RTC_TamperCmd                            0x0800397f   Thumb Code    28  stm32f4xx_rtc.o(.text)
    RTC_TamperFilterConfig                   0x0800399b   Thumb Code    18  stm32f4xx_rtc.o(.text)
    RTC_TamperSamplingFreqConfig             0x080039ad   Thumb Code    18  stm32f4xx_rtc.o(.text)
    RTC_TamperPinsPrechargeDuration          0x080039bf   Thumb Code    18  stm32f4xx_rtc.o(.text)
    RTC_TimeStampOnTamperDetectionCmd        0x080039d1   Thumb Code    22  stm32f4xx_rtc.o(.text)
    RTC_TamperPullUpCmd                      0x080039e7   Thumb Code    22  stm32f4xx_rtc.o(.text)
    RTC_WriteBackupRegister                  0x080039fd   Thumb Code    16  stm32f4xx_rtc.o(.text)
    RTC_ReadBackupRegister                   0x08003a0d   Thumb Code    16  stm32f4xx_rtc.o(.text)
    RTC_TamperPinSelection                   0x08003a1d   Thumb Code    18  stm32f4xx_rtc.o(.text)
    RTC_TimeStampPinSelection                0x08003a2f   Thumb Code    18  stm32f4xx_rtc.o(.text)
    RTC_OutputTypeConfig                     0x08003a41   Thumb Code    18  stm32f4xx_rtc.o(.text)
    RTC_SynchroShiftConfig                   0x08003a53   Thumb Code    86  stm32f4xx_rtc.o(.text)
    RTC_ITConfig                             0x08003aa9   Thumb Code    60  stm32f4xx_rtc.o(.text)
    RTC_GetFlagStatus                        0x08003ae5   Thumb Code    24  stm32f4xx_rtc.o(.text)
    RTC_ClearFlag                            0x08003afd   Thumb Code    24  stm32f4xx_rtc.o(.text)
    RTC_GetITStatus                          0x08003b15   Thumb Code    46  stm32f4xx_rtc.o(.text)
    RTC_ClearITPendingBit                    0x08003b43   Thumb Code    24  stm32f4xx_rtc.o(.text)
    PWR_DeInit                               0x08003b8d   Thumb Code    24  stm32f4xx_pwr.o(.text)
    PWR_BackupAccessCmd                      0x08003ba5   Thumb Code     6  stm32f4xx_pwr.o(.text)
    PWR_PVDLevelConfig                       0x08003bab   Thumb Code    14  stm32f4xx_pwr.o(.text)
    PWR_PVDCmd                               0x08003bb9   Thumb Code     6  stm32f4xx_pwr.o(.text)
    PWR_WakeUpPinCmd                         0x08003bbf   Thumb Code     8  stm32f4xx_pwr.o(.text)
    PWR_BackupRegulatorCmd                   0x08003bc7   Thumb Code     8  stm32f4xx_pwr.o(.text)
    PWR_MainRegulatorModeConfig              0x08003bcf   Thumb Code    22  stm32f4xx_pwr.o(.text)
    PWR_FlashPowerDownCmd                    0x08003be5   Thumb Code     6  stm32f4xx_pwr.o(.text)
    PWR_EnterSTOPMode                        0x08003beb   Thumb Code    42  stm32f4xx_pwr.o(.text)
    PWR_EnterSTANDBYMode                     0x08003c15   Thumb Code    32  stm32f4xx_pwr.o(.text)
    PWR_GetFlagStatus                        0x08003c35   Thumb Code    16  stm32f4xx_pwr.o(.text)
    PWR_ClearFlag                            0x08003c45   Thumb Code    12  stm32f4xx_pwr.o(.text)
    WWDG_DeInit                              0x08003c5d   Thumb Code    24  stm32f4xx_wwdg.o(.text)
    WWDG_SetPrescaler                        0x08003c75   Thumb Code    14  stm32f4xx_wwdg.o(.text)
    WWDG_SetWindowValue                      0x08003c83   Thumb Code    22  stm32f4xx_wwdg.o(.text)
    WWDG_EnableIT                            0x08003c99   Thumb Code     8  stm32f4xx_wwdg.o(.text)
    WWDG_SetCounter                          0x08003ca1   Thumb Code    12  stm32f4xx_wwdg.o(.text)
    WWDG_Enable                              0x08003cad   Thumb Code    12  stm32f4xx_wwdg.o(.text)
    WWDG_GetFlagStatus                       0x08003cb9   Thumb Code    16  stm32f4xx_wwdg.o(.text)
    WWDG_ClearFlag                           0x08003cc9   Thumb Code    10  stm32f4xx_wwdg.o(.text)
    IWDG_WriteAccessCmd                      0x08003cdd   Thumb Code     6  stm32f4xx_iwdg.o(.text)
    IWDG_SetPrescaler                        0x08003ce3   Thumb Code     6  stm32f4xx_iwdg.o(.text)
    IWDG_SetReload                           0x08003ce9   Thumb Code     6  stm32f4xx_iwdg.o(.text)
    IWDG_ReloadCounter                       0x08003cef   Thumb Code    10  stm32f4xx_iwdg.o(.text)
    IWDG_Enable                              0x08003cf9   Thumb Code    10  stm32f4xx_iwdg.o(.text)
    IWDG_GetFlagStatus                       0x08003d03   Thumb Code    16  stm32f4xx_iwdg.o(.text)
    CPU_IntDis                               0x08003d19   Thumb Code     0  cpu_a.o(.text)
    CPU_IntEn                                0x08003d1d   Thumb Code     0  cpu_a.o(.text)
    CPU_SR_Save                              0x08003d21   Thumb Code     0  cpu_a.o(.text)
    CPU_SR_Restore                           0x08003d29   Thumb Code     0  cpu_a.o(.text)
    CPU_WaitForInt                           0x08003d2f   Thumb Code     0  cpu_a.o(.text)
    CPU_WaitForExcept                        0x08003d33   Thumb Code     0  cpu_a.o(.text)
    CPU_CntLeadZeros                         0x08003d37   Thumb Code     0  cpu_a.o(.text)
    CPU_CntTrailZeros                        0x08003d3d   Thumb Code     0  cpu_a.o(.text)
    CPU_RevBits                              0x08003d47   Thumb Code     0  cpu_a.o(.text)
    CPU_NameClr                              0x08003d4d   Thumb Code    26  cpu_core.o(.text)
    CPU_Init                                 0x08003d67   Thumb Code    18  cpu_core.o(.text)
    CPU_SW_Exception                         0x08003d79   Thumb Code     2  cpu_core.o(.text)
    CPU_NameGet                              0x08003d7b   Thumb Code    46  cpu_core.o(.text)
    CPU_NameSet                              0x08003da9   Thumb Code    62  cpu_core.o(.text)
    CPU_TS_Get32                             0x08003de7   Thumb Code     4  cpu_core.o(.text)
    CPU_TS_Update                            0x08003deb   Thumb Code     2  cpu_core.o(.text)
    CPU_TS_TmrFreqGet                        0x08003ded   Thumb Code    24  cpu_core.o(.text)
    CPU_TS_TmrFreqSet                        0x08003e05   Thumb Code     6  cpu_core.o(.text)
    CPU_CntLeadZeros08                       0x08003e0b   Thumb Code    10  cpu_core.o(.text)
    CPU_CntLeadZeros16                       0x08003e15   Thumb Code    10  cpu_core.o(.text)
    CPU_CntLeadZeros32                       0x08003e1f   Thumb Code     4  cpu_core.o(.text)
    CPU_CntLeadZeros64                       0x08003e23   Thumb Code   156  cpu_core.o(.text)
    CPU_CntTrailZeros08                      0x08003ebf   Thumb Code    10  cpu_core.o(.text)
    CPU_CntTrailZeros16                      0x08003ec9   Thumb Code    10  cpu_core.o(.text)
    CPU_CntTrailZeros32                      0x08003ed3   Thumb Code    10  cpu_core.o(.text)
    CPU_CntTrailZeros64                      0x08003edd   Thumb Code    36  cpu_core.o(.text)
    OSIdleTaskHook                           0x08003f0d   Thumb Code    12  os_cpu_c.o(.text)
    OSInitHook                               0x08003f19   Thumb Code    22  os_cpu_c.o(.text)
    OSStatTaskHook                           0x08003f2f   Thumb Code    12  os_cpu_c.o(.text)
    OSTaskCreateHook                         0x08003f3b   Thumb Code    12  os_cpu_c.o(.text)
    OSTaskDelHook                            0x08003f47   Thumb Code    12  os_cpu_c.o(.text)
    OSTaskReturnHook                         0x08003f53   Thumb Code    12  os_cpu_c.o(.text)
    OSTaskStkInit                            0x08003f5f   Thumb Code    96  os_cpu_c.o(.text)
    OSTaskSwHook                             0x08003fbf   Thumb Code    46  os_cpu_c.o(.text)
    OSTimeTickHook                           0x08003fed   Thumb Code    12  os_cpu_c.o(.text)
    OS_CPU_SysTickHandler                    0x08003ff9   Thumb Code    30  os_cpu_c.o(.text)
    OS_CPU_SysTickInit                       0x08004017   Thumb Code    36  os_cpu_c.o(.text)
    OSCfg_Init                               0x08004079   Thumb Code     2  os_cfg_app.o(.text)
    OS_IdleTask                              0x0800407d   Thumb Code    30  os_core.o(.text)
    OS_IdleTaskInit                          0x0800409b   Thumb Code    62  os_core.o(.text)
    OS_RdyListInit                           0x080040d9   Thumb Code    30  os_core.o(.text)
    OSInit                                   0x080040f7   Thumb Code   254  os_core.o(.text)
    OSIntEnter                               0x080041f5   Thumb Code    22  os_core.o(.text)
    OSIntExit                                0x0800420b   Thumb Code   100  os_core.o(.text)
    OSSched                                  0x0800426f   Thumb Code    86  os_core.o(.text)
    OSSchedLock                              0x080042c5   Thumb Code    64  os_core.o(.text)
    OSSchedUnlock                            0x08004305   Thumb Code    82  os_core.o(.text)
    OSSchedRoundRobinCfg                     0x08004357   Thumb Code    60  os_core.o(.text)
    OS_RdyListMoveHeadToTail                 0x08004393   Thumb Code    52  os_core.o(.text)
    OSSchedRoundRobinYield                   0x080043c7   Thumb Code   114  os_core.o(.text)
    OSStart                                  0x08004439   Thumb Code   202  os_core.o(.text)
    OSVersion                                0x08004503   Thumb Code    10  os_core.o(.text)
    OS_PendDbgNameAdd                        0x0800450d   Thumb Code    46  os_core.o(.text)
    OS_PendListInsertPrio                    0x0800453b   Thumb Code    90  os_core.o(.text)
    OS_PendDataInit                          0x08004595   Thumb Code    38  os_core.o(.text)
    OS_RdyListRemove                         0x080045bb   Thumb Code    78  os_core.o(.text)
    OS_TaskBlock                             0x08004609   Thumb Code    42  os_core.o(.text)
    OS_Pend                                  0x08004633   Thumb Code    72  os_core.o(.text)
    OS_PendListRemove1                       0x0800467b   Thumb Code    54  os_core.o(.text)
    OS_PendListRemove                        0x080046b1   Thumb Code    38  os_core.o(.text)
    OS_PendAbort1                            0x080046d7   Thumb Code    32  os_core.o(.text)
    OS_RdyListInsertHead                     0x080046f7   Thumb Code    52  os_core.o(.text)
    OS_RdyListInsertTail                     0x0800472b   Thumb Code    48  os_core.o(.text)
    OS_RdyListInsert                         0x0800475b   Thumb Code    38  os_core.o(.text)
    OS_TaskRdy                               0x08004781   Thumb Code    26  os_core.o(.text)
    OS_PendAbort                             0x0800479b   Thumb Code   128  os_core.o(.text)
    OS_PendDbgNameRemove                     0x0800481b   Thumb Code    22  os_core.o(.text)
    OS_PendListChangePrio                    0x08004831   Thumb Code    50  os_core.o(.text)
    OS_PendListInit                          0x08004863   Thumb Code    10  os_core.o(.text)
    OS_PendListInsertHead                    0x0800486d   Thumb Code    32  os_core.o(.text)
    OS_PendObjDel1                           0x0800488d   Thumb Code    32  os_core.o(.text)
    OS_PendObjDel                            0x080048ad   Thumb Code   156  os_core.o(.text)
    OS_Post1                                 0x08004949   Thumb Code    38  os_core.o(.text)
    OS_Post                                  0x0800496f   Thumb Code   154  os_core.o(.text)
    OS_SchedRoundRobin                       0x08004a09   Thumb Code    80  os_core.o(.text)
    OS_Dbg_Init                              0x08004a69   Thumb Code     2  os_dbg.o(.text)
    OS_FlagDbgListAdd                        0x08004a6d   Thumb Code    26  os_flag.o(.text)
    OSFlagCreate                             0x08004a87   Thumb Code    86  os_flag.o(.text)
    OS_FlagClr                               0x08004add   Thumb Code    18  os_flag.o(.text)
    OS_FlagDbgListRemove                     0x08004aef   Thumb Code    36  os_flag.o(.text)
    OSFlagDel                                0x08004b13   Thumb Code   222  os_flag.o(.text)
    OS_FlagBlock                             0x08004bf1   Thumb Code    28  os_flag.o(.text)
    OSFlagPend                               0x08004c0d   Thumb Code   534  os_flag.o(.text)
    OSFlagPendAbort                          0x08004e23   Thumb Code   212  os_flag.o(.text)
    OSFlagPendGetFlagsRdy                    0x08004ef7   Thumb Code    44  os_flag.o(.text)
    OS_FlagTaskRdy                           0x08004f23   Thumb Code    64  os_flag.o(.text)
    OS_FlagPost                              0x08004f63   Thumb Code   240  os_flag.o(.text)
    OSFlagPost                               0x08005053   Thumb Code    82  os_flag.o(.text)
    OS_FlagInit                              0x080050a5   Thumb Code    14  os_flag.o(.text)
    OS_MemDbgListAdd                         0x080050c9   Thumb Code    22  os_mem.o(.text)
    OSMemCreate                              0x080050df   Thumb Code   158  os_mem.o(.text)
    OSMemGet                                 0x0800517d   Thumb Code    60  os_mem.o(.text)
    OSMemPut                                 0x080051b9   Thumb Code    70  os_mem.o(.text)
    OS_MemInit                               0x080051ff   Thumb Code    14  os_mem.o(.text)
    OS_MsgPoolInit                           0x0800521d   Thumb Code    92  os_msg.o(.text)
    OS_MsgQFreeAll                           0x08005279   Thumb Code    48  os_msg.o(.text)
    OS_MsgQInit                              0x080052a9   Thumb Code    14  os_msg.o(.text)
    OS_MsgQGet                               0x080052b7   Thumb Code    82  os_msg.o(.text)
    OS_MsgQPut                               0x08005309   Thumb Code   132  os_msg.o(.text)
    OS_MutexDbgListAdd                       0x08005399   Thumb Code    26  os_mutex.o(.text)
    OSMutexCreate                            0x080053b3   Thumb Code    94  os_mutex.o(.text)
    OS_MutexClr                              0x08005411   Thumb Code    30  os_mutex.o(.text)
    OS_MutexDbgListRemove                    0x0800542f   Thumb Code    36  os_mutex.o(.text)
    OSMutexDel                               0x08005453   Thumb Code   304  os_mutex.o(.text)
    OSMutexPend                              0x08005583   Thumb Code   398  os_mutex.o(.text)
    OSMutexPendAbort                         0x08005711   Thumb Code   212  os_mutex.o(.text)
    OSMutexPost                              0x080057e5   Thumb Code   272  os_mutex.o(.text)
    OS_MutexInit                             0x080058f5   Thumb Code    14  os_mutex.o(.text)
    OS_PrioInit                              0x0800591d   Thumb Code    18  os_prio.o(.text)
    OS_PrioGetHighest                        0x0800592f   Thumb Code    32  os_prio.o(.text)
    OS_PrioInsert                            0x0800594f   Thumb Code    28  os_prio.o(.text)
    OS_PrioRemove                            0x0800596b   Thumb Code    28  os_prio.o(.text)
    OS_QDbgListAdd                           0x0800598d   Thumb Code    26  os_q.o(.text)
    OSQCreate                                0x080059a7   Thumb Code   100  os_q.o(.text)
    OS_QClr                                  0x08005a0b   Thumb Code    40  os_q.o(.text)
    OS_QDbgListRemove                        0x08005a33   Thumb Code    36  os_q.o(.text)
    OSQDel                                   0x08005a57   Thumb Code   222  os_q.o(.text)
    OSQFlush                                 0x08005b35   Thumb Code    76  os_q.o(.text)
    OSQPend                                  0x08005b81   Thumb Code   316  os_q.o(.text)
    OSQPendAbort                             0x08005cbd   Thumb Code   170  os_q.o(.text)
    OS_QPost                                 0x08005d67   Thumb Code   166  os_q.o(.text)
    OSQPost                                  0x08005e0d   Thumb Code   116  os_q.o(.text)
    OS_QInit                                 0x08005e81   Thumb Code    14  os_q.o(.text)
    OS_SemDbgListAdd                         0x08005e9d   Thumb Code    26  os_sem.o(.text)
    OSSemCreate                              0x08005eb7   Thumb Code    86  os_sem.o(.text)
    OS_SemClr                                0x08005f0d   Thumb Code    20  os_sem.o(.text)
    OS_SemDbgListRemove                      0x08005f21   Thumb Code    36  os_sem.o(.text)
    OSSemDel                                 0x08005f45   Thumb Code   222  os_sem.o(.text)
    OSSemPend                                0x08006023   Thumb Code   290  os_sem.o(.text)
    OSSemPendAbort                           0x08006145   Thumb Code   170  os_sem.o(.text)
    OS_SemPost                               0x080061ef   Thumb Code   132  os_sem.o(.text)
    OSSemPost                                0x08006273   Thumb Code   120  os_sem.o(.text)
    OSSemSet                                 0x080062eb   Thumb Code    78  os_sem.o(.text)
    OS_SemInit                               0x08006339   Thumb Code    14  os_sem.o(.text)
    OSStatReset                              0x08006359   Thumb Code   126  os_stat.o(.text)
    OSStatTaskCPUUsageInit                   0x080063d7   Thumb Code    98  os_stat.o(.text)
    OS_StatTask                              0x08006439   Thumb Code   444  os_stat.o(.text)
    OS_StatTaskInit                          0x080065f5   Thumb Code   120  os_stat.o(.text)
    OSTaskChangePrio                         0x080066e1   Thumb Code   178  os_task.o(.text)
    OS_TaskDbgListAdd                        0x08006793   Thumb Code    30  os_task.o(.text)
    OS_TaskInitTCB                           0x080067b1   Thumb Code   162  os_task.o(.text)
    OSTaskCreate                             0x08006853   Thumb Code   334  os_task.o(.text)
    OS_TaskDbgListRemove                     0x080069a1   Thumb Code    52  os_task.o(.text)
    OSTaskDel                                0x080069d5   Thumb Code   192  os_task.o(.text)
    OSTaskQFlush                             0x08006a95   Thumb Code   112  os_task.o(.text)
    OSTaskQPend                              0x08006b05   Thumb Code   306  os_task.o(.text)
    OSTaskQPendAbort                         0x08006c37   Thumb Code   126  os_task.o(.text)
    OS_TaskQPost                             0x08006cb5   Thumb Code   138  os_task.o(.text)
    OSTaskQPost                              0x08006d3f   Thumb Code    66  os_task.o(.text)
    OSTaskRegGet                             0x08006d81   Thumb Code    42  os_task.o(.text)
    OSTaskRegGetID                           0x08006dab   Thumb Code    42  os_task.o(.text)
    OSTaskRegSet                             0x08006dd5   Thumb Code    40  os_task.o(.text)
    OS_TaskResume                            0x08006dfd   Thumb Code   168  os_task.o(.text)
    OSTaskResume                             0x08006ea5   Thumb Code    60  os_task.o(.text)
    OSTaskSemPend                            0x08006ee1   Thumb Code   290  os_task.o(.text)
    OSTaskSemPendAbort                       0x08007003   Thumb Code   130  os_task.o(.text)
    OS_TaskSemPost                           0x08007085   Thumb Code   148  os_task.o(.text)
    OSTaskSemPost                            0x08007119   Thumb Code    44  os_task.o(.text)
    OSTaskSemSet                             0x08007145   Thumb Code    52  os_task.o(.text)
    OSTaskStkChk                             0x08007179   Thumb Code   136  os_task.o(.text)
    OS_TaskSuspend                           0x08007201   Thumb Code   144  os_task.o(.text)
    OSTaskSuspend                            0x08007291   Thumb Code    28  os_task.o(.text)
    OSTaskTimeQuantaSet                      0x080072ad   Thumb Code    68  os_task.o(.text)
    OS_TaskInit                              0x080072f1   Thumb Code    52  os_task.o(.text)
    OS_TaskReturn                            0x08007325   Thumb Code    20  os_task.o(.text)
    OS_TickListRemove                        0x0800733d   Thumb Code    54  os_tick.o(.text)
    OS_TickListUpdate                        0x08007373   Thumb Code   266  os_tick.o(.text)
    OS_TickTask                              0x0800747d   Thumb Code    36  os_tick.o(.text)
    OS_TickListInit                          0x080074a1   Thumb Code    34  os_tick.o(.text)
    OS_TickTaskInit                          0x080074c3   Thumb Code   114  os_tick.o(.text)
    OS_TickListInsert                        0x08007535   Thumb Code   202  os_tick.o(.text)
    OS_TickListResetPeak                     0x080075ff   Thumb Code    30  os_tick.o(.text)
    OSTimeDly                                0x0800765d   Thumb Code   128  os_time.o(.text)
    OSTimeDlyHMSM                            0x080076dd   Thumb Code   268  os_time.o(.text)
    OSTimeDlyResume                          0x080077e9   Thumb Code   152  os_time.o(.text)
    OSTimeGet                                0x08007881   Thumb Code    24  os_time.o(.text)
    OSTimeSet                                0x08007899   Thumb Code    24  os_time.o(.text)
    OSTimeTick                               0x080078b1   Thumb Code    36  os_time.o(.text)
    ASCII_IsAlpha                            0x080078f5   Thumb Code    22  lib_ascii.o(.text)
    ASCII_IsAlphaNum                         0x0800790b   Thumb Code    28  lib_ascii.o(.text)
    ASCII_IsLower                            0x08007927   Thumb Code    14  lib_ascii.o(.text)
    ASCII_IsUpper                            0x08007935   Thumb Code    14  lib_ascii.o(.text)
    ASCII_IsDig                              0x08007943   Thumb Code    14  lib_ascii.o(.text)
    ASCII_IsDigOct                           0x08007951   Thumb Code    14  lib_ascii.o(.text)
    ASCII_IsDigHex                           0x0800795f   Thumb Code    28  lib_ascii.o(.text)
    ASCII_IsBlank                            0x0800797b   Thumb Code    16  lib_ascii.o(.text)
    ASCII_IsSpace                            0x0800798b   Thumb Code    32  lib_ascii.o(.text)
    ASCII_IsPrint                            0x080079ab   Thumb Code    14  lib_ascii.o(.text)
    ASCII_IsGraph                            0x080079b9   Thumb Code    14  lib_ascii.o(.text)
    ASCII_IsPunct                            0x080079c7   Thumb Code    58  lib_ascii.o(.text)
    ASCII_IsCtrl                             0x08007a01   Thumb Code    22  lib_ascii.o(.text)
    ASCII_ToLower                            0x08007a17   Thumb Code    14  lib_ascii.o(.text)
    ASCII_ToUpper                            0x08007a25   Thumb Code    14  lib_ascii.o(.text)
    ASCII_Cmp                                0x08007a33   Thumb Code    28  lib_ascii.o(.text)
    Mem_Init                                 0x08007a51   Thumb Code    54  lib_mem.o(.text)
    Mem_Set                                  0x08007a87   Thumb Code    70  lib_mem.o(.text)
    Mem_Clr                                  0x08007acd   Thumb Code     6  lib_mem.o(.text)
    Mem_Move                                 0x08007ad3   Thumb Code   132  lib_mem.o(.text)
    Mem_Cmp                                  0x08007b57   Thumb Code   128  lib_mem.o(.text)
    Mem_HeapAlloc                            0x08007c77   Thumb Code   164  lib_mem.o(.text)
    Mem_SegGetSizeRem                        0x08007d1b   Thumb Code   114  lib_mem.o(.text)
    Mem_HeapGetSizeRem                       0x08007d8d   Thumb Code     8  lib_mem.o(.text)
    Mem_PoolClr                              0x08007d95   Thumb Code    68  lib_mem.o(.text)
    Mem_PoolCreate                           0x08007dd9   Thumb Code   722  lib_mem.o(.text)
    Mem_PoolBlkGetNbrAvail                   0x080080ab   Thumb Code    64  lib_mem.o(.text)
    Mem_PoolBlkGet                           0x080080eb   Thumb Code   126  lib_mem.o(.text)
    Mem_PoolBlkGetUsedAtIx                   0x08008169   Thumb Code   102  lib_mem.o(.text)
    Mem_PoolBlkFree                          0x08008215   Thumb Code   208  lib_mem.o(.text)
    Mem_PoolBlkIxGet                         0x080082e5   Thumb Code   186  lib_mem.o(.text)
    Mem_Copy                                 0x080083a5   Thumb Code     0  lib_mem_a.o(.text)
    Str_Len_N                                0x080085c5   Thumb Code    22  lib_str.o(.text)
    Str_Len                                  0x080085db   Thumb Code     6  lib_str.o(.text)
    Str_Copy_N                               0x080085e1   Thumb Code    48  lib_str.o(.text)
    Str_Copy                                 0x08008611   Thumb Code     6  lib_str.o(.text)
    Str_Cat_N                                0x08008617   Thumb Code    58  lib_str.o(.text)
    Str_Cat                                  0x08008651   Thumb Code     6  lib_str.o(.text)
    Str_Cmp_N                                0x08008657   Thumb Code    86  lib_str.o(.text)
    Str_Cmp                                  0x080086ad   Thumb Code     6  lib_str.o(.text)
    Str_CmpIgnoreCase_N                      0x080086b3   Thumb Code   146  lib_str.o(.text)
    Str_CmpIgnoreCase                        0x08008745   Thumb Code     6  lib_str.o(.text)
    Str_Char_N                               0x0800874b   Thumb Code    46  lib_str.o(.text)
    Str_Char                                 0x08008779   Thumb Code     8  lib_str.o(.text)
    Str_Char_Last_N                          0x08008781   Thumb Code    44  lib_str.o(.text)
    Str_Char_Last                            0x080087ad   Thumb Code     8  lib_str.o(.text)
    Str_Char_Replace_N                       0x080087b5   Thumb Code    42  lib_str.o(.text)
    Str_Char_Replace                         0x080087df   Thumb Code     6  lib_str.o(.text)
    Str_Str_N                                0x080087e5   Thumb Code   120  lib_str.o(.text)
    Str_Str                                  0x0800885d   Thumb Code     6  lib_str.o(.text)
    Str_FmtNbr_Int32U                        0x080089b3   Thumb Code    24  lib_str.o(.text)
    Str_FmtNbr_Int32S                        0x080089cb   Thumb Code    40  lib_str.o(.text)
    Str_ParseNbr_Int32U                      0x08008b27   Thumb Code    12  lib_str.o(.text)
    Str_ParseNbr_Int32S                      0x08008b33   Thumb Code    42  lib_str.o(.text)
    __aeabi_uldivmod                         0x08008b61   Thumb Code    98  uldiv.o(.text)
    __aeabi_memset                           0x08008bc3   Thumb Code    14  memseta.o(.text)
    __aeabi_memset4                          0x08008bc3   Thumb Code     0  memseta.o(.text)
    __aeabi_memset8                          0x08008bc3   Thumb Code     0  memseta.o(.text)
    __aeabi_memclr                           0x08008bd1   Thumb Code     4  memseta.o(.text)
    __aeabi_memclr4                          0x08008bd1   Thumb Code     0  memseta.o(.text)
    __aeabi_memclr8                          0x08008bd1   Thumb Code     0  memseta.o(.text)
    _memset$wrapper                          0x08008bd5   Thumb Code    18  memseta.o(.text)
    strcat                                   0x08008be7   Thumb Code    24  strcat.o(.text)
    __aeabi_dadd                             0x08008bff   Thumb Code   322  dadd.o(.text)
    __aeabi_dsub                             0x08008d41   Thumb Code     6  dadd.o(.text)
    __aeabi_drsub                            0x08008d47   Thumb Code     6  dadd.o(.text)
    __aeabi_dmul                             0x08008d4d   Thumb Code   228  dmul.o(.text)
    __aeabi_ddiv                             0x08008e31   Thumb Code   222  ddiv.o(.text)
    __ARM_scalbn                             0x08008f0f   Thumb Code    46  dscalb.o(.text)
    scalbn                                   0x08008f0f   Thumb Code     0  dscalb.o(.text)
    __aeabi_ui2d                             0x08008f3d   Thumb Code    26  dfltui.o(.text)
    __aeabi_cdcmpeq                          0x08008f59   Thumb Code     0  cdcmple.o(.text)
    __aeabi_cdcmple                          0x08008f59   Thumb Code    38  cdcmple.o(.text)
    __aeabi_cdrcmple                         0x08008f81   Thumb Code    38  cdrcmple.o(.text)
    __aeabi_uidiv                            0x08008fa9   Thumb Code     0  uidiv.o(.text)
    __aeabi_uidivmod                         0x08008fa9   Thumb Code    44  uidiv.o(.text)
    __aeabi_llsl                             0x08008fd5   Thumb Code    30  llshl.o(.text)
    _ll_shift_l                              0x08008fd5   Thumb Code     0  llshl.o(.text)
    __aeabi_llsr                             0x08008ff3   Thumb Code    32  llushr.o(.text)
    _ll_ushift_r                             0x08008ff3   Thumb Code     0  llushr.o(.text)
    __aeabi_lasr                             0x08009013   Thumb Code    36  llsshr.o(.text)
    _ll_sshift_r                             0x08009013   Thumb Code     0  llsshr.o(.text)
    __I$use$fp                               0x08009037   Thumb Code     0  iusefp.o(.text)
    _double_round                            0x08009037   Thumb Code    26  depilogue.o(.text)
    _double_epilogue                         0x08009051   Thumb Code   164  depilogue.o(.text)
    _dsqrt                                   0x080090f5   Thumb Code   162  dsqrt.o(.text)
    __aeabi_i2d                              0x08009197   Thumb Code    34  dflti.o(.text)
    __aeabi_d2ulz                            0x080091b9   Thumb Code    48  dfixul.o(.text)
    __scatterload                            0x080091e9   Thumb Code    28  init.o(.text)
    __scatterload_rt2                        0x080091e9   Thumb Code     0  init.o(.text)
    OSStartHighRdy                           0x0800920d   Thumb Code     0  os_cpu_a.o(CODE)
    OSCtxSw                                  0x0800922f   Thumb Code     0  os_cpu_a.o(CODE)
    OSIntCtxSw                               0x08009239   Thumb Code     0  os_cpu_a.o(CODE)
    OS_CPU_PendSVHandler                     0x08009243   Thumb Code     0  os_cpu_a.o(CODE)
    __0printf                                0x080092a5   Thumb Code    22  printfa.o(i.__0printf)
    __1printf                                0x080092a5   Thumb Code     0  printfa.o(i.__0printf)
    __2printf                                0x080092a5   Thumb Code     0  printfa.o(i.__0printf)
    __c89printf                              0x080092a5   Thumb Code     0  printfa.o(i.__0printf)
    printf                                   0x080092a5   Thumb Code     0  printfa.o(i.__0printf)
    __0sprintf                               0x080092c5   Thumb Code    34  printfa.o(i.__0sprintf)
    __1sprintf                               0x080092c5   Thumb Code     0  printfa.o(i.__0sprintf)
    __2sprintf                               0x080092c5   Thumb Code     0  printfa.o(i.__0sprintf)
    __c89sprintf                             0x080092c5   Thumb Code     0  printfa.o(i.__0sprintf)
    sprintf                                  0x080092c5   Thumb Code     0  printfa.o(i.__0sprintf)
    __kernel_poly                            0x080092ed   Thumb Code   170  poly.o(i.__kernel_poly)
    __scatterload_copy                       0x08009397   Thumb Code    14  handlers.o(i.__scatterload_copy)
    __scatterload_null                       0x080093a5   Thumb Code     2  handlers.o(i.__scatterload_null)
    __scatterload_zeroinit                   0x080093a7   Thumb Code    14  handlers.o(i.__scatterload_zeroinit)
    __set_errno                              0x080093b5   Thumb Code     6  errno.o(i.__set_errno)
    log                                      0x08009c6d   Thumb Code   822  log.o(i.log)
    sqrt                                     0x08009fdd   Thumb Code    76  sqrt.o(i.sqrt)
    OSCfg_IdleTaskStkBasePtr                 0x0800a2fc   Data           4  os_cfg_app.o(.constdata)
    OSCfg_IdleTaskStkLimit                   0x0800a300   Data           4  os_cfg_app.o(.constdata)
    OSCfg_IdleTaskStkSize                    0x0800a304   Data           4  os_cfg_app.o(.constdata)
    OSCfg_ISRStkBasePtr                      0x0800a308   Data           4  os_cfg_app.o(.constdata)
    OSCfg_ISRStkSize                         0x0800a30c   Data           4  os_cfg_app.o(.constdata)
    OSCfg_MsgPoolSize                        0x0800a310   Data           2  os_cfg_app.o(.constdata)
    OSCfg_MsgPoolBasePtr                     0x0800a314   Data           4  os_cfg_app.o(.constdata)
    OSCfg_StatTaskPrio                       0x0800a318   Data           1  os_cfg_app.o(.constdata)
    OSCfg_StatTaskRate_Hz                    0x0800a31c   Data           4  os_cfg_app.o(.constdata)
    OSCfg_StatTaskStkBasePtr                 0x0800a320   Data           4  os_cfg_app.o(.constdata)
    OSCfg_StatTaskStkLimit                   0x0800a324   Data           4  os_cfg_app.o(.constdata)
    OSCfg_StatTaskStkSize                    0x0800a328   Data           4  os_cfg_app.o(.constdata)
    OSCfg_StkSizeMin                         0x0800a32c   Data           4  os_cfg_app.o(.constdata)
    OSCfg_TickRate_Hz                        0x0800a330   Data           4  os_cfg_app.o(.constdata)
    OSCfg_TickTaskPrio                       0x0800a334   Data           1  os_cfg_app.o(.constdata)
    OSCfg_TickTaskStkBasePtr                 0x0800a338   Data           4  os_cfg_app.o(.constdata)
    OSCfg_TickTaskStkLimit                   0x0800a33c   Data           4  os_cfg_app.o(.constdata)
    OSCfg_TickTaskStkSize                    0x0800a340   Data           4  os_cfg_app.o(.constdata)
    OSCfg_TickWheelSize                      0x0800a344   Data           2  os_cfg_app.o(.constdata)
    __mathlib_zero                           0x0800a418   Data           8  qnan.o(.constdata)
    Region$$Table$$Base                      0x0800a420   Number         0  anon$$obj.o(Region$$Table)
    Region$$Table$$Limit                     0x0800a440   Number         0  anon$$obj.o(Region$$Table)
    PulseNUM                                 0x20000000   Data           1  freqmeasurement.o(.data)
    measureflag                              0x20000008   Data           1  stm32f4xx_it.o(.data)
    PulseNumFlag                             0x20000009   Data           1  stm32f4xx_it.o(.data)
    RecivNum                                 0x2000000a   Data           1  stm32f4xx_it.o(.data)
    IsCMDflag                                0x2000000b   Data           1  stm32f4xx_it.o(.data)
    UploadFlag                               0x2000000c   Data           1  stm32f4xx_it.o(.data)
    CountTimes                               0x20000010   Data           4  stm32f4xx_it.o(.data)
    OnFreq                                   0x20000018   Data           8  stm32f4xx_it.o(.data)
    SystemCoreClock                          0x20000020   Data           4  system_stm32f4xx.o(.data)
    AHBPrescTable                            0x20000024   Data          16  system_stm32f4xx.o(.data)
    CPU_TS_TmrFreq_Hz                        0x20000044   Data           4  cpu_core.o(.data)
    OS_CPU_ExceptStkBase                     0x20000048   Data           4  os_cpu_c.o(.data)
    OSPrioTbl                                0x2000004c   Data           8  os_prio.o(.data)
    OS_AppTaskCreateHookPtr                  0x20000054   Data           4  os_var.o(.data)
    OS_AppTaskDelHookPtr                     0x20000058   Data           4  os_var.o(.data)
    OS_AppTaskReturnHookPtr                  0x2000005c   Data           4  os_var.o(.data)
    OS_AppIdleTaskHookPtr                    0x20000060   Data           4  os_var.o(.data)
    OS_AppStatTaskHookPtr                    0x20000064   Data           4  os_var.o(.data)
    OS_AppTaskSwHookPtr                      0x20000068   Data           4  os_var.o(.data)
    OS_AppTimeTickHookPtr                    0x2000006c   Data           4  os_var.o(.data)
    OSIdleTaskCtr                            0x20000070   Data           4  os_var.o(.data)
    OSIntNestingCtr                          0x20000074   Data           1  os_var.o(.data)
    OSRunning                                0x20000075   Data           1  os_var.o(.data)
    OSFlagDbgListPtr                         0x20000078   Data           4  os_var.o(.data)
    OSFlagQty                                0x2000007c   Data           2  os_var.o(.data)
    OSMemDbgListPtr                          0x20000080   Data           4  os_var.o(.data)
    OSMemQty                                 0x20000084   Data           2  os_var.o(.data)
    OSMutexDbgListPtr                        0x20000088   Data           4  os_var.o(.data)
    OSMutexQty                               0x2000008c   Data           2  os_var.o(.data)
    OSPrioCur                                0x2000008e   Data           1  os_var.o(.data)
    OSPrioHighRdy                            0x2000008f   Data           1  os_var.o(.data)
    OSPrioSaved                              0x20000090   Data           1  os_var.o(.data)
    OSQDbgListPtr                            0x20000094   Data           4  os_var.o(.data)
    OSQQty                                   0x20000098   Data           2  os_var.o(.data)
    OSSchedLockNestingCtr                    0x2000009a   Data           1  os_var.o(.data)
    OSSchedRoundRobinDfltTimeQuanta          0x2000009c   Data           4  os_var.o(.data)
    OSSchedRoundRobinEn                      0x200000a0   Data           1  os_var.o(.data)
    OSSemDbgListPtr                          0x200000a4   Data           4  os_var.o(.data)
    OSSemQty                                 0x200000a8   Data           2  os_var.o(.data)
    OSStatResetFlag                          0x200000aa   Data           1  os_var.o(.data)
    OSStatTaskCPUUsage                       0x200000ac   Data           2  os_var.o(.data)
    OSStatTaskCPUUsageMax                    0x200000ae   Data           2  os_var.o(.data)
    OSStatTaskCtr                            0x200000b0   Data           4  os_var.o(.data)
    OSStatTaskCtrMax                         0x200000b4   Data           4  os_var.o(.data)
    OSStatTaskCtrRun                         0x200000b8   Data           4  os_var.o(.data)
    OSStatTaskRdy                            0x200000bc   Data           1  os_var.o(.data)
    OSStatTaskTimeMax                        0x200000c0   Data           4  os_var.o(.data)
    OSTaskCtxSwCtr                           0x200000c4   Data           4  os_var.o(.data)
    OSTaskDbgListPtr                         0x200000c8   Data           4  os_var.o(.data)
    OSTaskQty                                0x200000cc   Data           2  os_var.o(.data)
    OSTaskRegNextAvailID                     0x200000ce   Data           1  os_var.o(.data)
    OSTickCtr                                0x200000d0   Data           4  os_var.o(.data)
    OSTickTaskTimeMax                        0x200000d4   Data           4  os_var.o(.data)
    OSTCBCurPtr                              0x200000d8   Data           4  os_var.o(.data)
    OSTCBHighRdyPtr                          0x200000dc   Data           4  os_var.o(.data)
    Mem_PoolTbl                              0x200000e0   Data           4  lib_mem.o(.data)
    __stdout                                 0x200000e4   Data           4  stdout.o(.data)
    DevID                                    0x20002f8c   Data          12  bsp_init.o(.bss)
    Reciv                                    0x20002f98   Data          20  stm32f4xx_it.o(.bss)
    CPU_Name                                 0x20002fac   Data          16  cpu_core.o(.bss)
    OSCfg_IdleTaskStk                        0x20002fbc   Data         512  os_cfg_app.o(.bss)
    OSCfg_ISRStk                             0x200031bc   Data        1024  os_cfg_app.o(.bss)
    OSCfg_MsgPool                            0x200035bc   Data        1600  os_cfg_app.o(.bss)
    OSCfg_StatTaskStk                        0x20003bfc   Data         512  os_cfg_app.o(.bss)
    OSCfg_TickTaskStk                        0x20003dfc   Data         512  os_cfg_app.o(.bss)
    OSCfg_TickWheel                          0x20003ffc   Data         128  os_cfg_app.o(.bss)
    OSIdleTaskTCB                            0x2000407c   Data         192  os_var.o(.bss)
    OSMsgPool                                0x2000413c   Data          12  os_var.o(.bss)
    OSRdyList                                0x20004148   Data         768  os_var.o(.bss)
    OSStatTaskTCB                            0x20004448   Data         192  os_var.o(.bss)
    OSTickTaskTCB                            0x20004508   Data         192  os_var.o(.bss)
    Mem_PoolHeap                             0x200045c8   Data          72  lib_mem.o(.bss)
    Mem_Heap                                 0x20004610   Data       23552  lib_mem.o(.bss)
    __initial_sp                             0x2000e210   Data           0  startup_stm32f40_41xxx.o(STACK)



==============================================================================

Memory Map of the image

  Image Entry point : 0x08000189

  Load Region LR_IROM1 (Base: 0x08000000, Size: 0x0000a52c, Max: 0x00100000, ABSOLUTE)

    Execution Region ER_IROM1 (Base: 0x08000000, Size: 0x0000a440, Max: 0x00100000, ABSOLUTE)

    Base Addr    Size         Type   Attr      Idx    E Section Name        Object

    0x08000000   0x00000188   Data   RO          528    RESET               startup_stm32f40_41xxx.o
    0x08000188   0x00000000   Code   RO         1275  * .ARM.Collect$$$$00000000  mc_w.l(entry.o)
    0x08000188   0x00000004   Code   RO         1562    .ARM.Collect$$$$00000001  mc_w.l(entry2.o)
    0x0800018c   0x00000004   Code   RO         1565    .ARM.Collect$$$$00000004  mc_w.l(entry5.o)
    0x08000190   0x00000000   Code   RO         1567    .ARM.Collect$$$$00000008  mc_w.l(entry7b.o)
    0x08000190   0x00000000   Code   RO         1569    .ARM.Collect$$$$0000000A  mc_w.l(entry8b.o)
    0x08000190   0x00000008   Code   RO         1570    .ARM.Collect$$$$0000000B  mc_w.l(entry9a.o)
    0x08000198   0x00000000   Code   RO         1572    .ARM.Collect$$$$0000000D  mc_w.l(entry10a.o)
    0x08000198   0x00000000   Code   RO         1574    .ARM.Collect$$$$0000000F  mc_w.l(entry11a.o)
    0x08000198   0x00000004   Code   RO         1563    .ARM.Collect$$$$00002712  mc_w.l(entry2.o)
    0x0800019c   0x000000b0   Code   RO            3    .text               bsp.o
    0x0800024c   0x00000064   Code   RO          191    .text               main.o
    0x080002b0   0x00000278   Code   RO          228    .text               app.o
    0x08000528   0x000006e0   Code   RO          256    .text               freqmeasurement.o
    0x08000c08   0x00000180   Code   RO          279    .text               tools.o
    0x08000d88   0x00000104   Code   RO          300    .text               bsp_init.o
    0x08000e8c   0x00000190   Code   RO          323    .text               bsp_usart.o
    0x0800101c   0x00000374   Code   RO          347    .text               bsp_ltc2402.o
    0x08001390   0x00000100   Code   RO          389    .text               bsp_rtc.o
    0x08001490   0x00000154   Code   RO          418    .text               bsp_io_control.o
    0x080015e4   0x000001dc   Code   RO          438    .text               stm32f4xx_it.o
    0x080017c0   0x00000170   Code   RO          502    .text               system_stm32f4xx.o
    0x08001930   0x00000024   Code   RO          529    .text               startup_stm32f40_41xxx.o
    0x08001954   0x000000b0   Code   RO          535    .text               misc.o
    0x08001a04   0x00000040   Code   RO          555    .text               stm32f4xx_crc.o
    0x08001a44   0x000000e8   Code   RO          575    .text               stm32f4xx_exti.o
    0x08001b2c   0x000001ec   Code   RO          595    .text               stm32f4xx_gpio.o
    0x08001d18   0x000003d4   Code   RO          615    .text               stm32f4xx_rcc.o
    0x080020ec   0x0000006c   Code   RO          637    .text               stm32f4xx_syscfg.o
    0x08002158   0x00000344   Code   RO          657    .text               stm32f4xx_usart.o
    0x0800249c   0x000009dc   Code   RO          677    .text               stm32f4xx_tim.o
    0x08002e78   0x000002f0   Code   RO          698    .text               stm32f4xx_spi.o
    0x08003168   0x00000a24   Code   RO          718    .text               stm32f4xx_rtc.o
    0x08003b8c   0x000000d0   Code   RO          739    .text               stm32f4xx_pwr.o
    0x08003c5c   0x00000080   Code   RO          759    .text               stm32f4xx_wwdg.o
    0x08003cdc   0x0000003c   Code   RO          779    .text               stm32f4xx_iwdg.o
    0x08003d18   0x00000034   Code   RO          797    .text               cpu_a.o
    0x08003d4c   0x000001c0   Code   RO          812    .text               cpu_core.o
    0x08003f0c   0x0000016c   Code   RO          836    .text               os_cpu_c.o
    0x08004078   0x00000002   Code   RO          854    .text               os_cfg_app.o
    0x0800407a   0x00000002   PAD
    0x0800407c   0x000009ec   Code   RO          922    .text               os_core.o
    0x08004a68   0x00000002   Code   RO          935    .text               os_dbg.o
    0x08004a6a   0x00000002   PAD
    0x08004a6c   0x0000065c   Code   RO          955    .text               os_flag.o
    0x080050c8   0x00000154   Code   RO          974    .text               os_mem.o
    0x0800521c   0x0000017c   Code   RO          986    .text               os_msg.o
    0x08005398   0x00000584   Code   RO          998    .text               os_mutex.o
    0x0800591c   0x00000070   Code   RO         1023    .text               os_prio.o
    0x0800598c   0x00000510   Code   RO         1042    .text               os_q.o
    0x08005e9c   0x000004bc   Code   RO         1055    .text               os_sem.o
    0x08006358   0x00000388   Code   RO         1068    .text               os_stat.o
    0x080066e0   0x00000c5c   Code   RO         1080    .text               os_task.o
    0x0800733c   0x00000320   Code   RO         1092    .text               os_tick.o
    0x0800765c   0x00000298   Code   RO         1105    .text               os_time.o
    0x080078f4   0x0000015a   Code   RO         1182    .text               lib_ascii.o
    0x08007a4e   0x00000002   PAD
    0x08007a50   0x00000954   Code   RO         1217    .text               lib_mem.o
    0x080083a4   0x00000220   Code   RO         1236    .text               lib_mem_a.o
    0x080085c4   0x0000059c   Code   RO         1239    .text               lib_str.o
    0x08008b60   0x00000062   Code   RO         1278    .text               mc_w.l(uldiv.o)
    0x08008bc2   0x00000024   Code   RO         1280    .text               mc_w.l(memseta.o)
    0x08008be6   0x00000018   Code   RO         1282    .text               mc_w.l(strcat.o)
    0x08008bfe   0x0000014e   Code   RO         1545    .text               mf_w.l(dadd.o)
    0x08008d4c   0x000000e4   Code   RO         1547    .text               mf_w.l(dmul.o)
    0x08008e30   0x000000de   Code   RO         1549    .text               mf_w.l(ddiv.o)
    0x08008f0e   0x0000002e   Code   RO         1551    .text               mf_w.l(dscalb.o)
    0x08008f3c   0x0000001a   Code   RO         1553    .text               mf_w.l(dfltui.o)
    0x08008f56   0x00000002   PAD
    0x08008f58   0x00000028   Code   RO         1555    .text               mf_w.l(cdcmple.o)
    0x08008f80   0x00000028   Code   RO         1557    .text               mf_w.l(cdrcmple.o)
    0x08008fa8   0x0000002c   Code   RO         1577    .text               mc_w.l(uidiv.o)
    0x08008fd4   0x0000001e   Code   RO         1579    .text               mc_w.l(llshl.o)
    0x08008ff2   0x00000020   Code   RO         1581    .text               mc_w.l(llushr.o)
    0x08009012   0x00000024   Code   RO         1583    .text               mc_w.l(llsshr.o)
    0x08009036   0x00000000   Code   RO         1592    .text               mc_w.l(iusefp.o)
    0x08009036   0x000000be   Code   RO         1593    .text               mf_w.l(depilogue.o)
    0x080090f4   0x000000a2   Code   RO         1595    .text               mf_w.l(dsqrt.o)
    0x08009196   0x00000022   Code   RO         1597    .text               mf_w.l(dflti.o)
    0x080091b8   0x00000030   Code   RO         1599    .text               mf_w.l(dfixul.o)
    0x080091e8   0x00000024   Code   RO         1601    .text               mc_w.l(init.o)
    0x0800920c   0x00000098   Code   RO          833    CODE                os_cpu_a.o
    0x080092a4   0x00000020   Code   RO         1517    i.__0printf         mc_w.l(printfa.o)
    0x080092c4   0x00000028   Code   RO         1519    i.__0sprintf        mc_w.l(printfa.o)
    0x080092ec   0x000000aa   Code   RO         1559    i.__kernel_poly     m_ws.l(poly.o)
    0x08009396   0x0000000e   Code   RO         1605    i.__scatterload_copy  mc_w.l(handlers.o)
    0x080093a4   0x00000002   Code   RO         1606    i.__scatterload_null  mc_w.l(handlers.o)
    0x080093a6   0x0000000e   Code   RO         1607    i.__scatterload_zeroinit  mc_w.l(handlers.o)
    0x080093b4   0x0000000c   Code   RO         1587    i.__set_errno       mc_w.l(errno.o)
    0x080093c0   0x0000015c   Code   RO         1524    i._fp_digits        mc_w.l(printfa.o)
    0x0800951c   0x000006f0   Code   RO         1525    i._printf_core      mc_w.l(printfa.o)
    0x08009c0c   0x00000026   Code   RO         1526    i._printf_post_padding  mc_w.l(printfa.o)
    0x08009c32   0x00000030   Code   RO         1527    i._printf_pre_padding  mc_w.l(printfa.o)
    0x08009c62   0x0000000a   Code   RO         1529    i._sputc            mc_w.l(printfa.o)
    0x08009c6c   0x00000370   Code   RO         1258    i.log               m_ws.l(log.o)
    0x08009fdc   0x0000004c   Code   RO         1268    i.sqrt              m_ws.l(sqrt.o)
    0x0800a028   0x000001d4   Data   RO          231    .constdata          app.o
    0x0800a1fc   0x00000100   Data   RO          814    .constdata          cpu_core.o
    0x0800a2fc   0x00000004   Data   RO          861    .constdata          os_cfg_app.o
    0x0800a300   0x00000004   Data   RO          862    .constdata          os_cfg_app.o
    0x0800a304   0x00000004   Data   RO          863    .constdata          os_cfg_app.o
    0x0800a308   0x00000004   Data   RO          872    .constdata          os_cfg_app.o
    0x0800a30c   0x00000004   Data   RO          873    .constdata          os_cfg_app.o
    0x0800a310   0x00000002   Data   RO          875    .constdata          os_cfg_app.o
    0x0800a312   0x00000002   PAD
    0x0800a314   0x00000004   Data   RO          877    .constdata          os_cfg_app.o
    0x0800a318   0x00000001   Data   RO          878    .constdata          os_cfg_app.o
    0x0800a319   0x00000003   PAD
    0x0800a31c   0x00000004   Data   RO          879    .constdata          os_cfg_app.o
    0x0800a320   0x00000004   Data   RO          880    .constdata          os_cfg_app.o
    0x0800a324   0x00000004   Data   RO          881    .constdata          os_cfg_app.o
    0x0800a328   0x00000004   Data   RO          882    .constdata          os_cfg_app.o
    0x0800a32c   0x00000004   Data   RO          884    .constdata          os_cfg_app.o
    0x0800a330   0x00000004   Data   RO          885    .constdata          os_cfg_app.o
    0x0800a334   0x00000001   Data   RO          886    .constdata          os_cfg_app.o
    0x0800a335   0x00000003   PAD
    0x0800a338   0x00000004   Data   RO          887    .constdata          os_cfg_app.o
    0x0800a33c   0x00000004   Data   RO          888    .constdata          os_cfg_app.o
    0x0800a340   0x00000004   Data   RO          889    .constdata          os_cfg_app.o
    0x0800a344   0x00000002   Data   RO          891    .constdata          os_cfg_app.o
    0x0800a346   0x00000002   PAD
    0x0800a348   0x00000094   Data   RO         1240    .constdata          lib_str.o
    0x0800a3dc   0x00000004   PAD
    0x0800a3e0   0x00000038   Data   RO         1259    .constdata          m_ws.l(log.o)
    0x0800a418   0x00000008   Data   RO         1561    .constdata          m_ws.l(qnan.o)
    0x0800a420   0x00000020   Data   RO         1603    Region$$Table       anon$$obj.o


    Execution Region RW_IRAM1 (Base: 0x20000000, Size: 0x0000e210, Max: 0x00020000, ABSOLUTE)

    Base Addr    Size         Type   Attr      Idx    E Section Name        Object

    0x20000000   0x00000001   Data   RW          257    .data               freqmeasurement.o
    0x20000001   0x00000007   PAD
    0x20000008   0x00000018   Data   RW          440    .data               stm32f4xx_it.o
    0x20000020   0x00000014   Data   RW          503    .data               system_stm32f4xx.o
    0x20000034   0x00000010   Data   RW          616    .data               stm32f4xx_rcc.o
    0x20000044   0x00000004   Data   RW          815    .data               cpu_core.o
    0x20000048   0x00000004   Data   RW          837    .data               os_cpu_c.o
    0x2000004c   0x00000008   Data   RW         1024    .data               os_prio.o
    0x20000054   0x00000004   Data   RW         1128    .data               os_var.o
    0x20000058   0x00000004   Data   RW         1129    .data               os_var.o
    0x2000005c   0x00000004   Data   RW         1130    .data               os_var.o
    0x20000060   0x00000004   Data   RW         1131    .data               os_var.o
    0x20000064   0x00000004   Data   RW         1132    .data               os_var.o
    0x20000068   0x00000004   Data   RW         1133    .data               os_var.o
    0x2000006c   0x00000004   Data   RW         1134    .data               os_var.o
    0x20000070   0x00000004   Data   RW         1135    .data               os_var.o
    0x20000074   0x00000001   Data   RW         1136    .data               os_var.o
    0x20000075   0x00000001   Data   RW         1137    .data               os_var.o
    0x20000076   0x00000002   PAD
    0x20000078   0x00000004   Data   RW         1138    .data               os_var.o
    0x2000007c   0x00000002   Data   RW         1139    .data               os_var.o
    0x2000007e   0x00000002   PAD
    0x20000080   0x00000004   Data   RW         1140    .data               os_var.o
    0x20000084   0x00000002   Data   RW         1141    .data               os_var.o
    0x20000086   0x00000002   PAD
    0x20000088   0x00000004   Data   RW         1142    .data               os_var.o
    0x2000008c   0x00000002   Data   RW         1143    .data               os_var.o
    0x2000008e   0x00000001   Data   RW         1144    .data               os_var.o
    0x2000008f   0x00000001   Data   RW         1145    .data               os_var.o
    0x20000090   0x00000001   Data   RW         1146    .data               os_var.o
    0x20000091   0x00000003   PAD
    0x20000094   0x00000004   Data   RW         1147    .data               os_var.o
    0x20000098   0x00000002   Data   RW         1148    .data               os_var.o
    0x2000009a   0x00000001   Data   RW         1149    .data               os_var.o
    0x2000009b   0x00000001   PAD
    0x2000009c   0x00000004   Data   RW         1150    .data               os_var.o
    0x200000a0   0x00000001   Data   RW         1151    .data               os_var.o
    0x200000a1   0x00000003   PAD
    0x200000a4   0x00000004   Data   RW         1152    .data               os_var.o
    0x200000a8   0x00000002   Data   RW         1153    .data               os_var.o
    0x200000aa   0x00000001   Data   RW         1154    .data               os_var.o
    0x200000ab   0x00000001   PAD
    0x200000ac   0x00000002   Data   RW         1155    .data               os_var.o
    0x200000ae   0x00000002   Data   RW         1156    .data               os_var.o
    0x200000b0   0x00000004   Data   RW         1157    .data               os_var.o
    0x200000b4   0x00000004   Data   RW         1158    .data               os_var.o
    0x200000b8   0x00000004   Data   RW         1159    .data               os_var.o
    0x200000bc   0x00000001   Data   RW         1160    .data               os_var.o
    0x200000bd   0x00000003   PAD
    0x200000c0   0x00000004   Data   RW         1161    .data               os_var.o
    0x200000c4   0x00000004   Data   RW         1162    .data               os_var.o
    0x200000c8   0x00000004   Data   RW         1163    .data               os_var.o
    0x200000cc   0x00000002   Data   RW         1164    .data               os_var.o
    0x200000ce   0x00000001   Data   RW         1165    .data               os_var.o
    0x200000cf   0x00000001   PAD
    0x200000d0   0x00000004   Data   RW         1166    .data               os_var.o
    0x200000d4   0x00000004   Data   RW         1167    .data               os_var.o
    0x200000d8   0x00000004   Data   RW         1168    .data               os_var.o
    0x200000dc   0x00000004   Data   RW         1169    .data               os_var.o
    0x200000e0   0x00000004   Data   RW         1219    .data               lib_mem.o
    0x200000e4   0x00000004   Data   RW         1576    .data               mc_w.l(stdout.o)
    0x200000e8   0x00000004   Data   RW         1588    .data               mc_w.l(errno.o)
    0x200000ec   0x000004c0   Zero   RW          192    .bss                main.o
    0x200005ac   0x000029e0   Zero   RW          229    .bss                app.o
    0x20002f8c   0x0000000c   Zero   RW          301    .bss                bsp_init.o
    0x20002f98   0x00000014   Zero   RW          439    .bss                stm32f4xx_it.o
    0x20002fac   0x00000010   Zero   RW          813    .bss                cpu_core.o
    0x20002fbc   0x00000200   Zero   RW          855    .bss                os_cfg_app.o
    0x200031bc   0x00000400   Zero   RW          856    .bss                os_cfg_app.o
    0x200035bc   0x00000640   Zero   RW          857    .bss                os_cfg_app.o
    0x20003bfc   0x00000200   Zero   RW          858    .bss                os_cfg_app.o
    0x20003dfc   0x00000200   Zero   RW          859    .bss                os_cfg_app.o
    0x20003ffc   0x00000080   Zero   RW          860    .bss                os_cfg_app.o
    0x2000407c   0x000000c0   Zero   RW         1123    .bss                os_var.o
    0x2000413c   0x0000000c   Zero   RW         1124    .bss                os_var.o
    0x20004148   0x00000300   Zero   RW         1125    .bss                os_var.o
    0x20004448   0x000000c0   Zero   RW         1126    .bss                os_var.o
    0x20004508   0x000000c0   Zero   RW         1127    .bss                os_var.o
    0x200045c8   0x00005c48   Zero   RW         1218    .bss                lib_mem.o
    0x2000a210   0x00004000   Zero   RW          526    STACK               startup_stm32f40_41xxx.o


==============================================================================

Image component sizes


      Code (inc. data)   RO Data    RW Data    ZI Data      Debug   Object Name

       632         48        468          0      10720       1882   app.o
       176         28          0          0          0     359856   bsp.o
       260         12          0          0         12       1411   bsp_init.o
       340         22          0          0          0       1208   bsp_io_control.o
       884        110          0          0          0       2421   bsp_ltc2402.o
       256         20          0          0          0        858   bsp_rtc.o
       400         10          0          0          0       2390   bsp_usart.o
        52          0          0          0          0        216   cpu_a.o
       448         12        256          4         16       5618   cpu_core.o
      1760        100          0          1          0       3507   freqmeasurement.o
       346          0          0          0          0       3830   lib_ascii.o
      2388         40          0          4      23624      19656   lib_mem.o
       544          0          0          0          0        352   lib_mem_a.o
      1436          4        148          0          0       8620   lib_str.o
       100         26          0          0       1216        767   main.o
       176         16          0          0          0       1473   misc.o
         2          0         66          0       4288      18610   os_cfg_app.o
      2540        214          0          0          0       9678   os_core.o
       152         32          0          0          0        260   os_cpu_a.o
       364         62          0          4          0       2821   os_cpu_c.o
         2          0          0          0          0        726   os_dbg.o
      1628         70          0          0          0       5313   os_flag.o
       340         16          0          0          0       1920   os_mem.o
       380         12          0          0          0       2042   os_msg.o
      1412         84          0          0          0       3964   os_mutex.o
       112          6          0          8          0       1460   os_prio.o
      1296         50          0          0          0       4474   os_q.o
      1212         58          0          0          0       4402   os_sem.o
       904        116          0          0          0       2189   os_stat.o
      3164        164          0          0          0       9786   os_task.o
       800         72          0          0          0       2787   os_tick.o
       664         40          0          0          0       2465   os_time.o
         0          0          0        122       1356      17257   os_var.o
        36          8        392          0      16384        724   startup_stm32f40_41xxx.o
        64          6          0          0          0       1406   stm32f4xx_crc.o
       232          8          0          0          0       1907   stm32f4xx_exti.o
       492         36          0          0          0       3237   stm32f4xx_gpio.o
       476         74          0         24         20       3069   stm32f4xx_it.o
        60          6          0          0          0       1093   stm32f4xx_iwdg.o
       208         12          0          0          0       2132   stm32f4xx_pwr.o
       980         42          0         16          0       9435   stm32f4xx_rcc.o
      2596         44          0          0          0      13358   stm32f4xx_rtc.o
       752         22          0          0          0       5573   stm32f4xx_spi.o
       108         14          0          0          0       1371   stm32f4xx_syscfg.o
      2524         52          0          0          0      17858   stm32f4xx_tim.o
       836         26          0          0          0       6320   stm32f4xx_usart.o
       128         10          0          0          0       2008   stm32f4xx_wwdg.o
       368         36          0         20          0       1567   system_stm32f4xx.o
       384          8          0          0          0       1973   tools.o

    ----------------------------------------------------------------------
     35420       1848       1376        228      57636     577250   Object Totals
         0          0         32          0          0          0   (incl. Generated)
         6          0         14         25          0          0   (incl. Padding)

    ----------------------------------------------------------------------

      Code (inc. data)   RO Data    RW Data    ZI Data      Debug   Library Member Name

       880         58         56          0          0        264   log.o
       170          0          0          0          0         96   poly.o
         0          0          8          0          0          0   qnan.o
        76          0          0          0          0         84   sqrt.o
         0          0          0          0          0          0   entry.o
         0          0          0          0          0          0   entry10a.o
         0          0          0          0          0          0   entry11a.o
         8          4          0          0          0          0   entry2.o
         4          0          0          0          0          0   entry5.o
         0          0          0          0          0          0   entry7b.o
         0          0          0          0          0          0   entry8b.o
         8          4          0          0          0          0   entry9a.o
        12          6          0          4          0         68   errno.o
        30          0          0          0          0          0   handlers.o
        36          8          0          0          0         68   init.o
         0          0          0          0          0          0   iusefp.o
        30          0          0          0          0         68   llshl.o
        36          0          0          0          0         68   llsshr.o
        32          0          0          0          0         68   llushr.o
        36          0          0          0          0        108   memseta.o
      2292         96          0          0          0        596   printfa.o
         0          0          0          4          0          0   stdout.o
        24          0          0          0          0         68   strcat.o
        44          0          0          0          0         80   uidiv.o
        98          0          0          0          0         92   uldiv.o
        40          2          0          0          0         68   cdcmple.o
        40          2          0          0          0         68   cdrcmple.o
       334          0          0          0          0        148   dadd.o
       222          0          0          0          0        100   ddiv.o
       190          0          0          0          0        176   depilogue.o
        48          0          0          0          0         68   dfixul.o
        34          0          0          0          0         76   dflti.o
        26          0          0          0          0         76   dfltui.o
       228          0          0          0          0         96   dmul.o
        46          0          0          0          0         80   dscalb.o
       162          0          0          0          0        100   dsqrt.o

    ----------------------------------------------------------------------
      5188        180         64          8          0       2784   Library Totals
         2          0          0          0          0          0   (incl. Padding)

    ----------------------------------------------------------------------

      Code (inc. data)   RO Data    RW Data    ZI Data      Debug   Library Name

      1126         58         64          0          0        444   m_ws.l
      2690        118          0          8          0       1284   mc_w.l
      1370          4          0          0          0       1056   mf_w.l

    ----------------------------------------------------------------------
      5188        180         64          8          0       2784   Library Totals

    ----------------------------------------------------------------------

==============================================================================


      Code (inc. data)   RO Data    RW Data    ZI Data      Debug   

     40608       2028       1440        236      57636     572494   Grand Totals
     40608       2028       1440        236      57636     572494   ELF Image Totals
     40608       2028       1440        236          0          0   ROM Totals

==============================================================================

    Total RO  Size (Code + RO Data)                42048 (  41.06kB)
    Total RW  Size (RW Data + ZI Data)             57872 (  56.52kB)
    Total ROM Size (Code + RO Data + RW Data)      42284 (  41.29kB)

==============================================================================

