ARM Linker, 5.03 [Build 76] [MDK-ARM Professional]

==============================================================================

Section Cross References

    bsp.o(.text) refers to bsp_init.o(.text) for SetClock
    bsp.o(.text) refers to bsp_io_control.o(.text) for bsp_io_init
    bsp.o(.text) refers to bsp_usart.o(.text) for UsartConfig
    bsp.o(.text) refers to printfa.o(i.__0printf) for __2printf
    bsp.o(.text) refers to stm32f4xx_rcc.o(.text) for RCC_GetClocksFreq
    bsp.o(.text) refers to os_cpu_c.o(.text) for OS_CPU_SysTickInit
    bsp.o(.text) refers to cpu_core.o(.text) for CPU_TS_TmrFreqSet
    bsp.o(.text) refers to uldiv.o(.text) for __aeabi_uldivmod
    bsp.o(.text) refers to os_cfg_app.o(.constdata) for OSCfg_TickRate_Hz
    main.o(.text) refers to bsp.o(.text) for bsp_Init
    main.o(.text) refers to os_core.o(.text) for OSInit
    main.o(.text) refers to os_task.o(.text) for OSTaskCreate
    main.o(.text) refers to main.o(.bss) for .bss
    main.o(.text) refers to app.o(.text) for AppTaskStart
    os_app_hooks.o(.text) refers to cpu_a.o(.text) for CPU_SR_Save
    os_app_hooks.o(.text) refers to os_var.o(.data) for OS_AppTaskCreateHookPtr
    os_app_hooks.o(.text) refers to os_var.o(.data) for OS_AppTaskDelHookPtr
    os_app_hooks.o(.text) refers to os_var.o(.data) for OS_AppTaskReturnHookPtr
    os_app_hooks.o(.text) refers to os_var.o(.data) for OS_AppIdleTaskHookPtr
    os_app_hooks.o(.text) refers to os_var.o(.data) for OS_AppStatTaskHookPtr
    os_app_hooks.o(.text) refers to os_var.o(.data) for OS_AppTaskSwHookPtr
    os_app_hooks.o(.text) refers to os_var.o(.data) for OS_AppTimeTickHookPtr
    app.o(.text) refers to bsp_io_control.o(.text) for bsp_io_init
    app.o(.text) refers to bsp_usart.o(.text) for UsartConfig
    app.o(.text) refers to freqmeasurement.o(.text) for FreqModuleInit
    app.o(.text) refers to bsp_ltc2402.o(.text) for LTC2402Init
    app.o(.text) refers to bsp_485.o(.text) for voltage_adc_init
    app.o(.text) refers to bsp_init.o(.text) for read_dev_id
    app.o(.text) refers to os_time.o(.text) for OSTimeDlyHMSM
    app.o(.text) refers to bsp_rtc.o(.text) for get_time
    app.o(.text) refers to printfa.o(i.__0sprintf) for __2sprintf
    app.o(.text) refers to tools.o(.text) for HandleDataPackage
    app.o(.text) refers to stm32f4xx_pwr.o(.text) for PWR_EnterSTOPMode
    app.o(.text) refers to cpu_core.o(.text) for CPU_Init
    app.o(.text) refers to bsp.o(.text) for BSP_Tick_Init
    app.o(.text) refers to os_task.o(.text) for OSTaskCreate
    app.o(.text) refers to app.o(.bss) for .bss
    app.o(.text) refers to stm32f4xx_it.o(.data) for UploadFlag
    app.o(.text) refers to app.o(.constdata) for .constdata
    freqmeasurement.o(.text) refers to misc.o(.text) for NVIC_PriorityGroupConfig
    freqmeasurement.o(.text) refers to stm32f4xx_rcc.o(.text) for RCC_APB1PeriphClockCmd
    freqmeasurement.o(.text) refers to stm32f4xx_tim.o(.text) for TIM_TimeBaseInit
    freqmeasurement.o(.text) refers to dmul.o(.text) for __aeabi_dmul
    freqmeasurement.o(.text) refers to ddiv.o(.text) for __aeabi_ddiv
    freqmeasurement.o(.text) refers to dadd.o(.text) for __aeabi_dadd
    freqmeasurement.o(.text) refers to stm32f4xx_gpio.o(.text) for GPIO_Init
    freqmeasurement.o(.text) refers to os_time.o(.text) for OSTimeDlyHMSM
    freqmeasurement.o(.text) refers to bsp_io_control.o(.text) for SW_VW
    freqmeasurement.o(.text) refers to freqmeasurement.o(.data) for .data
    freqmeasurement.o(.text) refers to stm32f4xx_it.o(.data) for OnFreq
    tools.o(.text) refers to stm32f4xx_crc.o(.text) for CRC_ResetDR
    tools.o(.text) refers to stm32f4xx_usart.o(.text) for USART_SendData
    tools.o(.text) refers to memseta.o(.text) for __aeabi_memclr4
    tools.o(.text) refers to strcat.o(.text) for strcat
    bsp_init.o(.text) refers to stm32f4xx_rcc.o(.text) for RCC_DeInit
    bsp_init.o(.text) refers to memseta.o(.text) for __aeabi_memclr
    bsp_init.o(.text) refers to tools.o(.text) for hextostr
    bsp_init.o(.text) refers to strcat.o(.text) for strcat
    bsp_init.o(.text) refers to stm32f4xx_wwdg.o(.text) for WWDG_DeInit
    bsp_init.o(.text) refers to stm32f4xx_iwdg.o(.text) for IWDG_WriteAccessCmd
    bsp_usart.o(.text) refers to stm32f4xx_rcc.o(.text) for RCC_APB1PeriphClockCmd
    bsp_usart.o(.text) refers to stm32f4xx_gpio.o(.text) for GPIO_Init
    bsp_usart.o(.text) refers to stm32f4xx_usart.o(.text) for USART_Init
    bsp_usart.o(.text) refers to stm32f4xx_exti.o(.text) for EXTI_Init
    bsp_usart.o(.text) refers to misc.o(.text) for NVIC_Init
    bsp_usart.o(.text) refers to stm32f4xx_syscfg.o(.text) for SYSCFG_EXTILineConfig
    bsp_ltc2402.o(.text) refers to stm32f4xx_rcc.o(.text) for RCC_AHB1PeriphClockCmd
    bsp_ltc2402.o(.text) refers to stm32f4xx_gpio.o(.text) for GPIO_Init
    bsp_ltc2402.o(.text) refers to stm32f4xx_spi.o(.text) for SPI_Init
    bsp_ltc2402.o(.text) refers to os_time.o(.text) for OSTimeDlyHMSM
[...]
    GPIO_ReadOutputData                      0x08001df9   Thumb Code     6  stm32f4xx_gpio.o(.text)
    GPIO_SetBits                             0x08001dff   Thumb Code     4  stm32f4xx_gpio.o(.text)
    GPIO_ResetBits                           0x08001e03   Thumb Code     4  stm32f4xx_gpio.o(.text)
    GPIO_WriteBit                            0x08001e07   Thumb Code    10  stm32f4xx_gpio.o(.text)
    GPIO_Write                               0x08001e11   Thumb Code     4  stm32f4xx_gpio.o(.text)
    GPIO_ToggleBits                          0x08001e15   Thumb Code     8  stm32f4xx_gpio.o(.text)
    GPIO_PinAFConfig                         0x08001e1d   Thumb Code    32  stm32f4xx_gpio.o(.text)
    RCC_DeInit                               0x08001e61   Thumb Code    48  stm32f4xx_rcc.o(.text)
    RCC_HSEConfig                            0x08001e91   Thumb Code    12  stm32f4xx_rcc.o(.text)
    RCC_GetFlagStatus                        0x08001e9d   Thumb Code    46  stm32f4xx_rcc.o(.text)
    RCC_WaitForHSEStartUp                    0x08001ecb   Thumb Code    44  stm32f4xx_rcc.o(.text)
    RCC_AdjustHSICalibrationValue            0x08001ef7   Thumb Code    16  stm32f4xx_rcc.o(.text)
    RCC_HSICmd                               0x08001f07   Thumb Code     6  stm32f4xx_rcc.o(.text)
    RCC_LSEConfig                            0x08001f0d   Thumb Code    24  stm32f4xx_rcc.o(.text)
    RCC_LSICmd                               0x08001f25   Thumb Code     6  stm32f4xx_rcc.o(.text)
    RCC_PLLConfig                            0x08001f2b   Thumb Code    32  stm32f4xx_rcc.o(.text)
    RCC_PLLCmd                               0x08001f4b   Thumb Code     6  stm32f4xx_rcc.o(.text)
    RCC_PLLI2SConfig                         0x08001f51   Thumb Code    14  stm32f4xx_rcc.o(.text)
    RCC_PLLI2SCmd                            0x08001f5f   Thumb Code     6  stm32f4xx_rcc.o(.text)
    RCC_ClockSecuritySystemCmd               0x08001f65   Thumb Code     6  stm32f4xx_rcc.o(.text)
    RCC_MCO1Config                           0x08001f6b   Thumb Code    18  stm32f4xx_rcc.o(.text)
    RCC_MCO2Config                           0x08001f7d   Thumb Code    18  stm32f4xx_rcc.o(.text)
    RCC_SYSCLKConfig                         0x08001f8f   Thumb Code    16  stm32f4xx_rcc.o(.text)
    RCC_GetSYSCLKSource                      0x08001f9f   Thumb Code    12  stm32f4xx_rcc.o(.text)
    RCC_HCLKConfig                           0x08001fab   Thumb Code    16  stm32f4xx_rcc.o(.text)
    RCC_PCLK1Config                          0x08001fbb   Thumb Code    16  stm32f4xx_rcc.o(.text)
    RCC_PCLK2Config                          0x08001fcb   Thumb Code    18  stm32f4xx_rcc.o(.text)
    RCC_GetClocksFreq                        0x08001fdd   Thumb Code   134  stm32f4xx_rcc.o(.text)
    RCC_RTCCLKConfig                         0x08002063   Thumb Code    42  stm32f4xx_rcc.o(.text)
    RCC_RTCCLKCmd                            0x0800208d   Thumb Code     8  stm32f4xx_rcc.o(.text)
    RCC_BackupResetCmd                       0x08002095   Thumb Code     8  stm32f4xx_rcc.o(.text)
    RCC_I2SCLKConfig                         0x0800209d   Thumb Code     6  stm32f4xx_rcc.o(.text)
    RCC_AHB1PeriphClockCmd                   0x080020a3   Thumb Code    20  stm32f4xx_rcc.o(.text)
    RCC_AHB2PeriphClockCmd                   0x080020b7   Thumb Code    20  stm32f4xx_rcc.o(.text)
    RCC_AHB3PeriphClockCmd                   0x080020cb   Thumb Code    20  stm32f4xx_rcc.o(.text)
    RCC_APB1PeriphClockCmd                   0x080020df   Thumb Code    20  stm32f4xx_rcc.o(.text)
    RCC_APB2PeriphClockCmd                   0x080020f3   Thumb Code    20  stm32f4xx_rcc.o(.text)
    RCC_AHB1PeriphResetCmd                   0x08002107   Thumb Code    20  stm32f4xx_rcc.o(.text)
    RCC_AHB2PeriphResetCmd                   0x0800211b   Thumb Code    20  stm32f4xx_rcc.o(.text)
    RCC_AHB3PeriphResetCmd                   0x0800212f   Thumb Code    20  stm32f4xx_rcc.o(.text)
    RCC_APB1PeriphResetCmd                   0x08002143   Thumb Code    20  stm32f4xx_rcc.o(.text)
    RCC_APB2PeriphResetCmd                   0x08002157   Thumb Code    20  stm32f4xx_rcc.o(.text)
    RCC_AHB1PeriphClockLPModeCmd             0x0800216b   Thumb Code    20  stm32f4xx_rcc.o(.text)
    RCC_AHB2PeriphClockLPModeCmd             0x0800217f   Thumb Code    20  stm32f4xx_rcc.o(.text)
    RCC_AHB3PeriphClockLPModeCmd             0x08002193   Thumb Code    20  stm32f4xx_rcc.o(.text)
    RCC_APB1PeriphClockLPModeCmd             0x080021a7   Thumb Code    20  stm32f4xx_rcc.o(.text)
    RCC_APB2PeriphClockLPModeCmd             0x080021bb   Thumb Code    20  stm32f4xx_rcc.o(.text)
    RCC_ITConfig                             0x080021cf   Thumb Code    20  stm32f4xx_rcc.o(.text)
    RCC_ClearFlag                            0x080021e3   Thumb Code    14  stm32f4xx_rcc.o(.text)
    RCC_GetITStatus                          0x080021f1   Thumb Code    18  stm32f4xx_rcc.o(.text)
    RCC_ClearITPendingBit                    0x08002203   Thumb Code     8  stm32f4xx_rcc.o(.text)
    SYSCFG_DeInit                            0x08002235   Thumb Code    24  stm32f4xx_syscfg.o(.text)
    SYSCFG_MemoryRemapConfig                 0x0800224d   Thumb Code     6  stm32f4xx_syscfg.o(.text)
    SYSCFG_EXTILineConfig                    0x08002253   Thumb Code    36  stm32f4xx_syscfg.o(.text)
    SYSCFG_ETH_MediaInterfaceConfig          0x08002277   Thumb Code     6  stm32f4xx_syscfg.o(.text)
    SYSCFG_CompensationCellCmd               0x0800227d   Thumb Code     6  stm32f4xx_syscfg.o(.text)
    SYSCFG_GetCompensationCellStatus         0x08002283   Thumb Code    16  stm32f4xx_syscfg.o(.text)
    USART_DeInit                             0x080022a1   Thumb Code   114  stm32f4xx_usart.o(.text)
    USART_Init                               0x08002313   Thumb Code   174  stm32f4xx_usart.o(.text)
    USART_StructInit                         0x080023c1   Thumb Code    22  stm32f4xx_usart.o(.text)
    USART_ClockInit                          0x080023d7   Thumb Code    28  stm32f4xx_usart.o(.text)
    USART_ClockStructInit                    0x080023f3   Thumb Code    12  stm32f4xx_usart.o(.text)
    USART_Cmd                                0x080023ff   Thumb Code    20  stm32f4xx_usart.o(.text)
    USART_SetPrescaler                       0x08002413   Thumb Code    16  stm32f4xx_usart.o(.text)
    USART_OverSampling8Cmd                   0x08002423   Thumb Code    20  stm32f4xx_usart.o(.text)
    USART_OneBitMethodCmd                    0x08002437   Thumb Code    20  stm32f4xx_usart.o(.text)
    USART_SendData                           0x0800244b   Thumb Code     8  stm32f4xx_usart.o(.text)
    USART_ReceiveData                        0x08002453   Thumb Code     8  stm32f4xx_usart.o(.text)
    USART_SetAddress                         0x0800245b   Thumb Code    16  stm32f4xx_usart.o(.text)
    USART_ReceiverWakeUpCmd                  0x0800246b   Thumb Code    20  stm32f4xx_usart.o(.text)
    USART_WakeUpConfig                       0x0800247f   Thumb Code    16  stm32f4xx_usart.o(.text)
    USART_LINBreakDetectLengthConfig         0x0800248f   Thumb Code    16  stm32f4xx_usart.o(.text)
    USART_LINCmd                             0x0800249f   Thumb Code    20  stm32f4xx_usart.o(.text)
    USART_SendBreak                          0x080024b3   Thumb Code    10  stm32f4xx_usart.o(.text)
    USART_HalfDuplexCmd                      0x080024bd   Thumb Code    20  stm32f4xx_usart.o(.text)
    USART_SetGuardTime                       0x080024d1   Thumb Code    16  stm32f4xx_usart.o(.text)
    USART_SmartCardCmd                       0x080024e1   Thumb Code    20  stm32f4xx_usart.o(.text)
    USART_SmartCardNACKCmd                   0x080024f5   Thumb Code    20  stm32f4xx_usart.o(.text)
    USART_IrDAConfig                         0x08002509   Thumb Code    16  stm32f4xx_usart.o(.text)
    USART_IrDACmd                            0x08002519   Thumb Code    20  stm32f4xx_usart.o(.text)
    USART_DMACmd                             0x0800252d   Thumb Code    16  stm32f4xx_usart.o(.text)
    USART_ITConfig                           0x0800253d   Thumb Code    48  stm32f4xx_usart.o(.text)
    USART_GetFlagStatus                      0x0800256d   Thumb Code    14  stm32f4xx_usart.o(.text)
    USART_ClearFlag                          0x0800257b   Thumb Code     6  stm32f4xx_usart.o(.text)
    USART_GetITStatus                        0x08002581   Thumb Code    62  stm32f4xx_usart.o(.text)
    USART_ClearITPendingBit                  0x080025bf   Thumb Code    12  stm32f4xx_usart.o(.text)
    TIM_DeInit                               0x080025e5   Thumb Code   284  stm32f4xx_tim.o(.text)
    TIM_TimeBaseInit                         0x08002701   Thumb Code    96  stm32f4xx_tim.o(.text)
    TIM_TimeBaseStructInit                   0x08002761   Thumb Code    18  stm32f4xx_tim.o(.text)
    TIM_PrescalerConfig                      0x08002773   Thumb Code     6  stm32f4xx_tim.o(.text)
    TIM_CounterModeConfig                    0x08002779   Thumb Code    12  stm32f4xx_tim.o(.text)
    TIM_SetCounter                           0x08002785   Thumb Code     4  stm32f4xx_tim.o(.text)
    TIM_SetAutoreload                        0x08002789   Thumb Code     4  stm32f4xx_tim.o(.text)
    TIM_GetCounter                           0x0800278d   Thumb Code     4  stm32f4xx_tim.o(.text)
    TIM_GetPrescaler                         0x08002791   Thumb Code     4  stm32f4xx_tim.o(.text)
    TIM_UpdateDisableConfig                  0x08002795   Thumb Code    20  stm32f4xx_tim.o(.text)
    TIM_UpdateRequestConfig                  0x080027a9   Thumb Code    20  stm32f4xx_tim.o(.text)
    TIM_ARRPreloadConfig                     0x080027bd   Thumb Code    20  stm32f4xx_tim.o(.text)
    TIM_SelectOnePulseMode                   0x080027d1   Thumb Code    16  stm32f4xx_tim.o(.text)
    TIM_SetClockDivision                     0x080027e1   Thumb Code    16  stm32f4xx_tim.o(.text)
    TIM_Cmd                                  0x080027f1   Thumb Code    20  stm32f4xx_tim.o(.text)
    TIM_OC1Init                              0x08002805   Thumb Code    88  stm32f4xx_tim.o(.text)
    TIM_OC2Init                              0x0800285d   Thumb Code   120  stm32f4xx_tim.o(.text)
    TIM_OC3Init                              0x080028d5   Thumb Code   116  stm32f4xx_tim.o(.text)
    TIM_OC4Init                              0x08002949   Thumb Code    88  stm32f4xx_tim.o(.text)
    TIM_OCStructInit                         0x080029a1   Thumb Code    20  stm32f4xx_tim.o(.text)
    TIM_SelectOCxM                           0x080029b5   Thumb Code   130  stm32f4xx_tim.o(.text)
    TIM_SetCompare1                          0x08002a37   Thumb Code     4  stm32f4xx_tim.o(.text)
    TIM_SetCompare2                          0x08002a3b   Thumb Code     4  stm32f4xx_tim.o(.text)
    TIM_SetCompare3                          0x08002a3f   Thumb Code     4  stm32f4xx_tim.o(.text)
    TIM_SetCompare4                          0x08002a43   Thumb Code     4  stm32f4xx_tim.o(.text)
    TIM_ForcedOC1Config                      0x08002a47   Thumb Code    12  stm32f4xx_tim.o(.text)
    TIM_ForcedOC2Config                      0x08002a53   Thumb Code    20  stm32f4xx_tim.o(.text)
    TIM_ForcedOC3Config                      0x08002a67   Thumb Code    12  stm32f4xx_tim.o(.text)
    TIM_ForcedOC4Config                      0x08002a73   Thumb Code    20  stm32f4xx_tim.o(.text)
    TIM_OC1PreloadConfig                     0x08002a87   Thumb Code    12  stm32f4xx_tim.o(.text)
    TIM_OC2PreloadConfig                     0x08002a93   Thumb Code    20  stm32f4xx_tim.o(.text)
    TIM_OC3PreloadConfig                     0x08002aa7   Thumb Code    12  stm32f4xx_tim.o(.text)
    TIM_OC4PreloadConfig                     0x08002ab3   Thumb Code    20  stm32f4xx_tim.o(.text)
    TIM_OC1FastConfig                        0x08002ac7   Thumb Code    12  stm32f4xx_tim.o(.text)
    TIM_OC2FastConfig                        0x08002ad3   Thumb Code    20  stm32f4xx_tim.o(.text)
    TIM_OC3FastConfig                        0x08002ae7   Thumb Code    12  stm32f4xx_tim.o(.text)
    TIM_OC4FastConfig                        0x08002af3   Thumb Code    20  stm32f4xx_tim.o(.text)
    TIM_ClearOC1Ref                          0x08002b07   Thumb Code    12  stm32f4xx_tim.o(.text)
    TIM_ClearOC2Ref                          0x08002b13   Thumb Code    20  stm32f4xx_tim.o(.text)
    TIM_ClearOC3Ref                          0x08002b27   Thumb Code    12  stm32f4xx_tim.o(.text)
    TIM_ClearOC4Ref                          0x08002b33   Thumb Code    20  stm32f4xx_tim.o(.text)
    TIM_OC1PolarityConfig                    0x08002b47   Thumb Code    12  stm32f4xx_tim.o(.text)
    TIM_OC1NPolarityConfig                   0x08002b53   Thumb Code    12  stm32f4xx_tim.o(.text)
    TIM_OC2PolarityConfig                    0x08002b5f   Thumb Code    20  stm32f4xx_tim.o(.text)
    TIM_OC2NPolarityConfig                   0x08002b73   Thumb Code    20  stm32f4xx_tim.o(.text)
    TIM_OC3PolarityConfig                    0x08002b87   Thumb Code    20  stm32f4xx_tim.o(.text)
    TIM_OC3NPolarityConfig                   0x08002b9b   Thumb Code    20  stm32f4xx_tim.o(.text)
    TIM_OC4PolarityConfig                    0x08002baf   Thumb Code    20  stm32f4xx_tim.o(.text)
    TIM_CCxCmd                               0x08002bc3   Thumb Code    22  stm32f4xx_tim.o(.text)
    TIM_CCxNCmd                              0x08002bd9   Thumb Code    22  stm32f4xx_tim.o(.text)
    TIM_SetIC4Prescaler                      0x08002bef   Thumb Code    24  stm32f4xx_tim.o(.text)
    TIM_SetIC3Prescaler                      0x08002c07   Thumb Code    16  stm32f4xx_tim.o(.text)
    TIM_SetIC2Prescaler                      0x08002c17   Thumb Code    24  stm32f4xx_tim.o(.text)
    TIM_SetIC1Prescaler                      0x08002c65   Thumb Code    16  stm32f4xx_tim.o(.text)
    TIM_ICInit                               0x08002c75   Thumb Code   164  stm32f4xx_tim.o(.text)
    TIM_ICStructInit                         0x08002d19   Thumb Code    16  stm32f4xx_tim.o(.text)
    TIM_PWMIConfig                           0x08002d29   Thumb Code   104  stm32f4xx_tim.o(.text)
    TIM_GetCapture1                          0x08002d91   Thumb Code     4  stm32f4xx_tim.o(.text)
    TIM_GetCapture2                          0x08002d95   Thumb Code     4  stm32f4xx_tim.o(.text)
    TIM_GetCapture3                          0x08002d99   Thumb Code     4  stm32f4xx_tim.o(.text)
    TIM_GetCapture4                          0x08002d9d   Thumb Code     4  stm32f4xx_tim.o(.text)
    TIM_BDTRConfig                           0x08002da1   Thumb Code    34  stm32f4xx_tim.o(.text)
    TIM_BDTRStructInit                       0x08002dc3   Thumb Code    18  stm32f4xx_tim.o(.text)
    TIM_CtrlPWMOutputs                       0x08002dd5   Thumb Code    22  stm32f4xx_tim.o(.text)
    TIM_SelectCOM                            0x08002deb   Thumb Code    20  stm32f4xx_tim.o(.text)
    TIM_CCPreloadControl                     0x08002dff   Thumb Code    20  stm32f4xx_tim.o(.text)
    TIM_ITConfig                             0x08002e13   Thumb Code    16  stm32f4xx_tim.o(.text)
    TIM_GenerateEvent                        0x08002e23   Thumb Code     4  stm32f4xx_tim.o(.text)
    TIM_GetFlagStatus                        0x08002e27   Thumb Code    14  stm32f4xx_tim.o(.text)
    TIM_ClearFlag                            0x08002e35   Thumb Code     6  stm32f4xx_tim.o(.text)
    TIM_GetITStatus                          0x08002e3b   Thumb Code    24  stm32f4xx_tim.o(.text)
    TIM_ClearITPendingBit                    0x08002e53   Thumb Code     6  stm32f4xx_tim.o(.text)
    TIM_DMAConfig                            0x08002e59   Thumb Code     8  stm32f4xx_tim.o(.text)
    TIM_DMACmd                               0x08002e61   Thumb Code    16  stm32f4xx_tim.o(.text)
    TIM_SelectCCDMA                          0x08002e71   Thumb Code    20  stm32f4xx_tim.o(.text)
    TIM_InternalClockConfig                  0x08002e85   Thumb Code    10  stm32f4xx_tim.o(.text)
    TIM_SelectInputTrigger                   0x08002e8f   Thumb Code    12  stm32f4xx_tim.o(.text)
    TIM_ITRxExternalClockConfig              0x08002e9b   Thumb Code    18  stm32f4xx_tim.o(.text)
    TIM_TIxExternalClockConfig               0x08002ead   Thumb Code    46  stm32f4xx_tim.o(.text)
    TIM_ETRConfig                            0x08002edb   Thumb Code    24  stm32f4xx_tim.o(.text)
    TIM_ETRClockMode1Config                  0x08002ef3   Thumb Code    18  stm32f4xx_tim.o(.text)
    TIM_ETRClockMode2Config                  0x08002f05   Thumb Code    18  stm32f4xx_tim.o(.text)
    TIM_SelectOutputTrigger                  0x08002f17   Thumb Code    16  stm32f4xx_tim.o(.text)
    TIM_SelectSlaveMode                      0x08002f27   Thumb Code    16  stm32f4xx_tim.o(.text)
    TIM_SelectMasterSlaveMode                0x08002f37   Thumb Code    16  stm32f4xx_tim.o(.text)
    TIM_EncoderInterfaceConfig               0x08002f47   Thumb Code    50  stm32f4xx_tim.o(.text)
    TIM_SelectHallSensor                     0x08002f79   Thumb Code    20  stm32f4xx_tim.o(.text)
    TIM_RemapConfig                          0x08002f8d   Thumb Code     6  stm32f4xx_tim.o(.text)
    SPI_I2S_DeInit                           0x08002fc1   Thumb Code    72  stm32f4xx_spi.o(.text)
    SPI_Init                                 0x08003009   Thumb Code    56  stm32f4xx_spi.o(.text)
    I2S_Init                                 0x08003041   Thumb Code   188  stm32f4xx_spi.o(.text)
    SPI_StructInit                           0x080030fd   Thumb Code    24  stm32f4xx_spi.o(.text)
    I2S_StructInit                           0x08003115   Thumb Code    18  stm32f4xx_spi.o(.text)
    SPI_Cmd                                  0x08003127   Thumb Code    20  stm32f4xx_spi.o(.text)
    I2S_Cmd                                  0x0800313b   Thumb Code    20  stm32f4xx_spi.o(.text)
    SPI_DataSizeConfig                       0x0800314f   Thumb Code    16  stm32f4xx_spi.o(.text)
    SPI_BiDirectionalLineConfig              0x0800315f   Thumb Code    22  stm32f4xx_spi.o(.text)
    SPI_NSSInternalSoftwareConfig            0x08003175   Thumb Code    24  stm32f4xx_spi.o(.text)
    SPI_SSOutputCmd                          0x0800318d   Thumb Code    20  stm32f4xx_spi.o(.text)
    SPI_TIModeCmd                            0x080031a1   Thumb Code    20  stm32f4xx_spi.o(.text)
    I2S_FullDuplexConfig                     0x080031b5   Thumb Code    58  stm32f4xx_spi.o(.text)
    SPI_I2S_ReceiveData                      0x080031ef   Thumb Code     4  stm32f4xx_spi.o(.text)
    SPI_I2S_SendData                         0x080031f3   Thumb Code     4  stm32f4xx_spi.o(.text)
    SPI_CalculateCRC                         0x080031f7   Thumb Code    20  stm32f4xx_spi.o(.text)
    SPI_TransmitCRC                          0x0800320b   Thumb Code    10  stm32f4xx_spi.o(.text)
    SPI_GetCRC                               0x08003215   Thumb Code    12  stm32f4xx_spi.o(.text)
    SPI_GetCRCPolynomial                     0x08003221   Thumb Code     4  stm32f4xx_spi.o(.text)
    SPI_I2S_DMACmd                           0x08003225   Thumb Code    16  stm32f4xx_spi.o(.text)
    SPI_I2S_ITConfig                         0x08003235   Thumb Code    24  stm32f4xx_spi.o(.text)
    SPI_I2S_GetFlagStatus                    0x0800324d   Thumb Code    14  stm32f4xx_spi.o(.text)
    SPI_I2S_ClearFlag                        0x0800325b   Thumb Code     6  stm32f4xx_spi.o(.text)
    SPI_I2S_GetITStatus                      0x08003261   Thumb Code    44  stm32f4xx_spi.o(.text)
    SPI_I2S_ClearITPendingBit                0x0800328d   Thumb Code    14  stm32f4xx_spi.o(.text)
    RTC_WaitForSynchro                       0x080032b1   Thumb Code    70  stm32f4xx_rtc.o(.text)
    RTC_EnterInitMode                        0x080032f7   Thumb Code    58  stm32f4xx_rtc.o(.text)
    RTC_DeInit                               0x08003331   Thumb Code   142  stm32f4xx_rtc.o(.text)
    RTC_ExitInitMode                         0x080033bf   Thumb Code    14  stm32f4xx_rtc.o(.text)
    RTC_Init                                 0x080033cd   Thumb Code    74  stm32f4xx_rtc.o(.text)
    RTC_StructInit                           0x08003417   Thumb Code    14  stm32f4xx_rtc.o(.text)
    RTC_WriteProtectionCmd                   0x08003425   Thumb Code    18  stm32f4xx_rtc.o(.text)
    RTC_RefClockCmd                          0x08003437   Thumb Code    56  stm32f4xx_rtc.o(.text)
    RTC_BypassShadowCmd                      0x0800346f   Thumb Code    38  stm32f4xx_rtc.o(.text)
    RTC_SetTime                              0x08003495   Thumb Code   138  stm32f4xx_rtc.o(.text)
    RTC_TimeStructInit                       0x0800351f   Thumb Code    12  stm32f4xx_rtc.o(.text)
    RTC_GetTime                              0x0800352b   Thumb Code    70  stm32f4xx_rtc.o(.text)
    RTC_GetSubSecond                         0x08003571   Thumb Code    14  stm32f4xx_rtc.o(.text)
    RTC_SetDate                              0x0800357f   Thumb Code   136  stm32f4xx_rtc.o(.text)
    RTC_DateStructInit                       0x08003607   Thumb Code    14  stm32f4xx_rtc.o(.text)
    RTC_GetDate                              0x08003615   Thumb Code    66  stm32f4xx_rtc.o(.text)
    RTC_SetAlarm                             0x08003657   Thumb Code   184  stm32f4xx_rtc.o(.text)
    RTC_AlarmStructInit                      0x0800370f   Thumb Code    20  stm32f4xx_rtc.o(.text)
    RTC_GetAlarm                             0x08003723   Thumb Code   104  stm32f4xx_rtc.o(.text)
    RTC_AlarmCmd                             0x0800378b   Thumb Code    78  stm32f4xx_rtc.o(.text)
    RTC_AlarmSubSecondConfig                 0x080037d9   Thumb Code    38  stm32f4xx_rtc.o(.text)
    RTC_GetAlarmSubSecond                    0x080037ff   Thumb Code    24  stm32f4xx_rtc.o(.text)
    RTC_WakeUpClockConfig                    0x08003817   Thumb Code    34  stm32f4xx_rtc.o(.text)
    RTC_SetWakeUpCounter                     0x08003839   Thumb Code    22  stm32f4xx_rtc.o(.text)
    RTC_GetWakeUpCounter                     0x0800384f   Thumb Code    10  stm32f4xx_rtc.o(.text)
    RTC_WakeUpCmd                            0x08003859   Thumb Code    84  stm32f4xx_rtc.o(.text)
    RTC_DayLightSavingConfig                 0x080038ad   Thumb Code    38  stm32f4xx_rtc.o(.text)
    RTC_GetStoreOperation                    0x080038d3   Thumb Code    12  stm32f4xx_rtc.o(.text)
    RTC_OutputConfig                         0x080038df   Thumb Code    38  stm32f4xx_rtc.o(.text)
    RTC_CoarseCalibConfig                    0x08003905   Thumb Code    46  stm32f4xx_rtc.o(.text)
    RTC_CoarseCalibCmd                       0x08003933   Thumb Code    56  stm32f4xx_rtc.o(.text)
    RTC_CalibOutputCmd                       0x0800396b   Thumb Code    38  stm32f4xx_rtc.o(.text)
    RTC_CalibOutputConfig                    0x08003991   Thumb Code    34  stm32f4xx_rtc.o(.text)
    RTC_SmoothCalibConfig                    0x080039b3   Thumb Code    72  stm32f4xx_rtc.o(.text)
    RTC_TimeStampCmd                         0x080039fb   Thumb Code    42  stm32f4xx_rtc.o(.text)
    RTC_GetTimeStamp                         0x08003a25   Thumb Code   130  stm32f4xx_rtc.o(.text)
    RTC_GetTimeStampSubSecond                0x08003aa7   Thumb Code     8  stm32f4xx_rtc.o(.text)
    RTC_TamperTriggerConfig                  0x08003aaf   Thumb Code    24  stm32f4xx_rtc.o(.text)
    RTC_TamperCmd                            0x08003ac7   Thumb Code    28  stm32f4xx_rtc.o(.text)
    RTC_TamperFilterConfig                   0x08003ae3   Thumb Code    18  stm32f4xx_rtc.o(.text)
    RTC_TamperSamplingFreqConfig             0x08003af5   Thumb Code    18  stm32f4xx_rtc.o(.text)
    RTC_TamperPinsPrechargeDuration          0x08003b07   Thumb Code    18  stm32f4xx_rtc.o(.text)
    RTC_TimeStampOnTamperDetectionCmd        0x08003b19   Thumb Code    22  stm32f4xx_rtc.o(.text)
    RTC_TamperPullUpCmd                      0x08003b2f   Thumb Code    22  stm32f4xx_rtc.o(.text)
    RTC_WriteBackupRegister                  0x08003b45   Thumb Code    16  stm32f4xx_rtc.o(.text)
    RTC_ReadBackupRegister                   0x08003b55   Thumb Code    16  stm32f4xx_rtc.o(.text)
    RTC_TamperPinSelection                   0x08003b65   Thumb Code    18  stm32f4xx_rtc.o(.text)
    RTC_TimeStampPinSelection                0x08003b77   Thumb Code    18  stm32f4xx_rtc.o(.text)
    RTC_OutputTypeConfig                     0x08003b89   Thumb Code    18  stm32f4xx_rtc.o(.text)
    RTC_SynchroShiftConfig                   0x08003b9b   Thumb Code    86  stm32f4xx_rtc.o(.text)
    RTC_ITConfig                             0x08003bf1   Thumb Code    60  stm32f4xx_rtc.o(.text)
    RTC_GetFlagStatus                        0x08003c2d   Thumb Code    24  stm32f4xx_rtc.o(.text)
    RTC_ClearFlag                            0x08003c45   Thumb Code    24  stm32f4xx_rtc.o(.text)
    RTC_GetITStatus                          0x08003c5d   Thumb Code    46  stm32f4xx_rtc.o(.text)
    RTC_ClearITPendingBit                    0x08003c8b   Thumb Code    24  stm32f4xx_rtc.o(.text)
    PWR_DeInit                               0x08003cd5   Thumb Code    24  stm32f4xx_pwr.o(.text)
    PWR_BackupAccessCmd                      0x08003ced   Thumb Code     6  stm32f4xx_pwr.o(.text)
    PWR_PVDLevelConfig                       0x08003cf3   Thumb Code    14  stm32f4xx_pwr.o(.text)
    PWR_PVDCmd                               0x08003d01   Thumb Code     6  stm32f4xx_pwr.o(.text)
    PWR_WakeUpPinCmd                         0x08003d07   Thumb Code     8  stm32f4xx_pwr.o(.text)
    PWR_BackupRegulatorCmd                   0x08003d0f   Thumb Code     8  stm32f4xx_pwr.o(.text)
    PWR_MainRegulatorModeConfig              0x08003d17   Thumb Code    22  stm32f4xx_pwr.o(.text)
    PWR_FlashPowerDownCmd                    0x08003d2d   Thumb Code     6  stm32f4xx_pwr.o(.text)
    PWR_EnterSTOPMode                        0x08003d33   Thumb Code    42  stm32f4xx_pwr.o(.text)
    PWR_EnterSTANDBYMode                     0x08003d5d   Thumb Code    32  stm32f4xx_pwr.o(.text)
    PWR_GetFlagStatus                        0x08003d7d   Thumb Code    16  stm32f4xx_pwr.o(.text)
    PWR_ClearFlag                            0x08003d8d   Thumb Code    12  stm32f4xx_pwr.o(.text)
    WWDG_DeInit                              0x08003da5   Thumb Code    24  stm32f4xx_wwdg.o(.text)
    WWDG_SetPrescaler                        0x08003dbd   Thumb Code    14  stm32f4xx_wwdg.o(.text)
    WWDG_SetWindowValue                      0x08003dcb   Thumb Code    22  stm32f4xx_wwdg.o(.text)
    WWDG_EnableIT                            0x08003de1   Thumb Code     8  stm32f4xx_wwdg.o(.text)
    WWDG_SetCounter                          0x08003de9   Thumb Code    12  stm32f4xx_wwdg.o(.text)
    WWDG_Enable                              0x08003df5   Thumb Code    12  stm32f4xx_wwdg.o(.text)
    WWDG_GetFlagStatus                       0x08003e01   Thumb Code    16  stm32f4xx_wwdg.o(.text)
    WWDG_ClearFlag                           0x08003e11   Thumb Code    10  stm32f4xx_wwdg.o(.text)
    IWDG_WriteAccessCmd                      0x08003e25   Thumb Code     6  stm32f4xx_iwdg.o(.text)
    IWDG_SetPrescaler                        0x08003e2b   Thumb Code     6  stm32f4xx_iwdg.o(.text)
    IWDG_SetReload                           0x08003e31   Thumb Code     6  stm32f4xx_iwdg.o(.text)
    IWDG_ReloadCounter                       0x08003e37   Thumb Code    10  stm32f4xx_iwdg.o(.text)
    IWDG_Enable                              0x08003e41   Thumb Code    10  stm32f4xx_iwdg.o(.text)
    IWDG_GetFlagStatus                       0x08003e4b   Thumb Code    16  stm32f4xx_iwdg.o(.text)
    ADC_DeInit                               0x08003e61   Thumb Code    24  stm32f4xx_adc.o(.text)
    ADC_Init                                 0x08003e79   Thumb Code    66  stm32f4xx_adc.o(.text)
    ADC_StructInit                           0x08003ebb   Thumb Code    20  stm32f4xx_adc.o(.text)
    ADC_CommonInit                           0x08003ecf   Thumb Code    30  stm32f4xx_adc.o(.text)
    ADC_CommonStructInit                     0x08003eed   Thumb Code    12  stm32f4xx_adc.o(.text)
    ADC_Cmd                                  0x08003ef9   Thumb Code    20  stm32f4xx_adc.o(.text)
    ADC_AnalogWatchdogCmd                    0x08003f0d   Thumb Code    12  stm32f4xx_adc.o(.text)
    ADC_AnalogWatchdogThresholdsConfig       0x08003f19   Thumb Code     6  stm32f4xx_adc.o(.text)
    ADC_AnalogWatchdogSingleChannelConfig    0x08003f1f   Thumb Code    12  stm32f4xx_adc.o(.text)
    ADC_TempSensorVrefintCmd                 0x08003f2b   Thumb Code    26  stm32f4xx_adc.o(.text)
    ADC_VBATCmd                              0x08003f45   Thumb Code    26  stm32f4xx_adc.o(.text)
    ADC_RegularChannelConfig                 0x08003f5f   Thumb Code   116  stm32f4xx_adc.o(.text)
    ADC_SoftwareStartConv                    0x08003fd3   Thumb Code    10  stm32f4xx_adc.o(.text)
    ADC_GetSoftwareStartConvStatus           0x08003fdd   Thumb Code    14  stm32f4xx_adc.o(.text)
    ADC_EOCOnEachRegularChannelCmd           0x08003feb   Thumb Code    20  stm32f4xx_adc.o(.text)
    ADC_ContinuousModeCmd                    0x08003fff   Thumb Code    20  stm32f4xx_adc.o(.text)
    ADC_DiscModeChannelCountConfig           0x08004013   Thumb Code    16  stm32f4xx_adc.o(.text)
    ADC_DiscModeCmd                          0x08004023   Thumb Code    20  stm32f4xx_adc.o(.text)
    ADC_GetConversionValue                   0x08004037   Thumb Code     6  stm32f4xx_adc.o(.text)
    ADC_GetMultiModeConversionValue          0x0800403d   Thumb Code     8  stm32f4xx_adc.o(.text)
    ADC_DMACmd                               0x08004045   Thumb Code    20  stm32f4xx_adc.o(.text)
    ADC_DMARequestAfterLastTransferCmd       0x08004059   Thumb Code    20  stm32f4xx_adc.o(.text)
    ADC_MultiModeDMARequestAfterLastTransferCmd 0x0800406d   Thumb Code    26  stm32f4xx_adc.o(.text)
    ADC_InjectedChannelConfig                0x08004087   Thumb Code    74  stm32f4xx_adc.o(.text)
    ADC_InjectedSequencerLengthConfig        0x080040d1   Thumb Code    16  stm32f4xx_adc.o(.text)
    ADC_SetInjectedOffset                    0x080040e1   Thumb Code    10  stm32f4xx_adc.o(.text)
    ADC_ExternalTrigInjectedConvConfig       0x080040eb   Thumb Code    12  stm32f4xx_adc.o(.text)
    ADC_ExternalTrigInjectedConvEdgeConfig   0x080040f7   Thumb Code    12  stm32f4xx_adc.o(.text)
    ADC_SoftwareStartInjectedConv            0x08004103   Thumb Code    10  stm32f4xx_adc.o(.text)
    ADC_GetSoftwareStartInjectedConvCmdStatus 0x0800410d   Thumb Code    14  stm32f4xx_adc.o(.text)
    ADC_AutoInjectedConvCmd                  0x0800411b   Thumb Code    20  stm32f4xx_adc.o(.text)
    ADC_InjectedDiscModeCmd                  0x0800412f   Thumb Code    20  stm32f4xx_adc.o(.text)
    ADC_GetInjectedConversionValue           0x08004143   Thumb Code    14  stm32f4xx_adc.o(.text)
    ADC_ITConfig                             0x08004151   Thumb Code    18  stm32f4xx_adc.o(.text)
    ADC_GetFlagStatus                        0x08004163   Thumb Code    14  stm32f4xx_adc.o(.text)
    ADC_ClearFlag                            0x08004171   Thumb Code     6  stm32f4xx_adc.o(.text)
    ADC_GetITStatus                          0x08004177   Thumb Code    30  stm32f4xx_adc.o(.text)
    ADC_ClearITPendingBit                    0x08004195   Thumb Code     8  stm32f4xx_adc.o(.text)
    CPU_IntDis                               0x080041b5   Thumb Code     0  cpu_a.o(.text)
    CPU_IntEn                                0x080041b9   Thumb Code     0  cpu_a.o(.text)
    CPU_SR_Save                              0x080041bd   Thumb Code     0  cpu_a.o(.text)
    CPU_SR_Restore                           0x080041c5   Thumb Code     0  cpu_a.o(.text)
    CPU_WaitForInt                           0x080041cb   Thumb Code     0  cpu_a.o(.text)
    CPU_WaitForExcept                        0x080041cf   Thumb Code     0  cpu_a.o(.text)
    CPU_CntLeadZeros                         0x080041d3   Thumb Code     0  cpu_a.o(.text)
    CPU_CntTrailZeros                        0x080041d9   Thumb Code     0  cpu_a.o(.text)
    CPU_RevBits                              0x080041e3   Thumb Code     0  cpu_a.o(.text)
    CPU_NameClr                              0x080041e9   Thumb Code    26  cpu_core.o(.text)
    CPU_Init                                 0x08004203   Thumb Code    18  cpu_core.o(.text)
    CPU_SW_Exception                         0x08004215   Thumb Code     2  cpu_core.o(.text)
    CPU_NameGet                              0x08004217   Thumb Code    46  cpu_core.o(.text)
    CPU_NameSet                              0x08004245   Thumb Code    62  cpu_core.o(.text)
    CPU_TS_Get32                             0x08004283   Thumb Code     4  cpu_core.o(.text)
    CPU_TS_Update                            0x08004287   Thumb Code     2  cpu_core.o(.text)
    CPU_TS_TmrFreqGet                        0x08004289   Thumb Code    24  cpu_core.o(.text)
    CPU_TS_TmrFreqSet                        0x080042a1   Thumb Code     6  cpu_core.o(.text)
    CPU_CntLeadZeros08                       0x080042a7   Thumb Code    10  cpu_core.o(.text)
    CPU_CntLeadZeros16                       0x080042b1   Thumb Code    10  cpu_core.o(.text)
    CPU_CntLeadZeros32                       0x080042bb   Thumb Code     4  cpu_core.o(.text)
    CPU_CntLeadZeros64                       0x080042bf   Thumb Code   156  cpu_core.o(.text)
    CPU_CntTrailZeros08                      0x0800435b   Thumb Code    10  cpu_core.o(.text)
    CPU_CntTrailZeros16                      0x08004365   Thumb Code    10  cpu_core.o(.text)
    CPU_CntTrailZeros32                      0x0800436f   Thumb Code    10  cpu_core.o(.text)
    CPU_CntTrailZeros64                      0x08004379   Thumb Code    36  cpu_core.o(.text)
    OSIdleTaskHook                           0x080043a9   Thumb Code    12  os_cpu_c.o(.text)
    OSInitHook                               0x080043b5   Thumb Code    22  os_cpu_c.o(.text)
    OSStatTaskHook                           0x080043cb   Thumb Code    12  os_cpu_c.o(.text)
    OSTaskCreateHook                         0x080043d7   Thumb Code    12  os_cpu_c.o(.text)
    OSTaskDelHook                            0x080043e3   Thumb Code    12  os_cpu_c.o(.text)
    OSTaskReturnHook                         0x080043ef   Thumb Code    12  os_cpu_c.o(.text)
    OSTaskStkInit                            0x080043fb   Thumb Code    96  os_cpu_c.o(.text)
    OSTaskSwHook                             0x0800445b   Thumb Code    46  os_cpu_c.o(.text)
    OSTimeTickHook                           0x08004489   Thumb Code    12  os_cpu_c.o(.text)
    OS_CPU_SysTickHandler                    0x08004495   Thumb Code    30  os_cpu_c.o(.text)
    OS_CPU_SysTickInit                       0x080044b3   Thumb Code    36  os_cpu_c.o(.text)
    OSCfg_Init                               0x08004515   Thumb Code     2  os_cfg_app.o(.text)
    OS_IdleTask                              0x08004519   Thumb Code    30  os_core.o(.text)
    OS_IdleTaskInit                          0x08004537   Thumb Code    62  os_core.o(.text)
    OS_RdyListInit                           0x08004575   Thumb Code    30  os_core.o(.text)
    OSInit                                   0x08004593   Thumb Code   254  os_core.o(.text)
    OSIntEnter                               0x08004691   Thumb Code    22  os_core.o(.text)
    OSIntExit                                0x080046a7   Thumb Code   100  os_core.o(.text)
    OSSched                                  0x0800470b   Thumb Code    86  os_core.o(.text)
    OSSchedLock                              0x08004761   Thumb Code    64  os_core.o(.text)
    OSSchedUnlock                            0x080047a1   Thumb Code    82  os_core.o(.text)
    OSSchedRoundRobinCfg                     0x080047f3   Thumb Code    60  os_core.o(.text)
    OS_RdyListMoveHeadToTail                 0x0800482f   Thumb Code    52  os_core.o(.text)
    OSSchedRoundRobinYield                   0x08004863   Thumb Code   114  os_core.o(.text)
    OSStart                                  0x080048d5   Thumb Code   202  os_core.o(.text)
    OSVersion                                0x0800499f   Thumb Code    10  os_core.o(.text)
    OS_PendDbgNameAdd                        0x080049a9   Thumb Code    46  os_core.o(.text)
    OS_PendListInsertPrio                    0x080049d7   Thumb Code    90  os_core.o(.text)
    OS_PendDataInit                          0x08004a31   Thumb Code    38  os_core.o(.text)
    OS_RdyListRemove                         0x08004a57   Thumb Code    78  os_core.o(.text)
    OS_TaskBlock                             0x08004aa5   Thumb Code    42  os_core.o(.text)
    OS_Pend                                  0x08004acf   Thumb Code    72  os_core.o(.text)
    OS_PendListRemove1                       0x08004b17   Thumb Code    54  os_core.o(.text)
    OS_PendListRemove                        0x08004b4d   Thumb Code    38  os_core.o(.text)
    OS_PendAbort1                            0x08004b73   Thumb Code    32  os_core.o(.text)
    OS_RdyListInsertHead                     0x08004b93   Thumb Code    52  os_core.o(.text)
    OS_RdyListInsertTail                     0x08004bc7   Thumb Code    48  os_core.o(.text)
    OS_RdyListInsert                         0x08004bf7   Thumb Code    38  os_core.o(.text)
    OS_TaskRdy                               0x08004c1d   Thumb Code    26  os_core.o(.text)
    OS_PendAbort                             0x08004c37   Thumb Code   128  os_core.o(.text)
    OS_PendDbgNameRemove                     0x08004cb7   Thumb Code    22  os_core.o(.text)
    OS_PendListChangePrio                    0x08004ccd   Thumb Code    50  os_core.o(.text)
    OS_PendListInit                          0x08004cff   Thumb Code    10  os_core.o(.text)
    OS_PendListInsertHead                    0x08004d09   Thumb Code    32  os_core.o(.text)
    OS_PendObjDel1                           0x08004d29   Thumb Code    32  os_core.o(.text)
    OS_PendObjDel                            0x08004d49   Thumb Code   156  os_core.o(.text)
    OS_Post1                                 0x08004de5   Thumb Code    38  os_core.o(.text)
    OS_Post                                  0x08004e0b   Thumb Code   154  os_core.o(.text)
    OS_SchedRoundRobin                       0x08004ea5   Thumb Code    80  os_core.o(.text)
    OS_Dbg_Init                              0x08004f05   Thumb Code     2  os_dbg.o(.text)
    OS_FlagDbgListAdd                        0x08004f09   Thumb Code    26  os_flag.o(.text)
    OSFlagCreate                             0x08004f23   Thumb Code    86  os_flag.o(.text)
    OS_FlagClr                               0x08004f79   Thumb Code    18  os_flag.o(.text)
    OS_FlagDbgListRemove                     0x08004f8b   Thumb Code    36  os_flag.o(.text)
    OSFlagDel                                0x08004faf   Thumb Code   222  os_flag.o(.text)
    OS_FlagBlock                             0x0800508d   Thumb Code    28  os_flag.o(.text)
    OSFlagPend                               0x080050a9   Thumb Code   534  os_flag.o(.text)
    OSFlagPendAbort                          0x080052bf   Thumb Code   212  os_flag.o(.text)
    OSFlagPendGetFlagsRdy                    0x08005393   Thumb Code    44  os_flag.o(.text)
    OS_FlagTaskRdy                           0x080053bf   Thumb Code    64  os_flag.o(.text)
    OS_FlagPost                              0x080053ff   Thumb Code   240  os_flag.o(.text)
    OSFlagPost                               0x080054ef   Thumb Code    82  os_flag.o(.text)
    OS_FlagInit                              0x08005541   Thumb Code    14  os_flag.o(.text)
    OS_MemDbgListAdd                         0x08005565   Thumb Code    22  os_mem.o(.text)
    OSMemCreate                              0x0800557b   Thumb Code   158  os_mem.o(.text)
    OSMemGet                                 0x08005619   Thumb Code    60  os_mem.o(.text)
    OSMemPut                                 0x08005655   Thumb Code    70  os_mem.o(.text)
    OS_MemInit                               0x0800569b   Thumb Code    14  os_mem.o(.text)
    OS_MsgPoolInit                           0x080056b9   Thumb Code    92  os_msg.o(.text)
    OS_MsgQFreeAll                           0x08005715   Thumb Code    48  os_msg.o(.text)
    OS_MsgQInit                              0x08005745   Thumb Code    14  os_msg.o(.text)
    OS_MsgQGet                               0x08005753   Thumb Code    82  os_msg.o(.text)
    OS_MsgQPut                               0x080057a5   Thumb Code   132  os_msg.o(.text)
    OS_MutexDbgListAdd                       0x08005835   Thumb Code    26  os_mutex.o(.text)
    OSMutexCreate                            0x0800584f   Thumb Code    94  os_mutex.o(.text)
    OS_MutexClr                              0x080058ad   Thumb Code    30  os_mutex.o(.text)
    OS_MutexDbgListRemove                    0x080058cb   Thumb Code    36  os_mutex.o(.text)
    OSMutexDel                               0x080058ef   Thumb Code   304  os_mutex.o(.text)
    OSMutexPend                              0x08005a1f   Thumb Code   398  os_mutex.o(.text)
    OSMutexPendAbort                         0x08005bad   Thumb Code   212  os_mutex.o(.text)
    OSMutexPost                              0x08005c81   Thumb Code   272  os_mutex.o(.text)
    OS_MutexInit                             0x08005d91   Thumb Code    14  os_mutex.o(.text)
    OS_PrioInit                              0x08005db9   Thumb Code    18  os_prio.o(.text)
    OS_PrioGetHighest                        0x08005dcb   Thumb Code    32  os_prio.o(.text)
    OS_PrioInsert                            0x08005deb   Thumb Code    28  os_prio.o(.text)
    OS_PrioRemove                            0x08005e07   Thumb Code    28  os_prio.o(.text)
    OS_QDbgListAdd                           0x08005e29   Thumb Code    26  os_q.o(.text)
    OSQCreate                                0x08005e43   Thumb Code   100  os_q.o(.text)
    OS_QClr                                  0x08005ea7   Thumb Code    40  os_q.o(.text)
    OS_QDbgListRemove                        0x08005ecf   Thumb Code    36  os_q.o(.text)
    OSQDel                                   0x08005ef3   Thumb Code   222  os_q.o(.text)
    OSQFlush                                 0x08005fd1   Thumb Code    76  os_q.o(.text)
    OSQPend                                  0x0800601d   Thumb Code   316  os_q.o(.text)
    OSQPendAbort                             0x08006159   Thumb Code   170  os_q.o(.text)
    OS_QPost                                 0x08006203   Thumb Code   166  os_q.o(.text)
    OSQPost                                  0x080062a9   Thumb Code   116  os_q.o(.text)
    OS_QInit                                 0x0800631d   Thumb Code    14  os_q.o(.text)
    OS_SemDbgListAdd                         0x08006339   Thumb Code    26  os_sem.o(.text)
    OSSemCreate                              0x08006353   Thumb Code    86  os_sem.o(.text)
    OS_SemClr                                0x080063a9   Thumb Code    20  os_sem.o(.text)
    OS_SemDbgListRemove                      0x080063bd   Thumb Code    36  os_sem.o(.text)
    OSSemDel                                 0x080063e1   Thumb Code   222  os_sem.o(.text)
    OSSemPend                                0x080064bf   Thumb Code   290  os_sem.o(.text)
    OSSemPendAbort                           0x080065e1   Thumb Code   170  os_sem.o(.text)
    OS_SemPost                               0x0800668b   Thumb Code   132  os_sem.o(.text)
    OSSemPost                                0x0800670f   Thumb Code   120  os_sem.o(.text)
    OSSemSet                                 0x08006787   Thumb Code    78  os_sem.o(.text)
    OS_SemInit                               0x080067d5   Thumb Code    14  os_sem.o(.text)
    OSStatReset                              0x080067f5   Thumb Code   126  os_stat.o(.text)
    OSStatTaskCPUUsageInit                   0x08006873   Thumb Code    98  os_stat.o(.text)
    OS_StatTask                              0x080068d5   Thumb Code   444  os_stat.o(.text)
    OS_StatTaskInit                          0x08006a91   Thumb Code   120  os_stat.o(.text)
    OSTaskChangePrio                         0x08006b7d   Thumb Code   178  os_task.o(.text)
    OS_TaskDbgListAdd                        0x08006c2f   Thumb Code    30  os_task.o(.text)
    OS_TaskInitTCB                           0x08006c4d   Thumb Code   162  os_task.o(.text)
    OSTaskCreate                             0x08006cef   Thumb Code   334  os_task.o(.text)
    OS_TaskDbgListRemove                     0x08006e3d   Thumb Code    52  os_task.o(.text)
    OSTaskDel                                0x08006e71   Thumb Code   192  os_task.o(.text)
    OSTaskQFlush                             0x08006f31   Thumb Code   112  os_task.o(.text)
    OSTaskQPend                              0x08006fa1   Thumb Code   306  os_task.o(.text)
    OSTaskQPendAbort                         0x080070d3   Thumb Code   126  os_task.o(.text)
    OS_TaskQPost                             0x08007151   Thumb Code   138  os_task.o(.text)
    OSTaskQPost                              0x080071db   Thumb Code    66  os_task.o(.text)
    OSTaskRegGet                             0x0800721d   Thumb Code    42  os_task.o(.text)
    OSTaskRegGetID                           0x08007247   Thumb Code    42  os_task.o(.text)
    OSTaskRegSet                             0x08007271   Thumb Code    40  os_task.o(.text)
    OS_TaskResume                            0x08007299   Thumb Code   168  os_task.o(.text)
    OSTaskResume                             0x08007341   Thumb Code    60  os_task.o(.text)
    OSTaskSemPend                            0x0800737d   Thumb Code   290  os_task.o(.text)
    OSTaskSemPendAbort                       0x0800749f   Thumb Code   130  os_task.o(.text)
    OS_TaskSemPost                           0x08007521   Thumb Code   148  os_task.o(.text)
    OSTaskSemPost                            0x080075b5   Thumb Code    44  os_task.o(.text)
    OSTaskSemSet                             0x080075e1   Thumb Code    52  os_task.o(.text)
    OSTaskStkChk                             0x08007615   Thumb Code   136  os_task.o(.text)
    OS_TaskSuspend                           0x0800769d   Thumb Code   144  os_task.o(.text)
    OSTaskSuspend                            0x0800772d   Thumb Code    28  os_task.o(.text)
    OSTaskTimeQuantaSet                      0x08007749   Thumb Code    68  os_task.o(.text)
    OS_TaskInit                              0x0800778d   Thumb Code    52  os_task.o(.text)
    OS_TaskReturn                            0x080077c1   Thumb Code    20  os_task.o(.text)
    OS_TickListRemove                        0x080077d9   Thumb Code    54  os_tick.o(.text)
    OS_TickListUpdate                        0x0800780f   Thumb Code   266  os_tick.o(.text)
    OS_TickTask                              0x08007919   Thumb Code    36  os_tick.o(.text)
    OS_TickListInit                          0x0800793d   Thumb Code    34  os_tick.o(.text)
    OS_TickTaskInit                          0x0800795f   Thumb Code   114  os_tick.o(.text)
    OS_TickListInsert                        0x080079d1   Thumb Code   202  os_tick.o(.text)
    OS_TickListResetPeak                     0x08007a9b   Thumb Code    30  os_tick.o(.text)
    OSTimeDly                                0x08007af9   Thumb Code   128  os_time.o(.text)
    OSTimeDlyHMSM                            0x08007b79   Thumb Code   268  os_time.o(.text)
    OSTimeDlyResume                          0x08007c85   Thumb Code   152  os_time.o(.text)
    OSTimeGet                                0x08007d1d   Thumb Code    24  os_time.o(.text)
    OSTimeSet                                0x08007d35   Thumb Code    24  os_time.o(.text)
    OSTimeTick                               0x08007d4d   Thumb Code    36  os_time.o(.text)
    ASCII_IsAlpha                            0x08007d91   Thumb Code    22  lib_ascii.o(.text)
    ASCII_IsAlphaNum                         0x08007da7   Thumb Code    28  lib_ascii.o(.text)
    ASCII_IsLower                            0x08007dc3   Thumb Code    14  lib_ascii.o(.text)
    ASCII_IsUpper                            0x08007dd1   Thumb Code    14  lib_ascii.o(.text)
    ASCII_IsDig                              0x08007ddf   Thumb Code    14  lib_ascii.o(.text)
    ASCII_IsDigOct                           0x08007ded   Thumb Code    14  lib_ascii.o(.text)
    ASCII_IsDigHex                           0x08007dfb   Thumb Code    28  lib_ascii.o(.text)
    ASCII_IsBlank                            0x08007e17   Thumb Code    16  lib_ascii.o(.text)
    ASCII_IsSpace                            0x08007e27   Thumb Code    32  lib_ascii.o(.text)
    ASCII_IsPrint                            0x08007e47   Thumb Code    14  lib_ascii.o(.text)
    ASCII_IsGraph                            0x08007e55   Thumb Code    14  lib_ascii.o(.text)
    ASCII_IsPunct                            0x08007e63   Thumb Code    58  lib_ascii.o(.text)
    ASCII_IsCtrl                             0x08007e9d   Thumb Code    22  lib_ascii.o(.text)
    ASCII_ToLower                            0x08007eb3   Thumb Code    14  lib_ascii.o(.text)
    ASCII_ToUpper                            0x08007ec1   Thumb Code    14  lib_ascii.o(.text)
    ASCII_Cmp                                0x08007ecf   Thumb Code    28  lib_ascii.o(.text)
    Mem_Init                                 0x08007eed   Thumb Code    54  lib_mem.o(.text)
    Mem_Set                                  0x08007f23   Thumb Code    70  lib_mem.o(.text)
    Mem_Clr                                  0x08007f69   Thumb Code     6  lib_mem.o(.text)
    Mem_Move                                 0x08007f6f   Thumb Code   132  lib_mem.o(.text)
    Mem_Cmp                                  0x08007ff3   Thumb Code   128  lib_mem.o(.text)
    Mem_HeapAlloc                            0x08008113   Thumb Code   164  lib_mem.o(.text)
    Mem_SegGetSizeRem                        0x080081b7   Thumb Code   114  lib_mem.o(.text)
    Mem_HeapGetSizeRem                       0x08008229   Thumb Code     8  lib_mem.o(.text)
    Mem_PoolClr                              0x08008231   Thumb Code    68  lib_mem.o(.text)
    Mem_PoolCreate                           0x08008275   Thumb Code   722  lib_mem.o(.text)
    Mem_PoolBlkGetNbrAvail                   0x08008547   Thumb Code    64  lib_mem.o(.text)
    Mem_PoolBlkGet                           0x08008587   Thumb Code   126  lib_mem.o(.text)
    Mem_PoolBlkGetUsedAtIx                   0x08008605   Thumb Code   102  lib_mem.o(.text)
    Mem_PoolBlkFree                          0x080086b1   Thumb Code   208  lib_mem.o(.text)
    Mem_PoolBlkIxGet                         0x08008781   Thumb Code   186  lib_mem.o(.text)
    Mem_Copy                                 0x08008841   Thumb Code     0  lib_mem_a.o(.text)
    Str_Len_N                                0x08008a61   Thumb Code    22  lib_str.o(.text)
    Str_Len                                  0x08008a77   Thumb Code     6  lib_str.o(.text)
    Str_Copy_N                               0x08008a7d   Thumb Code    48  lib_str.o(.text)
    Str_Copy                                 0x08008aad   Thumb Code     6  lib_str.o(.text)
    Str_Cat_N                                0x08008ab3   Thumb Code    58  lib_str.o(.text)
    Str_Cat                                  0x08008aed   Thumb Code     6  lib_str.o(.text)
    Str_Cmp_N                                0x08008af3   Thumb Code    86  lib_str.o(.text)
    Str_Cmp                                  0x08008b49   Thumb Code     6  lib_str.o(.text)
    Str_CmpIgnoreCase_N                      0x08008b4f   Thumb Code   146  lib_str.o(.text)
    Str_CmpIgnoreCase                        0x08008be1   Thumb Code     6  lib_str.o(.text)
    Str_Char_N                               0x08008be7   Thumb Code    46  lib_str.o(.text)
    Str_Char                                 0x08008c15   Thumb Code     8  lib_str.o(.text)
    Str_Char_Last_N                          0x08008c1d   Thumb Code    44  lib_str.o(.text)
    Str_Char_Last                            0x08008c49   Thumb Code     8  lib_str.o(.text)
    Str_Char_Replace_N                       0x08008c51   Thumb Code    42  lib_str.o(.text)
    Str_Char_Replace                         0x08008c7b   Thumb Code     6  lib_str.o(.text)
    Str_Str_N                                0x08008c81   Thumb Code   120  lib_str.o(.text)
    Str_Str                                  0x08008cf9   Thumb Code     6  lib_str.o(.text)
    Str_FmtNbr_Int32U                        0x08008e4f   Thumb Code    24  lib_str.o(.text)
    Str_FmtNbr_Int32S                        0x08008e67   Thumb Code    40  lib_str.o(.text)
    Str_ParseNbr_Int32U                      0x08008fc3   Thumb Code    12  lib_str.o(.text)
    Str_ParseNbr_Int32S                      0x08008fcf   Thumb Code    42  lib_str.o(.text)
    __aeabi_uldivmod                         0x08008ffd   Thumb Code    98  uldiv.o(.text)
    __aeabi_memset                           0x0800905f   Thumb Code    14  memseta.o(.text)
    __aeabi_memset4                          0x0800905f   Thumb Code     0  memseta.o(.text)
    __aeabi_memset8                          0x0800905f   Thumb Code     0  memseta.o(.text)
    __aeabi_memclr                           0x0800906d   Thumb Code     4  memseta.o(.text)
    __aeabi_memclr4                          0x0800906d   Thumb Code     0  memseta.o(.text)
    __aeabi_memclr8                          0x0800906d   Thumb Code     0  memseta.o(.text)
    _memset$wrapper                          0x08009071   Thumb Code    18  memseta.o(.text)
    strcat                                   0x08009083   Thumb Code    24  strcat.o(.text)
    __aeabi_dadd                             0x0800909b   Thumb Code   322  dadd.o(.text)
    __aeabi_dsub                             0x080091dd   Thumb Code     6  dadd.o(.text)
    __aeabi_drsub                            0x080091e3   Thumb Code     6  dadd.o(.text)
    __aeabi_dmul                             0x080091e9   Thumb Code   228  dmul.o(.text)
    __aeabi_ddiv                             0x080092cd   Thumb Code   222  ddiv.o(.text)
    __ARM_scalbn                             0x080093ab   Thumb Code    46  dscalb.o(.text)
    scalbn                                   0x080093ab   Thumb Code     0  dscalb.o(.text)
    __aeabi_ui2d                             0x080093d9   Thumb Code    26  dfltui.o(.text)
    __aeabi_cdcmpeq                          0x080093f5   Thumb Code     0  cdcmple.o(.text)
    __aeabi_cdcmple                          0x080093f5   Thumb Code    38  cdcmple.o(.text)
    __aeabi_cdrcmple                         0x0800941d   Thumb Code    38  cdrcmple.o(.text)
    __aeabi_uidiv                            0x08009445   Thumb Code     0  uidiv.o(.text)
    __aeabi_uidivmod                         0x08009445   Thumb Code    44  uidiv.o(.text)
    __aeabi_llsl                             0x08009471   Thumb Code    30  llshl.o(.text)
    _ll_shift_l                              0x08009471   Thumb Code     0  llshl.o(.text)
    __aeabi_llsr                             0x0800948f   Thumb Code    32  llushr.o(.text)
    _ll_ushift_r                             0x0800948f   Thumb Code     0  llushr.o(.text)
    __aeabi_lasr                             0x080094af   Thumb Code    36  llsshr.o(.text)
    _ll_sshift_r                             0x080094af   Thumb Code     0  llsshr.o(.text)
    __I$use$fp                               0x080094d3   Thumb Code     0  iusefp.o(.text)
    _double_round                            0x080094d3   Thumb Code    26  depilogue.o(.text)
    _double_epilogue                         0x080094ed   Thumb Code   164  depilogue.o(.text)
    _dsqrt                                   0x08009591   Thumb Code   162  dsqrt.o(.text)
    __aeabi_i2d                              0x08009633   Thumb Code    34  dflti.o(.text)
    __aeabi_d2ulz                            0x08009655   Thumb Code    48  dfixul.o(.text)
    __scatterload                            0x08009685   Thumb Code    28  init.o(.text)
    __scatterload_rt2                        0x08009685   Thumb Code     0  init.o(.text)
    OSStartHighRdy                           0x080096a9   Thumb Code     0  os_cpu_a.o(CODE)
    OSCtxSw                                  0x080096cb   Thumb Code     0  os_cpu_a.o(CODE)
    OSIntCtxSw                               0x080096d5   Thumb Code     0  os_cpu_a.o(CODE)
    OS_CPU_PendSVHandler                     0x080096df   Thumb Code     0  os_cpu_a.o(CODE)
    __0printf                                0x08009741   Thumb Code    22  printfa.o(i.__0printf)
    __1printf                                0x08009741   Thumb Code     0  printfa.o(i.__0printf)
    __2printf                                0x08009741   Thumb Code     0  printfa.o(i.__0printf)
    __c89printf                              0x08009741   Thumb Code     0  printfa.o(i.__0printf)
    printf                                   0x08009741   Thumb Code     0  printfa.o(i.__0printf)
    __0sprintf                               0x08009761   Thumb Code    34  printfa.o(i.__0sprintf)
    __1sprintf                               0x08009761   Thumb Code     0  printfa.o(i.__0sprintf)
    __2sprintf                               0x08009761   Thumb Code     0  printfa.o(i.__0sprintf)
    __c89sprintf                             0x08009761   Thumb Code     0  printfa.o(i.__0sprintf)
    sprintf                                  0x08009761   Thumb Code     0  printfa.o(i.__0sprintf)
    __kernel_poly                            0x08009789   Thumb Code   170  poly.o(i.__kernel_poly)
    __scatterload_copy                       0x08009833   Thumb Code    14  handlers.o(i.__scatterload_copy)
    __scatterload_null                       0x08009841   Thumb Code     2  handlers.o(i.__scatterload_null)
    __scatterload_zeroinit                   0x08009843   Thumb Code    14  handlers.o(i.__scatterload_zeroinit)
    __set_errno                              0x08009851   Thumb Code     6  errno.o(i.__set_errno)
    log                                      0x0800a109   Thumb Code   822  log.o(i.log)
    sqrt                                     0x0800a479   Thumb Code    76  sqrt.o(i.sqrt)
    OSCfg_IdleTaskStkBasePtr                 0x0800a784   Data           4  os_cfg_app.o(.constdata)
    OSCfg_IdleTaskStkLimit                   0x0800a788   Data           4  os_cfg_app.o(.constdata)
    OSCfg_IdleTaskStkSize                    0x0800a78c   Data           4  os_cfg_app.o(.constdata)
    OSCfg_ISRStkBasePtr                      0x0800a790   Data           4  os_cfg_app.o(.constdata)
    OSCfg_ISRStkSize                         0x0800a794   Data           4  os_cfg_app.o(.constdata)
    OSCfg_MsgPoolSize                        0x0800a798   Data           2  os_cfg_app.o(.constdata)
    OSCfg_MsgPoolBasePtr                     0x0800a79c   Data           4  os_cfg_app.o(.constdata)
    OSCfg_StatTaskPrio                       0x0800a7a0   Data           1  os_cfg_app.o(.constdata)
    OSCfg_StatTaskRate_Hz                    0x0800a7a4   Data           4  os_cfg_app.o(.constdata)
    OSCfg_StatTaskStkBasePtr                 0x0800a7a8   Data           4  os_cfg_app.o(.constdata)
    OSCfg_StatTaskStkLimit                   0x0800a7ac   Data           4  os_cfg_app.o(.constdata)
    OSCfg_StatTaskStkSize                    0x0800a7b0   Data           4  os_cfg_app.o(.constdata)
    OSCfg_StkSizeMin                         0x0800a7b4   Data           4  os_cfg_app.o(.constdata)
    OSCfg_TickRate_Hz                        0x0800a7b8   Data           4  os_cfg_app.o(.constdata)
    OSCfg_TickTaskPrio                       0x0800a7bc   Data           1  os_cfg_app.o(.constdata)
    OSCfg_TickTaskStkBasePtr                 0x0800a7c0   Data           4  os_cfg_app.o(.constdata)
    OSCfg_TickTaskStkLimit                   0x0800a7c4   Data           4  os_cfg_app.o(.constdata)
    OSCfg_TickTaskStkSize                    0x0800a7c8   Data           4  os_cfg_app.o(.constdata)
    OSCfg_TickWheelSize                      0x0800a7cc   Data           2  os_cfg_app.o(.constdata)
    __mathlib_zero                           0x0800a8a0   Data           8  qnan.o(.constdata)
    Region$$Table$$Base                      0x0800a8a8   Number         0  anon$$obj.o(Region$$Table)
    Region$$Table$$Limit                     0x0800a8c8   Number         0  anon$$obj.o(Region$$Table)
    PulseNUM                                 0x20000000   Data           1  freqmeasurement.o(.data)
    measureflag                              0x20000008   Data           1  stm32f4xx_it.o(.data)
    PulseNumFlag                             0x20000009   Data           1  stm32f4xx_it.o(.data)
    RecivNum                                 0x2000000a   Data           1  stm32f4xx_it.o(.data)
    IsCMDflag                                0x2000000b   Data           1  stm32f4xx_it.o(.data)
    UploadFlag                               0x2000000c   Data           1  stm32f4xx_it.o(.data)
    CountTimes                               0x20000010   Data           4  stm32f4xx_it.o(.data)
    OnFreq                                   0x20000018   Data           8  stm32f4xx_it.o(.data)
    SystemCoreClock                          0x20000020   Data           4  system_stm32f4xx.o(.data)
    AHBPrescTable                            0x20000024   Data          16  system_stm32f4xx.o(.data)
    CPU_TS_TmrFreq_Hz                        0x20000044   Data           4  cpu_core.o(.data)
    OS_CPU_ExceptStkBase                     0x20000048   Data           4  os_cpu_c.o(.data)
    OSPrioTbl                                0x2000004c   Data           8  os_prio.o(.data)
    OS_AppTaskCreateHookPtr                  0x20000054   Data           4  os_var.o(.data)
    OS_AppTaskDelHookPtr                     0x20000058   Data           4  os_var.o(.data)
    OS_AppTaskReturnHookPtr                  0x2000005c   Data           4  os_var.o(.data)
    OS_AppIdleTaskHookPtr                    0x20000060   Data           4  os_var.o(.data)
    OS_AppStatTaskHookPtr                    0x20000064   Data           4  os_var.o(.data)
    OS_AppTaskSwHookPtr                      0x20000068   Data           4  os_var.o(.data)
    OS_AppTimeTickHookPtr                    0x2000006c   Data           4  os_var.o(.data)
    OSIdleTaskCtr                            0x20000070   Data           4  os_var.o(.data)
    OSIntNestingCtr                          0x20000074   Data           1  os_var.o(.data)
    OSRunning                                0x20000075   Data           1  os_var.o(.data)
    OSFlagDbgListPtr                         0x20000078   Data           4  os_var.o(.data)
    OSFlagQty                                0x2000007c   Data           2  os_var.o(.data)
    OSMemDbgListPtr                          0x20000080   Data           4  os_var.o(.data)
    OSMemQty                                 0x20000084   Data           2  os_var.o(.data)
    OSMutexDbgListPtr                        0x20000088   Data           4  os_var.o(.data)
    OSMutexQty                               0x2000008c   Data           2  os_var.o(.data)
    OSPrioCur                                0x2000008e   Data           1  os_var.o(.data)
    OSPrioHighRdy                            0x2000008f   Data           1  os_var.o(.data)
    OSPrioSaved                              0x20000090   Data           1  os_var.o(.data)
    OSQDbgListPtr                            0x20000094   Data           4  os_var.o(.data)
    OSQQty                                   0x20000098   Data           2  os_var.o(.data)
    OSSchedLockNestingCtr                    0x2000009a   Data           1  os_var.o(.data)
    OSSchedRoundRobinDfltTimeQuanta          0x2000009c   Data           4  os_var.o(.data)
    OSSchedRoundRobinEn                      0x200000a0   Data           1  os_var.o(.data)
    OSSemDbgListPtr                          0x200000a4   Data           4  os_var.o(.data)
    OSSemQty                                 0x200000a8   Data           2  os_var.o(.data)
    OSStatResetFlag                          0x200000aa   Data           1  os_var.o(.data)
    OSStatTaskCPUUsage                       0x200000ac   Data           2  os_var.o(.data)
    OSStatTaskCPUUsageMax                    0x200000ae   Data           2  os_var.o(.data)
    OSStatTaskCtr                            0x200000b0   Data           4  os_var.o(.data)
    OSStatTaskCtrMax                         0x200000b4   Data           4  os_var.o(.data)
    OSStatTaskCtrRun                         0x200000b8   Data           4  os_var.o(.data)
    OSStatTaskRdy                            0x200000bc   Data           1  os_var.o(.data)
    OSStatTaskTimeMax                        0x200000c0   Data           4  os_var.o(.data)
    OSTaskCtxSwCtr                           0x200000c4   Data           4  os_var.o(.data)
    OSTaskDbgListPtr                         0x200000c8   Data           4  os_var.o(.data)
    OSTaskQty                                0x200000cc   Data           2  os_var.o(.data)
    OSTaskRegNextAvailID                     0x200000ce   Data           1  os_var.o(.data)
    OSTickCtr                                0x200000d0   Data           4  os_var.o(.data)
    OSTickTaskTimeMax                        0x200000d4   Data           4  os_var.o(.data)
    OSTCBCurPtr                              0x200000d8   Data           4  os_var.o(.data)
    OSTCBHighRdyPtr                          0x200000dc   Data           4  os_var.o(.data)
    Mem_PoolTbl                              0x200000e0   Data           4  lib_mem.o(.data)
    __stdout                                 0x200000e4   Data           4  stdout.o(.data)
    dev_ID                                   0x200005ac   Data          50  app.o(.bss)
    Reciv                                    0x20002fc0   Data          20  stm32f4xx_it.o(.bss)
    CPU_Name                                 0x20002fd4   Data          16  cpu_core.o(.bss)
    OSCfg_IdleTaskStk                        0x20002fe4   Data         512  os_cfg_app.o(.bss)
    OSCfg_ISRStk                             0x200031e4   Data        1024  os_cfg_app.o(.bss)
    OSCfg_MsgPool                            0x200035e4   Data        1600  os_cfg_app.o(.bss)
    OSCfg_StatTaskStk                        0x20003c24   Data         512  os_cfg_app.o(.bss)
    OSCfg_TickTaskStk                        0x20003e24   Data         512  os_cfg_app.o(.bss)
    OSCfg_TickWheel                          0x20004024   Data         128  os_cfg_app.o(.bss)
    OSIdleTaskTCB                            0x200040a4   Data         192  os_var.o(.bss)
    OSMsgPool                                0x20004164   Data          12  os_var.o(.bss)
    OSRdyList                                0x20004170   Data         768  os_var.o(.bss)
    OSStatTaskTCB                            0x20004470   Data         192  os_var.o(.bss)
    OSTickTaskTCB                            0x20004530   Data         192  os_var.o(.bss)
    Mem_PoolHeap                             0x200045f0   Data          72  lib_mem.o(.bss)
    Mem_Heap                                 0x20004638   Data       23552  lib_mem.o(.bss)
    __initial_sp                             0x2000e238   Data           0  startup_stm32f40_41xxx.o(STACK)



==============================================================================

Memory Map of the image

  Image Entry point : 0x08000189

  Load Region LR_IROM1 (Base: 0x08000000, Size: 0x0000a9b4, Max: 0x00100000, ABSOLUTE)

    Execution Region ER_IROM1 (Base: 0x08000000, Size: 0x0000a8c8, Max: 0x00100000, ABSOLUTE)

    Base Addr    Size         Type   Attr      Idx    E Section Name        Object

    0x08000000   0x00000188   Data   RO          593    RESET               startup_stm32f40_41xxx.o
    0x08000188   0x00000000   Code   RO         1360  * .ARM.Collect$$$$00000000  mc_w.l(entry.o)
    0x08000188   0x00000004   Code   RO         1647    .ARM.Collect$$$$00000001  mc_w.l(entry2.o)
    0x0800018c   0x00000004   Code   RO         1650    .ARM.Collect$$$$00000004  mc_w.l(entry5.o)
    0x08000190   0x00000000   Code   RO         1652    .ARM.Collect$$$$00000008  mc_w.l(entry7b.o)
    0x08000190   0x00000000   Code   RO         1654    .ARM.Collect$$$$0000000A  mc_w.l(entry8b.o)
    0x08000190   0x00000008   Code   RO         1655    .ARM.Collect$$$$0000000B  mc_w.l(entry9a.o)
    0x08000198   0x00000000   Code   RO         1657    .ARM.Collect$$$$0000000D  mc_w.l(entry10a.o)
    0x08000198   0x00000000   Code   RO         1659    .ARM.Collect$$$$0000000F  mc_w.l(entry11a.o)
    0x08000198   0x00000004   Code   RO         1648    .ARM.Collect$$$$00002712  mc_w.l(entry2.o)
    0x0800019c   0x000000b0   Code   RO            3    .text               bsp.o
    0x0800024c   0x00000064   Code   RO          197    .text               main.o
    0x080002b0   0x000002d4   Code   RO          276    .text               app.o
    0x08000584   0x00000650   Code   RO          301    .text               freqmeasurement.o
    0x08000bd4   0x00000180   Code   RO          324    .text               tools.o
    0x08000d54   0x00000104   Code   RO          345    .text               bsp_init.o
    0x08000e58   0x00000228   Code   RO          365    .text               bsp_usart.o
    0x08001080   0x00000378   Code   RO          389    .text               bsp_ltc2402.o
    0x080013f8   0x00000100   Code   RO          431    .text               bsp_rtc.o
    0x080014f8   0x000000d8   Code   RO          451    .text               bsp_485.o
    0x080015d0   0x00000154   Code   RO          477    .text               bsp_io_control.o
    0x08001724   0x000001e4   Code   RO          497    .text               stm32f4xx_it.o
    0x08001908   0x00000170   Code   RO          567    .text               system_stm32f4xx.o
    0x08001a78   0x00000024   Code   RO          594    .text               startup_stm32f40_41xxx.o
    0x08001a9c   0x000000b0   Code   RO          600    .text               misc.o
    0x08001b4c   0x00000040   Code   RO          620    .text               stm32f4xx_crc.o
    0x08001b8c   0x000000e8   Code   RO          640    .text               stm32f4xx_exti.o
    0x08001c74   0x000001ec   Code   RO          660    .text               stm32f4xx_gpio.o
    0x08001e60   0x000003d4   Code   RO          680    .text               stm32f4xx_rcc.o
    0x08002234   0x0000006c   Code   RO          702    .text               stm32f4xx_syscfg.o
    0x080022a0   0x00000344   Code   RO          722    .text               stm32f4xx_usart.o
    0x080025e4   0x000009dc   Code   RO          742    .text               stm32f4xx_tim.o
    0x08002fc0   0x000002f0   Code   RO          763    .text               stm32f4xx_spi.o
    0x080032b0   0x00000a24   Code   RO          783    .text               stm32f4xx_rtc.o
    0x08003cd4   0x000000d0   Code   RO          804    .text               stm32f4xx_pwr.o
    0x08003da4   0x00000080   Code   RO          824    .text               stm32f4xx_wwdg.o
    0x08003e24   0x0000003c   Code   RO          844    .text               stm32f4xx_iwdg.o
    0x08003e60   0x00000354   Code   RO          864    .text               stm32f4xx_adc.o
    0x080041b4   0x00000034   Code   RO          882    .text               cpu_a.o
    0x080041e8   0x000001c0   Code   RO          897    .text               cpu_core.o
    0x080043a8   0x0000016c   Code   RO          921    .text               os_cpu_c.o
    0x08004514   0x00000002   Code   RO          939    .text               os_cfg_app.o
    0x08004516   0x00000002   PAD
    0x08004518   0x000009ec   Code   RO         1007    .text               os_core.o
    0x08004f04   0x00000002   Code   RO         1020    .text               os_dbg.o
    0x08004f06   0x00000002   PAD
    0x08004f08   0x0000065c   Code   RO         1040    .text               os_flag.o
    0x08005564   0x00000154   Code   RO         1059    .text               os_mem.o
    0x080056b8   0x0000017c   Code   RO         1071    .text               os_msg.o
    0x08005834   0x00000584   Code   RO         1083    .text               os_mutex.o
    0x08005db8   0x00000070   Code   RO         1108    .text               os_prio.o
    0x08005e28   0x00000510   Code   RO         1127    .text               os_q.o
    0x08006338   0x000004bc   Code   RO         1140    .text               os_sem.o
    0x080067f4   0x00000388   Code   RO         1153    .text               os_stat.o
    0x08006b7c   0x00000c5c   Code   RO         1165    .text               os_task.o
    0x080077d8   0x00000320   Code   RO         1177    .text               os_tick.o
    0x08007af8   0x00000298   Code   RO         1190    .text               os_time.o
    0x08007d90   0x0000015a   Code   RO         1267    .text               lib_ascii.o
    0x08007eea   0x00000002   PAD
    0x08007eec   0x00000954   Code   RO         1302    .text               lib_mem.o
    0x08008840   0x00000220   Code   RO         1321    .text               lib_mem_a.o
    0x08008a60   0x0000059c   Code   RO         1324    .text               lib_str.o
    0x08008ffc   0x00000062   Code   RO         1363    .text               mc_w.l(uldiv.o)
    0x0800905e   0x00000024   Code   RO         1365    .text               mc_w.l(memseta.o)
    0x08009082   0x00000018   Code   RO         1367    .text               mc_w.l(strcat.o)
    0x0800909a   0x0000014e   Code   RO         1630    .text               mf_w.l(dadd.o)
    0x080091e8   0x000000e4   Code   RO         1632    .text               mf_w.l(dmul.o)
    0x080092cc   0x000000de   Code   RO         1634    .text               mf_w.l(ddiv.o)
    0x080093aa   0x0000002e   Code   RO         1636    .text               mf_w.l(dscalb.o)
    0x080093d8   0x0000001a   Code   RO         1638    .text               mf_w.l(dfltui.o)
    0x080093f2   0x00000002   PAD
    0x080093f4   0x00000028   Code   RO         1640    .text               mf_w.l(cdcmple.o)
    0x0800941c   0x00000028   Code   RO         1642    .text               mf_w.l(cdrcmple.o)
    0x08009444   0x0000002c   Code   RO         1662    .text               mc_w.l(uidiv.o)
    0x08009470   0x0000001e   Code   RO         1664    .text               mc_w.l(llshl.o)
    0x0800948e   0x00000020   Code   RO         1666    .text               mc_w.l(llushr.o)
    0x080094ae   0x00000024   Code   RO         1668    .text               mc_w.l(llsshr.o)
    0x080094d2   0x00000000   Code   RO         1677    .text               mc_w.l(iusefp.o)
    0x080094d2   0x000000be   Code   RO         1678    .text               mf_w.l(depilogue.o)
    0x08009590   0x000000a2   Code   RO         1680    .text               mf_w.l(dsqrt.o)
    0x08009632   0x00000022   Code   RO         1682    .text               mf_w.l(dflti.o)
    0x08009654   0x00000030   Code   RO         1684    .text               mf_w.l(dfixul.o)
    0x08009684   0x00000024   Code   RO         1686    .text               mc_w.l(init.o)
    0x080096a8   0x00000098   Code   RO          918    CODE                os_cpu_a.o
    0x08009740   0x00000020   Code   RO         1602    i.__0printf         mc_w.l(printfa.o)
    0x08009760   0x00000028   Code   RO         1604    i.__0sprintf        mc_w.l(printfa.o)
    0x08009788   0x000000aa   Code   RO         1644    i.__kernel_poly     m_ws.l(poly.o)
    0x08009832   0x0000000e   Code   RO         1690    i.__scatterload_copy  mc_w.l(handlers.o)
    0x08009840   0x00000002   Code   RO         1691    i.__scatterload_null  mc_w.l(handlers.o)
    0x08009842   0x0000000e   Code   RO         1692    i.__scatterload_zeroinit  mc_w.l(handlers.o)
    0x08009850   0x0000000c   Code   RO         1672    i.__set_errno       mc_w.l(errno.o)
    0x0800985c   0x0000015c   Code   RO         1609    i._fp_digits        mc_w.l(printfa.o)
    0x080099b8   0x000006f0   Code   RO         1610    i._printf_core      mc_w.l(printfa.o)
    0x0800a0a8   0x00000026   Code   RO         1611    i._printf_post_padding  mc_w.l(printfa.o)
    0x0800a0ce   0x00000030   Code   RO         1612    i._printf_pre_padding  mc_w.l(printfa.o)
    0x0800a0fe   0x0000000a   Code   RO         1614    i._sputc            mc_w.l(printfa.o)
    0x0800a108   0x00000370   Code   RO         1343    i.log               m_ws.l(log.o)
    0x0800a478   0x0000004c   Code   RO         1353    i.sqrt              m_ws.l(sqrt.o)
    0x0800a4c4   0x000001be   Data   RO          278    .constdata          app.o
    0x0800a682   0x00000100   Data   RO          899    .constdata          cpu_core.o
    0x0800a782   0x00000002   PAD
    0x0800a784   0x00000004   Data   RO          946    .constdata          os_cfg_app.o
    0x0800a788   0x00000004   Data   RO          947    .constdata          os_cfg_app.o
    0x0800a78c   0x00000004   Data   RO          948    .constdata          os_cfg_app.o
    0x0800a790   0x00000004   Data   RO          957    .constdata          os_cfg_app.o
    0x0800a794   0x00000004   Data   RO          958    .constdata          os_cfg_app.o
    0x0800a798   0x00000002   Data   RO          960    .constdata          os_cfg_app.o
    0x0800a79a   0x00000002   PAD
    0x0800a79c   0x00000004   Data   RO          962    .constdata          os_cfg_app.o
    0x0800a7a0   0x00000001   Data   RO          963    .constdata          os_cfg_app.o
    0x0800a7a1   0x00000003   PAD
    0x0800a7a4   0x00000004   Data   RO          964    .constdata          os_cfg_app.o
    0x0800a7a8   0x00000004   Data   RO          965    .constdata          os_cfg_app.o
    0x0800a7ac   0x00000004   Data   RO          966    .constdata          os_cfg_app.o
    0x0800a7b0   0x00000004   Data   RO          967    .constdata          os_cfg_app.o
    0x0800a7b4   0x00000004   Data   RO          969    .constdata          os_cfg_app.o
    0x0800a7b8   0x00000004   Data   RO          970    .constdata          os_cfg_app.o
    0x0800a7bc   0x00000001   Data   RO          971    .constdata          os_cfg_app.o
    0x0800a7bd   0x00000003   PAD
    0x0800a7c0   0x00000004   Data   RO          972    .constdata          os_cfg_app.o
    0x0800a7c4   0x00000004   Data   RO          973    .constdata          os_cfg_app.o
    0x0800a7c8   0x00000004   Data   RO          974    .constdata          os_cfg_app.o
    0x0800a7cc   0x00000002   Data   RO          976    .constdata          os_cfg_app.o
    0x0800a7ce   0x00000002   PAD
    0x0800a7d0   0x00000094   Data   RO         1325    .constdata          lib_str.o
    0x0800a864   0x00000004   PAD
    0x0800a868   0x00000038   Data   RO         1344    .constdata          m_ws.l(log.o)
    0x0800a8a0   0x00000008   Data   RO         1646    .constdata          m_ws.l(qnan.o)
    0x0800a8a8   0x00000020   Data   RO         1688    Region$$Table       anon$$obj.o


    Execution Region RW_IRAM1 (Base: 0x20000000, Size: 0x0000e238, Max: 0x00020000, ABSOLUTE)

    Base Addr    Size         Type   Attr      Idx    E Section Name        Object

    0x20000000   0x00000001   Data   RW          302    .data               freqmeasurement.o
    0x20000001   0x00000007   PAD
    0x20000008   0x00000018   Data   RW          499    .data               stm32f4xx_it.o
    0x20000020   0x00000014   Data   RW          568    .data               system_stm32f4xx.o
    0x20000034   0x00000010   Data   RW          681    .data               stm32f4xx_rcc.o
    0x20000044   0x00000004   Data   RW          900    .data               cpu_core.o
    0x20000048   0x00000004   Data   RW          922    .data               os_cpu_c.o
    0x2000004c   0x00000008   Data   RW         1109    .data               os_prio.o
    0x20000054   0x00000004   Data   RW         1213    .data               os_var.o
    0x20000058   0x00000004   Data   RW         1214    .data               os_var.o
    0x2000005c   0x00000004   Data   RW         1215    .data               os_var.o
    0x20000060   0x00000004   Data   RW         1216    .data               os_var.o
    0x20000064   0x00000004   Data   RW         1217    .data               os_var.o
    0x20000068   0x00000004   Data   RW         1218    .data               os_var.o
    0x2000006c   0x00000004   Data   RW         1219    .data               os_var.o
    0x20000070   0x00000004   Data   RW         1220    .data               os_var.o
    0x20000074   0x00000001   Data   RW         1221    .data               os_var.o
    0x20000075   0x00000001   Data   RW         1222    .data               os_var.o
    0x20000076   0x00000002   PAD
    0x20000078   0x00000004   Data   RW         1223    .data               os_var.o
    0x2000007c   0x00000002   Data   RW         1224    .data               os_var.o
    0x2000007e   0x00000002   PAD
    0x20000080   0x00000004   Data   RW         1225    .data               os_var.o
    0x20000084   0x00000002   Data   RW         1226    .data               os_var.o
    0x20000086   0x00000002   PAD
    0x20000088   0x00000004   Data   RW         1227    .data               os_var.o
    0x2000008c   0x00000002   Data   RW         1228    .data               os_var.o
    0x2000008e   0x00000001   Data   RW         1229    .data               os_var.o
    0x2000008f   0x00000001   Data   RW         1230    .data               os_var.o
    0x20000090   0x00000001   Data   RW         1231    .data               os_var.o
    0x20000091   0x00000003   PAD
    0x20000094   0x00000004   Data   RW         1232    .data               os_var.o
    0x20000098   0x00000002   Data   RW         1233    .data               os_var.o
    0x2000009a   0x00000001   Data   RW         1234    .data               os_var.o
    0x2000009b   0x00000001   PAD
    0x2000009c   0x00000004   Data   RW         1235    .data               os_var.o
    0x200000a0   0x00000001   Data   RW         1236    .data               os_var.o
    0x200000a1   0x00000003   PAD
    0x200000a4   0x00000004   Data   RW         1237    .data               os_var.o
    0x200000a8   0x00000002   Data   RW         1238    .data               os_var.o
    0x200000aa   0x00000001   Data   RW         1239    .data               os_var.o
    0x200000ab   0x00000001   PAD
    0x200000ac   0x00000002   Data   RW         1240    .data               os_var.o
    0x200000ae   0x00000002   Data   RW         1241    .data               os_var.o
    0x200000b0   0x00000004   Data   RW         1242    .data               os_var.o
    0x200000b4   0x00000004   Data   RW         1243    .data               os_var.o
    0x200000b8   0x00000004   Data   RW         1244    .data               os_var.o
    0x200000bc   0x00000001   Data   RW         1245    .data               os_var.o
    0x200000bd   0x00000003   PAD
    0x200000c0   0x00000004   Data   RW         1246    .data               os_var.o
    0x200000c4   0x00000004   Data   RW         1247    .data               os_var.o
    0x200000c8   0x00000004   Data   RW         1248    .data               os_var.o
    0x200000cc   0x00000002   Data   RW         1249    .data               os_var.o
    0x200000ce   0x00000001   Data   RW         1250    .data               os_var.o
    0x200000cf   0x00000001   PAD
    0x200000d0   0x00000004   Data   RW         1251    .data               os_var.o
    0x200000d4   0x00000004   Data   RW         1252    .data               os_var.o
    0x200000d8   0x00000004   Data   RW         1253    .data               os_var.o
    0x200000dc   0x00000004   Data   RW         1254    .data               os_var.o
    0x200000e0   0x00000004   Data   RW         1304    .data               lib_mem.o
    0x200000e4   0x00000004   Data   RW         1661    .data               mc_w.l(stdout.o)
    0x200000e8   0x00000004   Data   RW         1673    .data               mc_w.l(errno.o)
    0x200000ec   0x000004c0   Zero   RW          198    .bss                main.o
    0x200005ac   0x00002a14   Zero   RW          277    .bss                app.o
    0x20002fc0   0x00000014   Zero   RW          498    .bss                stm32f4xx_it.o
    0x20002fd4   0x00000010   Zero   RW          898    .bss                cpu_core.o
    0x20002fe4   0x00000200   Zero   RW          940    .bss                os_cfg_app.o
    0x200031e4   0x00000400   Zero   RW          941    .bss                os_cfg_app.o
    0x200035e4   0x00000640   Zero   RW          942    .bss                os_cfg_app.o
    0x20003c24   0x00000200   Zero   RW          943    .bss                os_cfg_app.o
    0x20003e24   0x00000200   Zero   RW          944    .bss                os_cfg_app.o
    0x20004024   0x00000080   Zero   RW          945    .bss                os_cfg_app.o
    0x200040a4   0x000000c0   Zero   RW         1208    .bss                os_var.o
    0x20004164   0x0000000c   Zero   RW         1209    .bss                os_var.o
    0x20004170   0x00000300   Zero   RW         1210    .bss                os_var.o
    0x20004470   0x000000c0   Zero   RW         1211    .bss                os_var.o
    0x20004530   0x000000c0   Zero   RW         1212    .bss                os_var.o
    0x200045f0   0x00005c48   Zero   RW         1303    .bss                lib_mem.o
    0x2000a238   0x00004000   Zero   RW          591    STACK               startup_stm32f40_41xxx.o


==============================================================================

Image component sizes


      Code (inc. data)   RO Data    RW Data    ZI Data      Debug   Object Name

       724         48        446          0      10772       1779   app.o
       176         28          0          0          0     362620   bsp.o
       216         20          0          0          0        989   bsp_485.o
       260          8          0          0          0       1095   bsp_init.o
       340         22          0          0          0       1232   bsp_io_control.o
       888        108          0          0          0       2565   bsp_ltc2402.o
       256         20          0          0          0        882   bsp_rtc.o
       552         24          0          0          0       2522   bsp_usart.o
        52          0          0          0          0        216   cpu_a.o
       448         12        256          4         16       5618   cpu_core.o
      1616        102          0          1          0       3591   freqmeasurement.o
       346          0          0          0          0       3830   lib_ascii.o
      2388         40          0          4      23624      19656   lib_mem.o
       544          0          0          0          0        352   lib_mem_a.o
      1436          4        148          0          0       8620   lib_str.o
       100         26          0          0       1216        831   main.o
       176         16          0          0          0       1513   misc.o
         0          0          0          0          0      37656   os_app_hooks.o
         2          0         66          0       4288      18610   os_cfg_app.o
      2540        214          0          0          0       9678   os_core.o
       152         32          0          0          0        260   os_cpu_a.o
       364         62          0          4          0       2821   os_cpu_c.o
         2          0          0          0          0        726   os_dbg.o
      1628         70          0          0          0       5313   os_flag.o
       340         16          0          0          0       1920   os_mem.o
       380         12          0          0          0       2042   os_msg.o
      1412         84          0          0          0       3964   os_mutex.o
       112          6          0          8          0       1460   os_prio.o
      1296         50          0          0          0       4474   os_q.o
      1212         58          0          0          0       4402   os_sem.o
       904        116          0          0          0       2189   os_stat.o
      3164        164          0          0          0       9786   os_task.o
       800         72          0          0          0       2787   os_tick.o
       664         40          0          0          0       2465   os_time.o
         0          0          0        122       1356      17257   os_var.o
        36          8        392          0      16384        724   startup_stm32f40_41xxx.o
       852         24          0          0          0       8678   stm32f4xx_adc.o
        64          6          0          0          0       1446   stm32f4xx_crc.o
       232          8          0          0          0       1947   stm32f4xx_exti.o
       492         36          0          0          0       3277   stm32f4xx_gpio.o
       484         78          0         24         20       3133   stm32f4xx_it.o
        60          6          0          0          0       1113   stm32f4xx_iwdg.o
       208         12          0          0          0       2152   stm32f4xx_pwr.o
       980         42          0         16          0       9499   stm32f4xx_rcc.o
      2596         44          0          0          0      13398   stm32f4xx_rtc.o
       752         22          0          0          0       5613   stm32f4xx_spi.o
       108         14          0          0          0       1391   stm32f4xx_syscfg.o
      2524         52          0          0          0      17898   stm32f4xx_tim.o
       836         26          0          0          0       6360   stm32f4xx_usart.o
       128         10          0          0          0       2048   stm32f4xx_wwdg.o
       368         36          0         20          0       1631   system_stm32f4xx.o
       384          8          0          0          0       2029   tools.o

    ----------------------------------------------------------------------
     36600       1906       1356        228      57676     628058   Object Totals
         0          0         32          0          0          0   (incl. Generated)
         6          0         16         25          0          0   (incl. Padding)

    ----------------------------------------------------------------------

      Code (inc. data)   RO Data    RW Data    ZI Data      Debug   Library Member Name

       880         58         56          0          0        264   log.o
       170          0          0          0          0         96   poly.o
         0          0          8          0          0          0   qnan.o
        76          0          0          0          0         84   sqrt.o
         0          0          0          0          0          0   entry.o
         0          0          0          0          0          0   entry10a.o
         0          0          0          0          0          0   entry11a.o
         8          4          0          0          0          0   entry2.o
         4          0          0          0          0          0   entry5.o
         0          0          0          0          0          0   entry7b.o
         0          0          0          0          0          0   entry8b.o
         8          4          0          0          0          0   entry9a.o
        12          6          0          4          0         68   errno.o
        30          0          0          0          0          0   handlers.o
        36          8          0          0          0         68   init.o
         0          0          0          0          0          0   iusefp.o
        30          0          0          0          0         68   llshl.o
        36          0          0          0          0         68   llsshr.o
        32          0          0          0          0         68   llushr.o
        36          0          0          0          0        108   memseta.o
      2292         96          0          0          0        596   printfa.o
         0          0          0          4          0          0   stdout.o
        24          0          0          0          0         68   strcat.o
        44          0          0          0          0         80   uidiv.o
        98          0          0          0          0         92   uldiv.o
        40          2          0          0          0         68   cdcmple.o
        40          2          0          0          0         68   cdrcmple.o
       334          0          0          0          0        148   dadd.o
       222          0          0          0          0        100   ddiv.o
       190          0          0          0          0        176   depilogue.o
        48          0          0          0          0         68   dfixul.o
        34          0          0          0          0         76   dflti.o
        26          0          0          0          0         76   dfltui.o
       228          0          0          0          0         96   dmul.o
        46          0          0          0          0         80   dscalb.o
       162          0          0          0          0        100   dsqrt.o

    ----------------------------------------------------------------------
      5188        180         64          8          0       2784   Library Totals
         2          0          0          0          0          0   (incl. Padding)

    ----------------------------------------------------------------------

      Code (inc. data)   RO Data    RW Data    ZI Data      Debug   Library Name

      1126         58         64          0          0        444   m_ws.l
      2690        118          0          8          0       1284   mc_w.l
      1370          4          0          0          0       1056   mf_w.l

    ----------------------------------------------------------------------
      5188        180         64          8          0       2784   Library Totals

    ----------------------------------------------------------------------

==============================================================================


      Code (inc. data)   RO Data    RW Data    ZI Data      Debug   

     41788       2086       1420        236      57676     622938   Grand Totals
     41788       2086       1420        236      57676     622938   ELF Image Totals
     41788       2086       1420        236          0          0   ROM Totals

==============================================================================

    Total RO  Size (Code + RO Data)                43208 (  42.20kB)
    Total RW  Size (RW Data + ZI Data)             57912 (  56.55kB)
    Total ROM Size (Code + RO Data + RW Data)      43444 (  42.43kB)

==============================================================================

