<html>
<body>
<pre>
<h1>µVision Build Log</h1>
<h2>Project:</h2>
E:\PROJECT\RD15002WV\RD15002WV\Freq\PRO\emWin.uvproj
Project File Date:  11/09/2015

<h2>Output:</h2>
Build target 'Freq'
compiling bsp.c...
compiling main.c...
compiling app.c...
..\App\APP\app.c(153): warning:  #167-D: argument of type "unsigned char *" is incompatible with parameter of type "char *restrict"
compiling FreqMeasurement.c...
compiling Tools.c...
..\App\APP\Tools.c(96): warning:  #167-D: argument of type "unsigned char *" is incompatible with parameter of type "char *restrict"
..\App\APP\Tools.c(96): warning:  #167-D: argument of type "unsigned char *" is incompatible with parameter of type "const char *restrict"
compiling bsp_init.c...
..\App\BSP\bsp_init.c(38): error:  #20: identifier "DevID" is undefined
..\App\BSP\bsp_init.c(45): error:  #20: identifier "DevID" is undefined
..\App\BSP\bsp_init.c(46): warning:  #167-D: argument of type "unsigned char *" is incompatible with parameter of type "char *restrict"
..\App\BSP\bsp_init.c(46): warning:  #167-D: argument of type "unsigned char *" is incompatible with parameter of type "const char *restrict"
..\App\BSP\bsp_init.c(73): warning:  #1-D: last line of file ends without a newline
compiling bsp_ltc2402.c...
..\App\BSP\bsp_ltc2402.c(85): warning: C4017W: u8charresbuf may be used before being set
compiling bsp_sst25vf064.c...
compiling bsp_rtc.c...
..\App\BSP\bsp_rtc.c(26): warning:  #1166-D: returning pointer to local variable
compiling bsp_io_control.c...
compiling stm32f4xx_it.c...
..\App\BSP\stm32f4xx_it.c(284): warning:  #1-D: last line of file ends without a newline
"..\obj\emWin.axf" - 2 Errors, 9 Warning(s).
Target not created
Build target 'Freq'
compiling Tools.c...
..\App\APP\Tools.c(97): warning:  #167-D: argument of type "unsigned char *" is incompatible with parameter of type "char *restrict"
..\App\APP\Tools.c(97): warning:  #167-D: argument of type "unsigned char *" is incompatible with parameter of type "const char *restrict"
compiling bsp_init.c...
..\App\BSP\bsp_init.c(46): warning:  #167-D: argument of type "unsigned char *" is incompatible with parameter of type "char *restrict"
..\App\BSP\bsp_init.c(46): warning:  #167-D: argument of type "unsigned char *" is incompatible with parameter of type "const char *restrict"
..\App\BSP\bsp_init.c(73): warning:  #1-D: last line of file ends without a newline
..\App\BSP\bsp_init.c(6): warning: C4017W: HSEStartUpStatus may be used before being set
linking...
Program Size: Code=40676 RO-data=1420 RW-data=236 ZI-data=57628  
FromELF: creating hex file...
"..\obj\emWin.axf" - 0 Errors, 6 Warning(s).
Build target 'Freq'
compiling bsp_init.c...
..\App\BSP\bsp_init.c(46): warning:  #167-D: argument of type "unsigned char *" is incompatible with parameter of type "char *restrict"
..\App\BSP\bsp_init.c(46): warning:  #167-D: argument of type "unsigned char *" is incompatible with parameter of type "const char *restrict"
..\App\BSP\bsp_init.c(73): warning:  #1-D: last line of file ends without a newline
..\App\BSP\bsp_init.c(6): warning: C4017W: HSEStartUpStatus may be used before being set
linking...
Program Size: Code=40676 RO-data=1420 RW-data=236 ZI-data=57628  
FromELF: creating hex file...
"..\obj\emWin.axf" - 0 Errors, 4 Warning(s).
Build target 'Freq'
linking...
Program Size: Code=40676 RO-data=1420 RW-data=236 ZI-data=57628  
FromELF: creating hex file...
"..\obj\emWin.axf" - 0 Errors, 0 Warning(s).
Build target 'Freq'
linking...
Program Size: Code=40676 RO-data=1420 RW-data=236 ZI-data=57628  
FromELF: creating hex file...
"..\obj\emWin.axf" - 0 Errors, 0 Warning(s).
Load "..\\obj\\emWin.axf" 
Set JLink Project File to "E:\PROJECT\RD15002WV\RD15002WV\Freq\PRO\JLinkSettings.ini"
* JLink Info: Device "STM32F407VG" selected (1024 KB flash, 128 KB RAM).
 
JLink info:
------------
DLL: V4.78j, compiled Nov 22 2013 20:08:33
Firmware: J-Link ARM V8 compiled Nov  8 2013 12:07:30
Hardware: V8.00
S/N : 17935099 
Feature(s) : RDI,FlashDL,FlashBP,JFlash 
 
* JLink Info: Found SWD-DP with ID 0x2BA01477
* JLink Info: Found SWD-DP with ID 0x2BA01477
* JLink Info: Found Cortex-M4 r0p1, Little endian.
* JLink Info: FPUnit: 6 code (BP) slots and 2 literal slots
* JLink Info: TPIU fitted.
* JLink Info: ETM fitted.
ROMTableAddr = 0xE00FF003
 
Target info:
------------
Device: STM32F407VG
VTarget = 3.196V
State of Pins: 
TCK: 0, TDI: 0, TDO: 0, TMS: 1, TRES: 1, TRST: 1
Hardware-Breakpoints: 6
Software-Breakpoints: 8192
Watchpoints:          4
JTAG speed: 500 kHz
 
Erase Done.
Programming Done.
Verify OK.
Application running ...
Build target 'Freq'
compiling app.c...
..\App\APP\app.c(153): warning:  #167-D: argument of type "unsigned char *" is incompatible with parameter of type "char *restrict"
linking...
Program Size: Code=40676 RO-data=1420 RW-data=236 ZI-data=57628  
FromELF: creating hex file...
"..\obj\emWin.axf" - 0 Errors, 1 Warning(s).
Load "..\\obj\\emWin.axf" 
Set JLink Project File to "E:\PROJECT\RD15002WV\RD15002WV\Freq\PRO\JLinkSettings.ini"
* JLink Info: Device "STM32F407VG" selected (1024 KB flash, 128 KB RAM).
 
JLink info:
------------
DLL: V4.78j, compiled Nov 22 2013 20:08:33
Firmware: J-Link ARM V8 compiled Nov  8 2013 12:07:30
Hardware: V8.00
S/N : 17935099 
Feature(s) : RDI,FlashDL,FlashBP,JFlash 
 
* JLink Info: Found SWD-DP with ID 0x2BA01477
* JLink Info: STM32F2xxx/STM32F4xxx: Can not attach to CPU. Trying connect under reset.
* JLink Info: Found SWD-DP with ID 0x2BA01477
Load "..\\obj\\emWin.axf" 
Set JLink Project File to "E:\PROJECT\RD15002WV\RD15002WV\Freq\PRO\JLinkSettings.ini"
* JLink Info: Device "STM32F407VG" selected (1024 KB flash, 128 KB RAM).
 
JLink info:
------------
DLL: V4.78j, compiled Nov 22 2013 20:08:33
Firmware: J-Link ARM V8 compiled Nov  8 2013 12:07:30
Hardware: V8.00
S/N : 17935099 
Feature(s) : RDI,FlashDL,FlashBP,JFlash 
 
* JLink Info: Found SWD-DP with ID 0x2BA01477
* JLink Info: Found SWD-DP with ID 0x2BA01477
* JLink Info: Found Cortex-M4 r0p1, Little endian.
* JLink Info: FPUnit: 6 code (BP) slots and 2 literal slots
* JLink Info: TPIU fitted.
* JLink Info: ETM fitted.
ROMTableAddr = 0xE00FF003
 
Target info:
------------
Device: STM32F407VG
VTarget = 3.196V
State of Pins: 
TCK: 0, TDI: 0, TDO: 0, TMS: 1, TRES: 1, TRST: 1
Hardware-Breakpoints: 6
Software-Breakpoints: 8192
Watchpoints:          4
JTAG speed: 500 kHz
 
Erase Done.
Programming Done.
Verify OK.
Application running ...
Build target 'Freq'
compiling app.c...
..\App\APP\app.c(154): warning:  #167-D: argument of type "unsigned char *" is incompatible with parameter of type "char *restrict"
compiling bsp_ltc2402.c...
..\App\BSP\bsp_ltc2402.c(95): warning: C4017W: u8charresbuf may be used before being set
linking...
Program Size: Code=40644 RO-data=1420 RW-data=236 ZI-data=57628  
FromELF: creating hex file...
"..\obj\emWin.axf" - 0 Errors, 2 Warning(s).
Load "..\\obj\\emWin.axf" 
Set JLink Project File to "E:\PROJECT\RD15002WV\RD15002WV\Freq\PRO\JLinkSettings.ini"
* JLink Info: Device "STM32F407VG" selected (1024 KB flash, 128 KB RAM).
 
JLink info:
------------
DLL: V4.78j, compiled Nov 22 2013 20:08:33
Firmware: J-Link ARM V8 compiled Nov  8 2013 12:07:30
Hardware: V8.00
S/N : 17935099 
Feature(s) : RDI,FlashDL,FlashBP,JFlash 
 
* JLink Info: Found SWD-DP with ID 0x2BA01477
* JLink Info: Found SWD-DP with ID 0x2BA01477
* JLink Info: Found Cortex-M4 r0p1, Little endian.
* JLink Info: FPUnit: 6 code (BP) slots and 2 literal slots
* JLink Info: TPIU fitted.
* JLink Info: ETM fitted.
ROMTableAddr = 0xE00FF003
 
Target info:
------------
Device: STM32F407VG
VTarget = 3.196V
State of Pins: 
TCK: 0, TDI: 0, TDO: 0, TMS: 1, TRES: 1, TRST: 1
Hardware-Breakpoints: 6
Software-Breakpoints: 8192
Watchpoints:          4
JTAG speed: 500 kHz
 
Erase Done.
Programming Done.
Verify OK.
Application running ...
Build target 'Freq'
compiling app.c...
..\App\APP\app.c(154): warning:  #167-D: argument of type "unsigned char *" is incompatible with parameter of type "char *restrict"
linking...
Program Size: Code=40628 RO-data=1420 RW-data=236 ZI-data=57628  
FromELF: creating hex file...
"..\obj\emWin.axf" - 0 Errors, 1 Warning(s).
Load "..\\obj\\emWin.axf" 
Set JLink Project File to "E:\PROJECT\RD15002WV\RD15002WV\Freq\PRO\JLinkSettings.ini"
* JLink Info: Device "STM32F407VG" selected (1024 KB flash, 128 KB RAM).
 
JLink info:
------------
DLL: V4.78j, compiled Nov 22 2013 20:08:33
Firmware: J-Link ARM V8 compiled Nov  8 2013 12:07:30
Hardware: V8.00
S/N : 17935099 
Feature(s) : RDI,FlashDL,FlashBP,JFlash 
 
* JLink Info: Found SWD-DP with ID 0x2BA01477
* JLink Info: STM32F2xxx/STM32F4xxx: Can not attach to CPU. Trying connect under reset.
* JLink Info: Found SWD-DP with ID 0x2BA01477
Build target 'Freq'
compiling bsp_ltc2402.c...
..\App\BSP\bsp_ltc2402.c(95): warning: C4017W: u8charresbuf may be used before being set
linking...
Program Size: Code=40628 RO-data=1420 RW-data=236 ZI-data=57628  
FromELF: creating hex file...
"..\obj\emWin.axf" - 0 Errors, 1 Warning(s).
Load "..\\obj\\emWin.axf" 
Set JLink Project File to "E:\PROJECT\RD15002WV\RD15002WV\Freq\PRO\JLinkSettings.ini"
* JLink Info: Device "STM32F407VG" selected (1024 KB flash, 128 KB RAM).
 
JLink info:
------------
DLL: V4.78j, compiled Nov 22 2013 20:08:33
Firmware: J-Link ARM V8 compiled Nov  8 2013 12:07:30
Hardware: V8.00
S/N : 17935099 
Feature(s) : RDI,FlashDL,FlashBP,JFlash 
 
* JLink Info: Found SWD-DP with ID 0x2BA01477
* JLink Info: Found SWD-DP with ID 0x2BA01477
* JLink Info: Found Cortex-M4 r0p1, Little endian.
* JLink Info: FPUnit: 6 code (BP) slots and 2 literal slots
* JLink Info: TPIU fitted.
* JLink Info: ETM fitted.
ROMTableAddr = 0xE00FF003
 
Target info:
------------
Device: STM32F407VG
VTarget = 3.190V
State of Pins: 
TCK: 0, TDI: 0, TDO: 0, TMS: 1, TRES: 1, TRST: 1
Hardware-Breakpoints: 6
Software-Breakpoints: 8192
Watchpoints:          4
JTAG speed: 500 kHz
 
Erase Done.
Programming Done.
Contents mismatch at: 080006A6H  (Flash=98H  Required=30H) !
Contents mismatch at: 080006A7H  (Flash=DEH  Required=BDH) !
Contents mismatch at: 08000993H  (Flash=94H  Required=24H) !
Contents mismatch at: 08000D1CH  (Flash=86H  Required=06H) !
Contents mismatch at: 08000D1DH  (Flash=90H  Required=21H) !
Contents mismatch at: 08000D1EH  (Flash=46H  Required=8DH) !
Contents mismatch at: 08000D1FH  (Flash=FCH  Required=F8H) !
Contents mismatch at: 08002D9CH  (Flash=A0H  Required=20H) !
Contents mismatch at: 08002D9DH  (Flash=40H  Required=81H) !
Contents mismatch at: 08002D9EH  (Flash=B8H  Required=70H) !
Contents mismatch at: 08002D9FH  (Flash=5EH  Required=BDH) !
Contents mismatch at: 080031C3H  (Flash=5BH  Required=B5H) !
Contents mismatch at: 08003305H  (Flash=CEH  Required=4EH) !
Contents mismatch at: 08003306H  (Flash=02H  Required=05H) !
Contents mismatch at: 08003307H  (Flash=23H  Required=46H) !
Contents mismatch at: 08003A20H  (Flash=10H  Required=5DH) !
Contents mismatch at: 08003A21H  (Flash=31H  Required=49H) !
Contents mismatch at: 08003A22H  (Flash=01H  Required=08H) !
Contents mismatch at: 08003A23H  (Flash=EBH  Required=B5H) !
Contents mismatch at: 08003A24H  (Flash=80H  Required=10H) !
Contents mismatch at: 08003A25H  (Flash=00H  Required=31H) !
Contents mismatch at: 08003A26H  (Flash=00H  Required=01H) !
Contents mismatch at: 08003A27H  (Flash=90H  Required=EBH) !
Contents mismatch at: 08003A28H  (Flash=00H  Required=80H) !
Contents mismatch at: 08003A29H  (Flash=68H  Required=00H) !
Contents mismatch at: 08003A2AH  (Flash=08H  Required=00H) !
Contents mismatch at: 08003A2BH  (Flash=BDH  Required=90H) !
Contents mismatch at: 08003A2CH  (Flash=59H  Required=00H) !
Contents mismatch at: 08003A2DH  (Flash=49H  Required=68H) !
Contents mismatch at: 08003A2EH  (Flash=0AH  Required=08H) !
Contents mismatch at: 08003A2FH  (Flash=68H  Required=BDH) !
Contents mismatch at: 08003A30H  (Flash=22H  Required=59H) !
Contents mismatch at: 08003A31H  (Flash=F4H  Required=49H) !
Contents mismatch at: 08003A32H  (Flash=80H  Required=0AH) !
Contents mismatch at: 08003A33H  (Flash=32H  Required=68H) !
Contents mismatch at: 08003A34H  (Flash=0AH  Required=22H) !
Contents mismatch at: 08003A35H  (Flash=60H  Required=F4H) !
Contents mismatch at: 08003A36H  (Flash=0AH  Required=80H) !
Contents mismatch at: 08003A37H  (Flash=68H  Required=32H) !
Contents mismatch at: 08003A38H  (Flash=02H  Required=0AH) !
Contents mismatch at: 08003A39H  (Flash=43H  Required=60H) !
Contents mismatch at: 08003A3BH  (Flash=60H  Required=68H) !
Contents mismatch at: 08003A3CH  (Flash=70H  Required=02H) !
Contents mismatch at: 08003A3DH  (Flash=47H  Required=43H) !
Contents mismatch at: 08003A3EH  (Flash=55H  Required=0AH) !
Contents mismatch at: 08003A3FH  (Flash=49H  Required=60H) !
Contents mismatch at: 08003A40H  (Flash=0AH  Required=70H) !
Contents mismatch at: 08003A41H  (Flash=68H  Required=47H) !
Contents mismatch at: 08003A42H  (Flash=22H  Required=55H) !
Contents mismatch at: 08003A43H  (Flash=F4H  Required=49H) !
Contents mismatch at: 08003A44H  (Flash=00H  Required=0AH) !
Contents mismatch at: 08003A45H  (Flash=32H  Required=68H) !
Contents mismatch at: 08003A46H  (Flash=0AH  Required=22H) !
Contents mismatch at: 08003A47H  (Flash=60H  Required=F4H) !
Contents mismatch at: 08003A48H  (Flash=0AH  Required=00H) !
Contents mismatch at: 08003A49H  (Flash=68H  Required=32H) !
Contents mismatch at: 08003A4AH  (Flash=02H  Required=0AH) !
Contents mismatch at: 08003A4BH  (Flash=43H  Required=60H) !
Contents mismatch at: 08003A4DH  (Flash=60H  Required=68H) !
Contents mismatch at: 08003A4EH  (Flash=70H  Required=02H) !
Contents mismatch at: 08003A4FH  (Flash=47H  Required=43H) !
Contents mismatch at: 08003A50H  (Flash=50H  Required=0AH) !
Contents mismatch at: 08003A51H  (Flash=49H  Required=60H) !
Contents mismatch at: 08003A52H  (Flash=0AH  Required=70H) !
Contents mismatch at: 08003A53H  (Flash=68H  Required=47H) !
Contents mismatch at: 08003A54H  (Flash=22H  Required=50H) !
Contents mismatch at: 08003A55H  (Flash=F4H  Required=49H) !
Contents mismatch at: 08003A56H  (Flash=80H  Required=0AH) !
Contents mismatch at: 08003A57H  (Flash=22H  Required=68H) !
Contents mismatch at: 08003A58H  (Flash=0AH  Required=22H) !
Contents mismatch at: 08003A59H  (Flash=60H  Required=F4H) !
Contents mismatch at: 08003A5AH  (Flash=0AH  Required=80H) !
Contents mismatch at: 08003A5BH  (Flash=68H  Required=22H) !
Contents mismatch at: 08003A5CH  (Flash=02H  Required=0AH) !
Contents mismatch at: 08003A5DH  (Flash=43H  Required=60H) !
Contents mismatch at: 08003A5FH  (Flash=60H  Required=68H) !
Contents mismatch at: 08003A60H  (Flash=70H  Required=02H) !
Contents mismatch at: 08003A61H  (Flash=47H  Required=43H) !
Contents mismatch at: 08003A62H  (Flash=70H  Required=0AH) !
Contents mismatch at: 08003A63H  (Flash=B5H  Required=60H) !
Contents mismatch at: 08003A64H  (Flash=4BH  Required=70H) !
Contents mismatch at: 08003A65H  (Flash=4CH  Required=47H) !
Contents mismatch at: 08003A66H  (Flash=00H  Required=70H) !
Contents mismatch at: 08003A67H  (Flash=22H  Required=B5H) !
Contents mismatch at: 08003A68H  (Flash=CAH  Required=4BH) !
Contents mismatch at: 08003A69H  (Flash=23H  Required=4CH) !
Contents mismatch at: 08003A6AH  (Flash=1CH  Required=00H) !
Contents mismatch at: 08003A6BH  (Flash=3CH  Required=22H) !
Contents mismatch at: 08003A6CH  (Flash=23H  Required=CAH) !
Contents mismatch at: 08003A6DH  (Flash=60H  Required=23H) !
Contents mismatch at: 08003A6EH  (Flash=53H  Required=1CH) !
Contents mismatch at: 08003A6FH  (Flash=23H  Required=3CH) !
Contents mismatch at: 08003A72H  (Flash=48H  Required=53H) !
Contents mismatch at: 08003A73H  (Flash=4BH  Required=23H) !
Contents mismatch at: 08003A74H  (Flash=34H  Required=23H) !
Contents mismatch at: 08003A75H  (Flash=3BH  Required=60H) !
Contents mismatch at: 08003A76H  (Flash=1DH  Required=48H) !
Contents mismatch at: 08003A77H  (Flash=68H  Required=4BH) !
Contents mismatch at: 08003A78H  (Flash=2DH  Required=34H) !
Contents mismatch at: 08003A79H  (Flash=07H  Required=3BH) !
Too many errors to display !
Load "..\\obj\\emWin.axf" 
Set JLink Project File to "E:\PROJECT\RD15002WV\RD15002WV\Freq\PRO\JLinkSettings.ini"
* JLink Info: Device "STM32F407VG" selected (1024 KB flash, 128 KB RAM).
 
JLink info:
------------
DLL: V4.78j, compiled Nov 22 2013 20:08:33
Firmware: J-Link ARM V8 compiled Nov  8 2013 12:07:30
Hardware: V8.00
S/N : 17935099 
Feature(s) : RDI,FlashDL,FlashBP,JFlash 
 
* JLink Info: Found SWD-DP with ID 0x2BA01477
* JLink Info: Found SWD-DP with ID 0x2BA01477
* JLink Info: Found Cortex-M4 r0p1, Little endian.
* JLink Info: FPUnit: 6 code (BP) slots and 2 literal slots
* JLink Info: TPIU fitted.
* JLink Info: ETM fitted.
ROMTableAddr = 0xE00FF003
 
Target info:
------------
Device: STM32F407VG
VTarget = 3.196V
State of Pins: 
TCK: 0, TDI: 0, TDO: 0, TMS: 1, TRES: 1, TRST: 1
Hardware-Breakpoints: 6
Software-Breakpoints: 8192
Watchpoints:          4
JTAG speed: 500 kHz
 
Erase Done.
Programming Done.
Verify OK.
Application running ...
Build target 'Freq'
compiling bsp_ltc2402.c...
..\App\BSP\bsp_ltc2402.c(95): warning: C4017W: u8charresbuf may be used before being set
linking...
Program Size: Code=40628 RO-data=1420 RW-data=236 ZI-data=57628  
FromELF: creating hex file...
"..\obj\emWin.axf" - 0 Errors, 1 Warning(s).
Build target 'Freq'
linking...
Program Size: Code=40628 RO-data=1420 RW-data=236 ZI-data=57628  
FromELF: creating hex file...
"..\obj\emWin.axf" - 0 Errors, 0 Warning(s).
Build target 'Freq'
linking...
Program Size: Code=40628 RO-data=1420 RW-data=236 ZI-data=57628  
FromELF: creating hex file...
"..\obj\emWin.axf" - 0 Errors, 0 Warning(s).
Load "..\\obj\\emWin.axf" 
Set JLink Project File to "E:\PROJECT\RD15002WV\RD15002WV\Freq\PRO\JLinkSettings.ini"
* JLink Info: Device "STM32F407VG" selected (1024 KB flash, 128 KB RAM).
 
JLink info:
------------
DLL: V4.78j, compiled Nov 22 2013 20:08:33
Firmware: J-Link ARM V8 compiled Nov  8 2013 12:07:30
Hardware: V8.00
S/N : 17935099 
Feature(s) : RDI,FlashDL,FlashBP,JFlash 
 
* JLink Info: Found SWD-DP with ID 0x2BA01477
* JLink Info: STM32F2xxx/STM32F4xxx: Can not attach to CPU. Trying connect under reset.
* JLink Info: Found SWD-DP with ID 0x2BA01477
Load "..\\obj\\emWin.axf" 
Set JLink Project File to "E:\PROJECT\RD15002WV\RD15002WV\Freq\PRO\JLinkSettings.ini"
* JLink Info: Device "STM32F407VG" selected (1024 KB flash, 128 KB RAM).
 
JLink info:
------------
DLL: V4.78j, compiled Nov 22 2013 20:08:33
Firmware: J-Link ARM V8 compiled Nov  8 2013 12:07:30
Hardware: V8.00
S/N : 17935099 
Feature(s) : RDI,FlashDL,FlashBP,JFlash 
 
* JLink Info: Found SWD-DP with ID 0x2BA01477
* JLink Info: Found SWD-DP with ID 0x2BA01477
* JLink Info: Found Cortex-M4 r0p1, Little endian.
* JLink Info: FPUnit: 6 code (BP) slots and 2 literal slots
* JLink Info: TPIU fitted.
* JLink Info: ETM fitted.
ROMTableAddr = 0xE00FF003
 
Target info:
------------
Device: STM32F407VG
VTarget = 3.202V
State of Pins: 
TCK: 0, TDI: 0, TDO: 0, TMS: 1, TRES: 1, TRST: 1
Hardware-Breakpoints: 6
Software-Breakpoints: 8192
Watchpoints:          4
JTAG speed: 500 kHz
 
Erase Done.
Programming Done.
Verify OK.
Application running ...
Build target 'Freq'
compiling app.c...
..\App\APP\app.c(151): warning:  #167-D: argument of type "unsigned char *" is incompatible with parameter of type "char *restrict"
linking...
Program Size: Code=40648 RO-data=1424 RW-data=236 ZI-data=57628  
FromELF: creating hex file...
"..\obj\emWin.axf" - 0 Errors, 1 Warning(s).
Load "..\\obj\\emWin.axf" 
Set JLink Project File to "E:\PROJECT\RD15002WV\RD15002WV\Freq\PRO\JLinkSettings.ini"
* JLink Info: Device "STM32F407VG" selected (1024 KB flash, 128 KB RAM).
 
JLink info:
------------
DLL: V4.78j, compiled Nov 22 2013 20:08:33
Firmware: J-Link ARM V8 compiled Nov  8 2013 12:07:30
Hardware: V8.00
S/N : 17935099 
Feature(s) : RDI,FlashDL,FlashBP,JFlash 
 
* JLink Info: Found SWD-DP with ID 0x2BA01477
* JLink Info: Found SWD-DP with ID 0x2BA01477
* JLink Info: Found Cortex-M4 r0p1, Little endian.
* JLink Info: FPUnit: 6 code (BP) slots and 2 literal slots
* JLink Info: TPIU fitted.
* JLink Info: ETM fitted.
ROMTableAddr = 0xE00FF003
 
Target info:
------------
Device: STM32F407VG
VTarget = 3.190V
State of Pins: 
TCK: 0, TDI: 0, TDO: 0, TMS: 1, TRES: 1, TRST: 1
Hardware-Breakpoints: 6
Software-Breakpoints: 8192
Watchpoints:          4
JTAG speed: 500 kHz
 
Erase Done.
Programming Done.
Verify OK.
Application running ...
Load "..\\obj\\emWin.axf" 
Set JLink Project File to "E:\PROJECT\RD15002WV\RD15002WV\Freq\PRO\JLinkSettings.ini"
* JLink Info: Device "STM32F407VG" selected (1024 KB flash, 128 KB RAM).
 
JLink info:
------------
DLL: V4.78j, compiled Nov 22 2013 20:08:33
Firmware: J-Link ARM V8 compiled Nov  8 2013 12:07:30
Hardware: V8.00
S/N : 17935099 
Feature(s) : RDI,FlashDL,FlashBP,JFlash 
 
* JLink Info: Found SWD-DP with ID 0x2BA01477
* JLink Info: Found SWD-DP with ID 0x2BA01477
* JLink Info: Found Cortex-M4 r0p1, Little endian.
* JLink Info: FPUnit: 6 code (BP) slots and 2 literal slots
* JLink Info: TPIU fitted.
* JLink Info: ETM fitted.
ROMTableAddr = 0xE00FF003
 
Target info:
------------
Device: STM32F407VG
VTarget = 3.202V
State of Pins: 
TCK: 0, TDI: 0, TDO: 0, TMS: 1, TRES: 1, TRST: 1
Hardware-Breakpoints: 6
Software-Breakpoints: 8192
Watchpoints:          4
JTAG speed: 500 kHz
 
Erase Done.
Programming Done.
Verify OK.
Application running ...
