<html>
<body>
<pre>
<h1>µVision Build Log</h1>
<h2>Project:</h2>
E:\PROJECT\RD15002WV\RD15002WV\Freq\PRO\emWin.uvproj
Project File Date:  11/13/2015

<h2>Output:</h2>
Load "..\\obj\\emWin.axf" 
Set JLink Project File to "E:\PROJECT\RD15002WV\RD15002WV\Freq\PRO\JLinkSettings.ini"
* JLink Info: Device "STM32F407VG" selected (1024 KB flash, 128 KB RAM).
 
JLink info:
------------
DLL: V4.78j, compiled Nov 22 2013 20:08:33
Firmware: J-Link ARM V8 compiled Nov  8 2013 12:07:30
Hardware: V8.00
S/N : 17935099 
Feature(s) : RDI,FlashDL,FlashBP,JFlash 
 
* JLink Info: STM32F2xxx/STM32F4xxx: Can not attach to CPU. Trying connect under reset.
**JLink Warning: RESET (pin 15) high, but should be low. Please check target hardware.
***JLink Error: Supply voltage too low (1 Volt is required, Measured: 0.0 Volt).
Please check target power.
Load "..\\obj\\emWin.axf" 
Set JLink Project File to "E:\PROJECT\RD15002WV\RD15002WV\Freq\PRO\JLinkSettings.ini"
* JLink Info: Device "STM32F407VG" selected (1024 KB flash, 128 KB RAM).
 
JLink info:
------------
DLL: V4.78j, compiled Nov 22 2013 20:08:33
Firmware: J-Link ARM V8 compiled Nov  8 2013 12:07:30
Hardware: V8.00
S/N : 17935099 
Feature(s) : RDI,FlashDL,FlashBP,JFlash 
 
* JLink Info: STM32F2xxx/STM32F4xxx: Can not attach to CPU. Trying connect under reset.
**JLink Warning: RESET (pin 15) high, but should be low. Please check target hardware.
***JLink Error: Supply voltage too low (1 Volt is required, Measured: 0.0 Volt).
Please check target power.
Load "..\\obj\\emWin.axf" 
Set JLink Project File to "E:\PROJECT\RD15002WV\RD15002WV\Freq\PRO\JLinkSettings.ini"
* JLink Info: Device "STM32F407VG" selected (1024 KB flash, 128 KB RAM).
 
JLink info:
------------
DLL: V4.78j, compiled Nov 22 2013 20:08:33
Firmware: J-Link ARM V8 compiled Nov  8 2013 12:07:30
Hardware: V8.00
S/N : 17935099 
Feature(s) : RDI,FlashDL,FlashBP,JFlash 
 
* JLink Info: Found SWD-DP with ID 0x2BA01477
* JLink Info: Found SWD-DP with ID 0x2BA01477
* JLink Info: Found Cortex-M4 r0p1, Little endian.
* JLink Info: FPUnit: 6 code (BP) slots and 2 literal slots
* JLink Info: TPIU fitted.
* JLink Info: ETM fitted.
ROMTableAddr = 0xE00FF003
 
Target info:
------------
Device: STM32F407VG
VTarget = 3.235V
State of Pins: 
TCK: 0, TDI: 0, TDO: 0, TMS: 1, TRES: 1, TRST: 1
Hardware-Breakpoints: 6
Software-Breakpoints: 8192
Watchpoints:          4
JTAG speed: 500 kHz
 
Erase Done.
Programming Done.
Verify OK.
Application running ...
Load "..\\obj\\emWin.axf" 
Load "..\\obj\\emWin.axf" 
Set JLink Project File to "E:\PROJECT\RD15002WV\RD15002WV\Freq\PRO\JLinkSettings.ini"
* JLink Info: Device "STM32F407VG" selected (1024 KB flash, 128 KB RAM).
 
JLink info:
------------
DLL: V4.78j, compiled Nov 22 2013 20:08:33
Firmware: J-Link ARM V8 compiled Nov  8 2013 12:07:30
Hardware: V8.00
S/N : 17935099 
Feature(s) : RDI,FlashDL,FlashBP,JFlash 
 
* JLink Info: Found SWD-DP with ID 0x2BA01477
* JLink Info: Found SWD-DP with ID 0x2BA01477
* JLink Info: Found Cortex-M4 r0p1, Little endian.
* JLink Info: FPUnit: 6 code (BP) slots and 2 literal slots
* JLink Info: TPIU fitted.
* JLink Info: ETM fitted.
ROMTableAddr = 0xE00FF003
 
Target info:
------------
Device: STM32F407VG
VTarget = 3.241V
State of Pins: 
TCK: 0, TDI: 0, TDO: 0, TMS: 1, TRES: 1, TRST: 1
Hardware-Breakpoints: 6
Software-Breakpoints: 8192
Watchpoints:          4
JTAG speed: 500 kHz
 
Erase Done.
Programming Done.
Verify OK.
Application running ...
Build target 'Freq'
compiling app.c...
..\App\APP\app.c(116): warning:  #177-D: variable "err" was declared but never referenced
..\App\APP\app.c(117): warning:  #177-D: variable "str_buff" was declared but never referenced
..\App\APP\app.c(178): warning:  #1-D: last line of file ends without a newline
compiling AppMain.c...
..\Protocol\Protocol\AppMain.h(3): error:  #5: cannot open source input file "kernel.h": No such file or directory
compiling serial.c...
..\uCOSIII\uC-Serial\Source\serial.h(91): error:  #5: cannot open source input file "app_cfg.h": No such file or directory
compiling kernel.c...
..\Protocol\sys\kernel.c(32): warning:  #223-D: function "RCC_DeInit" declared implicitly
..\Protocol\sys\kernel.c(35): warning:  #223-D: function "RCC_HSEConfig" declared implicitly
..\Protocol\sys\kernel.c(35): error:  #20: identifier "RCC_HSE_ON" is undefined
..\Protocol\sys\kernel.c(38): warning:  #223-D: function "RCC_WaitForHSEStartUp" declared implicitly
..\Protocol\sys\kernel.c(38): error:  #20: identifier "SUCCESS" is undefined
..\Protocol\sys\kernel.c(41): warning:  #223-D: function "RCC_HCLKConfig" declared implicitly
..\Protocol\sys\kernel.c(41): error:  #20: identifier "RCC_SYSCLK_Div1" is undefined
..\Protocol\sys\kernel.c(44): warning:  #223-D: function "RCC_PCLK2Config" declared implicitly
..\Protocol\sys\kernel.c(44): error:  #20: identifier "RCC_HCLK_Div1" is undefined
..\Protocol\sys\kernel.c(47): warning:  #223-D: function "RCC_PCLK1Config" declared implicitly
..\Protocol\sys\kernel.c(47): error:  #20: identifier "RCC_HCLK_Div2" is undefined
..\Protocol\sys\kernel.c(50): warning:  #223-D: function "RCC_ADCCLKConfig" declared implicitly
..\Protocol\sys\kernel.c(50): error:  #20: identifier "RCC_PCLK2_Div4" is undefined
..\Protocol\sys\kernel.c(53): warning:  #223-D: function "FLASH_SetLatency" declared implicitly
..\Protocol\sys\kernel.c(53): error:  #20: identifier "FLASH_Latency_2" is undefined
..\Protocol\sys\kernel.c(55): warning:  #223-D: function "FLASH_PrefetchBufferCmd" declared implicitly
..\Protocol\sys\kernel.c(55): error:  #20: identifier "FLASH_PrefetchBuffer_Enable" is undefined
..\Protocol\sys\kernel.c(58): warning:  #223-D: function "RCC_PLLConfig" declared implicitly
..\Protocol\sys\kernel.c(58): error:  #20: identifier "RCC_PLLSource_HSE_Div2" is undefined
..\Protocol\sys\kernel.c(58): error:  #20: identifier "RCC_PLLMul_9" is undefined
..\Protocol\sys\kernel.c(61): warning:  #223-D: function "RCC_PLLCmd" declared implicitly
..\Protocol\sys\kernel.c(61): error:  #20: identifier "ENABLE" is undefined
..\Protocol\sys\kernel.c(64): warning:  #223-D: function "RCC_GetFlagStatus" declared implicitly
..\Protocol\sys\kernel.c(64): error:  #20: identifier "RCC_FLAG_PLLRDY" is undefined
..\Protocol\sys\kernel.c(64): error:  #20: identifier "RESET" is undefined
..\Protocol\sys\kernel.c(69): warning:  #223-D: function "RCC_SYSCLKConfig" declared implicitly
..\Protocol\sys\kernel.c(69): error:  #20: identifier "RCC_SYSCLKSource_PLLCLK" is undefined
..\Protocol\sys\kernel.c(72): warning:  #223-D: function "RCC_GetSYSCLKSource" declared implicitly
..\Protocol\sys\kernel.c(77): warning:  #223-D: function "RCC_APB2PeriphClockCmd" declared implicitly
..\Protocol\sys\kernel.c(77): error:  #20: identifier "RCC_APB2Periph_AFIO" is undefined
..\Protocol\sys\kernel.c(77): error:  #20: identifier "ENABLE" is undefined
..\Protocol\sys\kernel.c(79): warning:  #223-D: function "RCC_AHBPeriphClockCmd" declared implicitly
..\Protocol\sys\kernel.c(79): error:  #20: identifier "RCC_AHBPeriph_CRC" is undefined
..\Protocol\sys\kernel.c(118): warning:  #223-D: function "SysTick_Config" declared implicitly
..\Protocol\sys\kernel.c(118): error:  #20: identifier "SystemCoreClock" is undefined
..\Protocol\sys\kernel.c(188): error:  #20: identifier "u32" is undefined
..\Protocol\sys\kernel.c(204): warning:  #223-D: function "NVIC_SystemReset" declared implicitly
..\Protocol\sys\kernel.c(258): warning:  #223-D: function "NVIC_SystemReset" declared implicitly
..\Protocol\sys\kernel.c(264): error:  #20: identifier "vu32" is undefined
..\Protocol\sys\kernel.c(264): error:  #29: expected an expression
..\Protocol\sys\kernel.c(265): error:  #29: expected an expression
..\Protocol\sys\kernel.c(266): error:  #29: expected an expression
"..\obj\emWin.axf" - 25 Errors, 22 Warning(s).
Target not created
Build target 'Freq'
compiling AppMain.c...
..\Protocol\Protocol\AppMain.h(3): error:  #5: cannot open source input file "kernel.h": No such file or directory
compiling serial.c...
..\uCOSIII\uC-Serial\Source\serial.h(91): error:  #5: cannot open source input file "app_cfg.h": No such file or directory
compiling kernel.c...
..\Protocol\sys\kernel.c(23): error:  #20: identifier "vu32" is undefined
..\Protocol\sys\kernel.c(23): error:  #29: expected an expression
..\Protocol\sys\kernel.c(24): error:  #29: expected an expression
..\Protocol\sys\kernel.c(25): error:  #29: expected an expression
"..\obj\emWin.axf" - 6 Errors, 0 Warning(s).
Target not created
Build target 'Freq'
compiling bsp.c...
compiling main.c...
compiling os_app_hooks.c...
compiling app.c...
..\App\APP\app.c(116): warning:  #177-D: variable "err" was declared but never referenced
..\App\APP\app.c(117): warning:  #177-D: variable "str_buff" was declared but never referenced
..\App\APP\app.c(178): warning:  #1-D: last line of file ends without a newline
compiling FreqMeasurement.c...
..\App\APP\FreqMeasurement.c(232): warning:  #177-D: variable "i" was declared but never referenced
compiling Tools.c...
..\App\APP\Tools.c(100): warning:  #167-D: argument of type "unsigned char *" is incompatible with parameter of type "char *restrict"
..\App\APP\Tools.c(100): warning:  #167-D: argument of type "unsigned char *" is incompatible with parameter of type "const char *restrict"
compiling bsp_init.c...
..\App\BSP\bsp_init.c(46): warning:  #167-D: argument of type "unsigned char *" is incompatible with parameter of type "char *restrict"
..\App\BSP\bsp_init.c(46): warning:  #167-D: argument of type "unsigned char *" is incompatible with parameter of type "const char *restrict"
..\App\BSP\bsp_init.c(73): warning:  #1-D: last line of file ends without a newline
..\App\BSP\bsp_init.c(6): warning: C4017W: HSEStartUpStatus may be used before being set
compiling bsp_usart.c...
compiling bsp_ltc2402.c...
..\App\BSP\bsp_ltc2402.c(95): warning: C4017W: u8charresbuf may be used before being set
compiling bsp_sst25vf064.c...
compiling bsp_rtc.c...
..\App\BSP\bsp_rtc.c(26): warning:  #1166-D: returning pointer to local variable
compiling bsp_485.c...
..\App\BSP\bsp_485.c(55): warning:  #1-D: last line of file ends without a newline
compiling bsp_cpld4064.c...
compiling bsp_gprs.c...
compiling bsp_io_control.c...
compiling stm32f4xx_it.c...
..\App\BSP\stm32f4xx_it.c(284): warning:  #1-D: last line of file ends without a newline
compiling system_stm32f4xx.c...
compiling misc.c...
compiling stm32f4xx_crc.c...
compiling stm32f4xx_exti.c...
compiling stm32f4xx_gpio.c...
compiling stm32f4xx_rcc.c...
compiling stm32f4xx_syscfg.c...
compiling stm32f4xx_usart.c...
compiling stm32f4xx_tim.c...
compiling stm32f4xx_spi.c...
compiling stm32f4xx_rtc.c...
compiling stm32f4xx_pwr.c...
compiling stm32f4xx_wwdg.c...
compiling stm32f4xx_iwdg.c...
compiling stm32f4xx_adc.c...
compiling cpu_c.c...
compiling cpu_core.c...
compiling os_cpu_c.c...
compiling os_cfg_app.c...
compiling os_core.c...
compiling os_dbg.c...
compiling os_flag.c...
compiling os_int.c...
compiling os_mem.c...
compiling os_msg.c...
compiling os_mutex.c...
compiling os_pend_multi.c...
compiling os_prio.c...
compiling os_q.c...
compiling os_sem.c...
compiling os_stat.c...
compiling os_task.c...
compiling os_tick.c...
compiling os_time.c...
compiling os_tmr.c...
compiling os_var.c...
compiling lib_ascii.c...
compiling lib_math.c...
compiling lib_mem.c...
compiling lib_str.c...
..\uCOSIII\uC-LIB\lib_str.c(3497): warning: C4017W: nbr_neg_fmtd may be used before being set
..\uCOSIII\uC-LIB\lib_str.c(3494): warning: C4017W: lead_char_0 may be used before being set
..\uCOSIII\uC-LIB\lib_str.c(3483): warning: C4017W: nbr_fmt may be used before being set
compiling AppMain.c...
..\Protocol\Protocol\AppMain.c(75): error:  #20: identifier "USART_TypeDef" is undefined
..\Protocol\Protocol\AppMain.c(77): warning:  #223-D: function "UsartSend" declared implicitly
..\Protocol\Protocol\AppMain.c(102): warning:  #223-D: function "SoftGenCrc32" declared implicitly
..\Protocol\Protocol\AppMain.c(147): error:  #20: identifier "USART1" is undefined
..\Protocol\Protocol\AppMain.c(153): error:  #20: identifier "USART1" is undefined
..\Protocol\Protocol\AppMain.c(165): error:  #20: identifier "USART1" is undefined
..\Protocol\Protocol\AppMain.c(179): error:  #20: identifier "USART1" is undefined
..\Protocol\Protocol\AppMain.c(208): error:  #20: identifier "USART1" is undefined
..\Protocol\Protocol\AppMain.c(232): error:  #268: declaration may not appear after executable statement in block
..\Protocol\Protocol\AppMain.c(234): error:  #268: declaration may not appear after executable statement in block
..\Protocol\Protocol\AppMain.c(266): warning:  #223-D: function "SoftGenCrc32" declared implicitly
..\Protocol\Protocol\AppMain.c(278): error:  #268: declaration may not appear after executable statement in block
..\Protocol\Protocol\AppMain.c(325): error:  #20: identifier "USART1" is undefined
..\Protocol\Protocol\AppMain.c(330): error:  #20: identifier "USART1" is undefined
..\Protocol\Protocol\AppMain.c(377): error:  #20: identifier "PQueueInfo" is undefined
..\Protocol\Protocol\AppMain.c(377): error:  #20: identifier "USART_TypeDef" is undefined
..\Protocol\Protocol\AppMain.c(379): error:  #20: identifier "PQueueInfo" is undefined
..\Protocol\Protocol\AppMain.c(381): error:  #20: identifier "USART1" is undefined
..\Protocol\Protocol\AppMain.c(383): error:  #20: identifier "pUart1QueueInfo" is undefined
..\Protocol\Protocol\AppMain.c(385): error:  #20: identifier "USART2" is undefined
..\Protocol\Protocol\AppMain.c(387): error:  #20: identifier "pUart2QueueInfo" is undefined
..\Protocol\Protocol\AppMain.c(389): error:  #20: identifier "USART3" is undefined
..\Protocol\Protocol\AppMain.c(391): error:  #20: identifier "pUart3QueueInfo" is undefined
..\Protocol\Protocol\AppMain.c(404): error:  #20: identifier "USER_UARTSIZE" is undefined
..\Protocol\Protocol\AppMain.c(410): error:  #268: declaration may not appear after executable statement in block
..\Protocol\Protocol\AppMain.c(410): error:  #20: identifier "PQueueInfo" is undefined
..\Protocol\Protocol\AppMain.c(412): error:  #268: declaration may not appear after executable statement in block
..\Protocol\Protocol\AppMain.c(418): error:  #20: identifier "USART1" is undefined
..\Protocol\Protocol\AppMain.c(431): warning:  #223-D: function "GetQueueLength" declared implicitly
..\Protocol\Protocol\AppMain.c(433): warning:  #223-D: function "GetUartReceiveTime" declared implicitly
..\Protocol\Protocol\AppMain.c(436): warning:  #223-D: function "ReadUsartData" declared implicitly
compiling Protocol.c...
..\Protocol\drv\src\Protocol.c(69): warning:  #223-D: function "CRC_ResetDR" declared implicitly
..\Protocol\drv\src\Protocol.c(70): warning:  #223-D: function "CRC_CalcBlockCRC" declared implicitly
compiling serial.c...
..\uCOSIII\uC-Serial\Source\serial.h(91): error:  #5: cannot open source input file "app_cfg.h": No such file or directory
compiling kernel.c...
..\Protocol\sys\kernel.c(23): error:  #20: identifier "vu32" is undefined
..\Protocol\sys\kernel.c(23): error:  #29: expected an expression
..\Protocol\sys\kernel.c(24): error:  #29: expected an expression
..\Protocol\sys\kernel.c(25): error:  #29: expected an expression
"..\obj\emWin.axf" - 30 Errors, 25 Warning(s).
Target not created
Build target 'Freq'
compiling AppMain.c...
..\Protocol\Protocol\AppMain.c(77): warning:  #223-D: function "UsartSend" declared implicitly
..\Protocol\Protocol\AppMain.c(102): warning:  #223-D: function "SoftGenCrc32" declared implicitly
..\Protocol\Protocol\AppMain.c(232): error:  #268: declaration may not appear after executable statement in block
..\Protocol\Protocol\AppMain.c(234): error:  #268: declaration may not appear after executable statement in block
..\Protocol\Protocol\AppMain.c(266): warning:  #223-D: function "SoftGenCrc32" declared implicitly
..\Protocol\Protocol\AppMain.c(278): error:  #268: declaration may not appear after executable statement in block
..\Protocol\Protocol\AppMain.c(377): error:  #20: identifier "PQueueInfo" is undefined
..\Protocol\Protocol\AppMain.c(379): error:  #20: identifier "PQueueInfo" is undefined
..\Protocol\Protocol\AppMain.c(383): error:  #20: identifier "pUart1QueueInfo" is undefined
..\Protocol\Protocol\AppMain.c(387): error:  #20: identifier "pUart2QueueInfo" is undefined
..\Protocol\Protocol\AppMain.c(391): error:  #20: identifier "pUart3QueueInfo" is undefined
..\Protocol\Protocol\AppMain.c(404): error:  #20: identifier "USER_UARTSIZE" is undefined
..\Protocol\Protocol\AppMain.c(407): warning:  #223-D: function "EnterException" declared implicitly
..\Protocol\Protocol\AppMain.c(410): error:  #268: declaration may not appear after executable statement in block
..\Protocol\Protocol\AppMain.c(410): error:  #20: identifier "PQueueInfo" is undefined
..\Protocol\Protocol\AppMain.c(412): error:  #268: declaration may not appear after executable statement in block
..\Protocol\Protocol\AppMain.c(431): warning:  #223-D: function "GetQueueLength" declared implicitly
..\Protocol\Protocol\AppMain.c(433): warning:  #223-D: function "GetTickCount" declared implicitly
..\Protocol\Protocol\AppMain.c(433): warning:  #223-D: function "GetUartReceiveTime" declared implicitly
..\Protocol\Protocol\AppMain.c(436): warning:  #223-D: function "ReadUsartData" declared implicitly
compiling Protocol.c...
compiling usart_serial.c...
..\Protocol\drv\src\usart_serial.c(19): warning:  #223-D: function "GetTickCount" declared implicitly
..\Protocol\drv\src\usart_serial.c(26): warning: C4017W: u32Value may be used before being set
..\Protocol\drv\src\usart_serial.c(80): warning: C4017W: pQueueInfo may be used before being set
..\Protocol\drv\src\usart_serial.c(112): warning: C4017W: pQueueInfo may be used before being set
..\Protocol\drv\src\usart_serial.c(146): warning: C4017W: pQueueInfo may be used before being set
compiling kernel.c...
"..\obj\emWin.axf" - 12 Errors, 13 Warning(s).
Target not created
Build target 'Freq'
compiling AppMain.c...
..\Protocol\Protocol\AppMain.c(77): warning:  #223-D: function "UsartSend" declared implicitly
..\Protocol\Protocol\AppMain.c(232): error:  #268: declaration may not appear after executable statement in block
..\Protocol\Protocol\AppMain.c(234): error:  #268: declaration may not appear after executable statement in block
..\Protocol\Protocol\AppMain.c(278): error:  #268: declaration may not appear after executable statement in block
..\Protocol\Protocol\AppMain.c(383): error:  #20: identifier "pUart1QueueInfo" is undefined
..\Protocol\Protocol\AppMain.c(387): error:  #20: identifier "pUart2QueueInfo" is undefined
..\Protocol\Protocol\AppMain.c(391): error:  #20: identifier "pUart3QueueInfo" is undefined
..\Protocol\Protocol\AppMain.c(404): error:  #20: identifier "USER_UARTSIZE" is undefined
..\Protocol\Protocol\AppMain.c(407): warning:  #223-D: function "EnterException" declared implicitly
..\Protocol\Protocol\AppMain.c(410): error:  #268: declaration may not appear after executable statement in block
..\Protocol\Protocol\AppMain.c(412): error:  #268: declaration may not appear after executable statement in block
..\Protocol\Protocol\AppMain.c(433): warning:  #223-D: function "GetTickCount" declared implicitly
..\Protocol\Protocol\AppMain.c(433): warning:  #223-D: function "GetUartReceiveTime" declared implicitly
..\Protocol\Protocol\AppMain.c(436): warning:  #223-D: function "ReadUsartData" declared implicitly
compiling Protocol.c...
compiling usart_serial.c...
..\Protocol\drv\src\usart_serial.c(19): warning:  #223-D: function "GetTickCount" declared implicitly
..\Protocol\drv\src\usart_serial.c(26): warning: C4017W: u32Value may be used before being set
..\Protocol\drv\src\usart_serial.c(80): warning: C4017W: pQueueInfo may be used before being set
..\Protocol\drv\src\usart_serial.c(112): warning: C4017W: pQueueInfo may be used before being set
..\Protocol\drv\src\usart_serial.c(146): warning: C4017W: pQueueInfo may be used before being set
compiling kernel.c...
"..\obj\emWin.axf" - 9 Errors, 10 Warning(s).
Target not created
Build target 'Freq'
compiling AppMain.c...
..\Protocol\Protocol\AppMain.c(232): error:  #268: declaration may not appear after executable statement in block
..\Protocol\Protocol\AppMain.c(234): error:  #268: declaration may not appear after executable statement in block
..\Protocol\Protocol\AppMain.c(278): error:  #268: declaration may not appear after executable statement in block
..\Protocol\Protocol\AppMain.c(407): warning:  #223-D: function "EnterException" declared implicitly
..\Protocol\Protocol\AppMain.c(410): error:  #268: declaration may not appear after executable statement in block
..\Protocol\Protocol\AppMain.c(412): error:  #268: declaration may not appear after executable statement in block
..\Protocol\Protocol\AppMain.c(433): warning:  #223-D: function "GetTickCount" declared implicitly
compiling Protocol.c...
..\Protocol\drv\inc\usart_serial.h(32): error:  #20: identifier "PQueueInfo" is undefined
..\Protocol\drv\inc\usart_serial.h(33): error:  #20: identifier "PQueueInfo" is undefined
..\Protocol\drv\inc\usart_serial.h(34): error:  #20: identifier "PQueueInfo" is undefined
compiling usart_serial.c...
..\Protocol\drv\src\usart_serial.c(19): warning:  #223-D: function "GetTickCount" declared implicitly
..\Protocol\drv\src\usart_serial.c(26): warning: C4017W: u32Value may be used before being set
..\Protocol\drv\src\usart_serial.c(80): warning: C4017W: pQueueInfo may be used before being set
..\Protocol\drv\src\usart_serial.c(112): warning: C4017W: pQueueInfo may be used before being set
..\Protocol\drv\src\usart_serial.c(146): warning: C4017W: pQueueInfo may be used before being set
compiling kernel.c...
"..\obj\emWin.axf" - 8 Errors, 7 Warning(s).
Target not created
Build target 'Freq'
compiling AppMain.c...
..\Protocol\Protocol\AppMain.c(232): error:  #268: declaration may not appear after executable statement in block
..\Protocol\Protocol\AppMain.c(234): error:  #268: declaration may not appear after executable statement in block
..\Protocol\Protocol\AppMain.c(278): error:  #268: declaration may not appear after executable statement in block
..\Protocol\Protocol\AppMain.c(407): warning:  #223-D: function "EnterException" declared implicitly
..\Protocol\Protocol\AppMain.c(410): error:  #268: declaration may not appear after executable statement in block
..\Protocol\Protocol\AppMain.c(412): error:  #268: declaration may not appear after executable statement in block
..\Protocol\Protocol\AppMain.c(433): warning:  #223-D: function "GetTickCount" declared implicitly
compiling Protocol.c...
..\Protocol\drv\inc\usart_serial.h(32): error:  #20: identifier "PQueueInfo" is undefined
..\Protocol\drv\inc\usart_serial.h(33): error:  #20: identifier "PQueueInfo" is undefined
..\Protocol\drv\inc\usart_serial.h(34): error:  #20: identifier "PQueueInfo" is undefined
compiling usart_serial.c...
..\Protocol\drv\src\usart_serial.c(19): warning:  #223-D: function "GetTickCount" declared implicitly
..\Protocol\drv\src\usart_serial.c(26): warning: C4017W: u32Value may be used before being set
..\Protocol\drv\src\usart_serial.c(80): warning: C4017W: pQueueInfo may be used before being set
..\Protocol\drv\src\usart_serial.c(112): warning: C4017W: pQueueInfo may be used before being set
..\Protocol\drv\src\usart_serial.c(146): warning: C4017W: pQueueInfo may be used before being set
compiling kernel.c...
"..\obj\emWin.axf" - 8 Errors, 7 Warning(s).
Target not created
Build target 'Freq'
compiling AppMain.c...
..\Protocol\Protocol\AppMain.c(232): error:  #268: declaration may not appear after executable statement in block
..\Protocol\Protocol\AppMain.c(234): error:  #268: declaration may not appear after executable statement in block
..\Protocol\Protocol\AppMain.c(278): error:  #268: declaration may not appear after executable statement in block
..\Protocol\Protocol\AppMain.c(407): warning:  #223-D: function "EnterException" declared implicitly
..\Protocol\Protocol\AppMain.c(410): error:  #268: declaration may not appear after executable statement in block
..\Protocol\Protocol\AppMain.c(412): error:  #268: declaration may not appear after executable statement in block
..\Protocol\Protocol\AppMain.c(433): warning:  #223-D: function "GetTickCount" declared implicitly
compiling Protocol.c...
..\Protocol\drv\inc\usart_serial.h(32): error:  #20: identifier "PQueueInfo" is undefined
..\Protocol\drv\inc\usart_serial.h(33): error:  #20: identifier "PQueueInfo" is undefined
..\Protocol\drv\inc\usart_serial.h(34): error:  #20: identifier "PQueueInfo" is undefined
compiling usart_serial.c...
..\Protocol\drv\src\usart_serial.c(19): warning:  #223-D: function "GetTickCount" declared implicitly
..\Protocol\drv\src\usart_serial.c(26): warning: C4017W: u32Value may be used before being set
..\Protocol\drv\src\usart_serial.c(80): warning: C4017W: pQueueInfo may be used before being set
..\Protocol\drv\src\usart_serial.c(112): warning: C4017W: pQueueInfo may be used before being set
..\Protocol\drv\src\usart_serial.c(146): warning: C4017W: pQueueInfo may be used before being set
compiling kernel.c...
"..\obj\emWin.axf" - 8 Errors, 7 Warning(s).
Target not created
Build target 'Freq'
compiling AppMain.c...
..\Protocol\Protocol\AppMain.c(232): error:  #268: declaration may not appear after executable statement in block
..\Protocol\Protocol\AppMain.c(234): error:  #268: declaration may not appear after executable statement in block
..\Protocol\Protocol\AppMain.c(278): error:  #268: declaration may not appear after executable statement in block
..\Protocol\Protocol\AppMain.c(407): warning:  #223-D: function "EnterException" declared implicitly
..\Protocol\Protocol\AppMain.c(410): error:  #268: declaration may not appear after executable statement in block
..\Protocol\Protocol\AppMain.c(412): error:  #268: declaration may not appear after executable statement in block
..\Protocol\Protocol\AppMain.c(433): warning:  #223-D: function "GetTickCount" declared implicitly
compiling Protocol.c...
..\Protocol\drv\inc\usart_serial.h(32): error:  #20: identifier "PQueueInfo" is undefined
..\Protocol\drv\inc\usart_serial.h(33): error:  #20: identifier "PQueueInfo" is undefined
..\Protocol\drv\inc\usart_serial.h(34): error:  #20: identifier "PQueueInfo" is undefined
"..\obj\emWin.axf" - 8 Errors, 2 Warning(s).
Target not created
Build target 'Freq'
compiling stm32f4xx_it.c...
..\App\BSP\stm32f4xx_it.c(284): warning:  #1-D: last line of file ends without a newline
compiling AppMain.c...
..\Protocol\Protocol\AppMain.c(232): error:  #268: declaration may not appear after executable statement in block
..\Protocol\Protocol\AppMain.c(234): error:  #268: declaration may not appear after executable statement in block
..\Protocol\Protocol\AppMain.c(278): error:  #268: declaration may not appear after executable statement in block
..\Protocol\Protocol\AppMain.c(407): warning:  #223-D: function "EnterException" declared implicitly
..\Protocol\Protocol\AppMain.c(410): error:  #268: declaration may not appear after executable statement in block
..\Protocol\Protocol\AppMain.c(412): error:  #268: declaration may not appear after executable statement in block
..\Protocol\Protocol\AppMain.c(433): warning:  #223-D: function "GetTickCount" declared implicitly
compiling Protocol.c...
..\Protocol\drv\inc\usart_serial.h(32): error:  #20: identifier "PQueueInfo" is undefined
..\Protocol\drv\inc\usart_serial.h(33): error:  #20: identifier "PQueueInfo" is undefined
..\Protocol\drv\inc\usart_serial.h(34): error:  #20: identifier "PQueueInfo" is undefined
compiling usart_serial.c...
..\Protocol\drv\src\usart_serial.c(19): warning:  #223-D: function "GetTickCount" declared implicitly
..\Protocol\drv\src\usart_serial.c(26): warning: C4017W: u32Value may be used before being set
..\Protocol\drv\src\usart_serial.c(80): warning: C4017W: pQueueInfo may be used before being set
"..\obj\emWin.axf" - 8 Errors, 6 Warning(s).
Target not created
Build target 'Freq'
compiling AppMain.c...
..\Protocol\Protocol\AppMain.c(280): error:  #268: declaration may not appear after executable statement in block
..\Protocol\Protocol\AppMain.c(409): warning:  #223-D: function "EnterException" declared implicitly
..\Protocol\Protocol\AppMain.c(412): error:  #268: declaration may not appear after executable statement in block
..\Protocol\Protocol\AppMain.c(414): error:  #268: declaration may not appear after executable statement in block
..\Protocol\Protocol\AppMain.c(435): warning:  #223-D: function "GetTickCount" declared implicitly
compiling Protocol.c...
..\Protocol\drv\inc\usart_serial.h(32): error:  #20: identifier "PQueueInfo" is undefined
..\Protocol\drv\inc\usart_serial.h(33): error:  #20: identifier "PQueueInfo" is undefined
..\Protocol\drv\inc\usart_serial.h(34): error:  #20: identifier "PQueueInfo" is undefined
"..\obj\emWin.axf" - 6 Errors, 2 Warning(s).
Target not created
Build target 'Freq'
compiling AppMain.c...
..\Protocol\Protocol\AppMain.c(280): error:  #268: declaration may not appear after executable statement in block
..\Protocol\Protocol\AppMain.c(410): warning:  #223-D: function "EnterException" declared implicitly
..\Protocol\Protocol\AppMain.c(415): error:  #268: declaration may not appear after executable statement in block
..\Protocol\Protocol\AppMain.c(436): warning:  #223-D: function "GetTickCount" declared implicitly
compiling Protocol.c...
..\Protocol\drv\inc\usart_serial.h(32): error:  #20: identifier "PQueueInfo" is undefined
..\Protocol\drv\inc\usart_serial.h(33): error:  #20: identifier "PQueueInfo" is undefined
..\Protocol\drv\inc\usart_serial.h(34): error:  #20: identifier "PQueueInfo" is undefined
"..\obj\emWin.axf" - 5 Errors, 2 Warning(s).
Target not created
Build target 'Freq'
compiling AppMain.c...
..\Protocol\Protocol\AppMain.c(280): error:  #268: declaration may not appear after executable statement in block
..\Protocol\Protocol\AppMain.c(411): warning:  #223-D: function "EnterException" declared implicitly
..\Protocol\Protocol\AppMain.c(433): warning:  #223-D: function "GetTickCount" declared implicitly
compiling Protocol.c...
..\Protocol\drv\inc\usart_serial.h(32): error:  #20: identifier "PQueueInfo" is undefined
..\Protocol\drv\inc\usart_serial.h(33): error:  #20: identifier "PQueueInfo" is undefined
..\Protocol\drv\inc\usart_serial.h(34): error:  #20: identifier "PQueueInfo" is undefined
"..\obj\emWin.axf" - 4 Errors, 2 Warning(s).
Target not created
Build target 'Freq'
compiling AppMain.c...
..\Protocol\Protocol\AppMain.c(410): warning:  #223-D: function "EnterException" declared implicitly
..\Protocol\Protocol\AppMain.c(432): warning:  #223-D: function "GetTickCount" declared implicitly
..\Protocol\Protocol\AppMain.c(89): warning: C4017W: u32CrcValue may be used before being set
..\Protocol\Protocol\AppMain.c(312): warning: C4017W: u8Ret may be used before being set
..\Protocol\Protocol\AppMain.c(276): warning: C4017W: u32Length may be used before being set
compiling Protocol.c...
..\Protocol\drv\inc\usart_serial.h(32): error:  #20: identifier "PQueueInfo" is undefined
..\Protocol\drv\inc\usart_serial.h(33): error:  #20: identifier "PQueueInfo" is undefined
..\Protocol\drv\inc\usart_serial.h(34): error:  #20: identifier "PQueueInfo" is undefined
"..\obj\emWin.axf" - 3 Errors, 5 Warning(s).
Target not created
Build target 'Freq'
compiling AppMain.c...
..\Protocol\Protocol\AppMain.c(410): warning:  #223-D: function "EnterException" declared implicitly
..\Protocol\Protocol\AppMain.c(432): warning:  #223-D: function "GetTickCount" declared implicitly
..\Protocol\Protocol\AppMain.c(89): warning: C4017W: u32CrcValue may be used before being set
..\Protocol\Protocol\AppMain.c(312): warning: C4017W: u8Ret may be used before being set
..\Protocol\Protocol\AppMain.c(276): warning: C4017W: u32Length may be used before being set
compiling Protocol.c...
..\Protocol\drv\inc\usart_serial.h(32): error:  #20: identifier "PQueueInfo" is undefined
..\Protocol\drv\inc\usart_serial.h(33): error:  #20: identifier "PQueueInfo" is undefined
..\Protocol\drv\inc\usart_serial.h(34): error:  #20: identifier "PQueueInfo" is undefined
compiling usart_serial.c...
..\Protocol\drv\src\usart_serial.c(19): warning:  #223-D: function "GetTickCount" declared implicitly
..\Protocol\drv\src\usart_serial.c(26): warning: C4017W: u32Value may be used before being set
..\Protocol\drv\src\usart_serial.c(80): warning: C4017W: pQueueInfo may be used before being set
compiling kernel.c...
"..\obj\emWin.axf" - 3 Errors, 8 Warning(s).
Target not created
Build target 'Freq'
compiling AppMain.c...
..\Protocol\drv\inc\usart_serial.h(11): error:  #20: identifier "USART_TypeDef" is undefined
..\Protocol\drv\inc\usart_serial.h(12): error:  #20: identifier "USART_InitTypeDef" is undefined
..\Protocol\drv\inc\usart_serial.h(19): error:  #20: identifier "GPIO_TypeDef" is undefined
..\Protocol\drv\inc\usart_serial.h(20): error:  #20: identifier "GPIO_TypeDef" is undefined
..\Protocol\drv\inc\usart_serial.h(38): error:  #20: identifier "USART_TypeDef" is undefined
..\Protocol\drv\inc\usart_serial.h(39): error:  #20: identifier "USART_TypeDef" is undefined
..\Protocol\drv\inc\usart_serial.h(40): error:  #20: identifier "USART_TypeDef" is undefined
..\Protocol\drv\inc\usart_serial.h(41): error:  #20: identifier "USART_TypeDef" is undefined
..\Protocol\drv\inc\usart_serial.h(42): error:  #20: identifier "USART_TypeDef" is undefined
..\Protocol\drv\inc\usart_serial.h(43): error:  #20: identifier "USART_TypeDef" is undefined
..\Protocol\Protocol\AppMain.c(75): error:  #20: identifier "USART_TypeDef" is undefined
..\Protocol\Protocol\AppMain.c(147): error:  #20: identifier "USART1" is undefined
..\Protocol\Protocol\AppMain.c(153): error:  #20: identifier "USART1" is undefined
..\Protocol\Protocol\AppMain.c(165): error:  #20: identifier "USART1" is undefined
..\Protocol\Protocol\AppMain.c(179): error:  #20: identifier "USART1" is undefined
..\Protocol\Protocol\AppMain.c(208): error:  #20: identifier "USART1" is undefined
..\Protocol\Protocol\AppMain.c(326): error:  #20: identifier "USART1" is undefined
..\Protocol\Protocol\AppMain.c(331): error:  #20: identifier "USART1" is undefined
..\Protocol\Protocol\AppMain.c(378): error:  #20: identifier "USART_TypeDef" is undefined
..\Protocol\Protocol\AppMain.c(382): error:  #20: identifier "USART1" is undefined
..\Protocol\Protocol\AppMain.c(386): error:  #20: identifier "USART2" is undefined
..\Protocol\Protocol\AppMain.c(390): error:  #20: identifier "USART3" is undefined
..\Protocol\Protocol\AppMain.c(410): warning:  #223-D: function "EnterException" declared implicitly
..\Protocol\Protocol\AppMain.c(417): error:  #20: identifier "USART1" is undefined
..\Protocol\Protocol\AppMain.c(432): warning:  #223-D: function "GetTickCount" declared implicitly
compiling Protocol.c...
..\Protocol\drv\inc\usart_serial.h(11): error:  #20: identifier "USART_TypeDef" is undefined
..\Protocol\drv\inc\usart_serial.h(12): error:  #20: identifier "USART_InitTypeDef" is undefined
..\Protocol\drv\inc\usart_serial.h(19): error:  #20: identifier "GPIO_TypeDef" is undefined
..\Protocol\drv\inc\usart_serial.h(20): error:  #20: identifier "GPIO_TypeDef" is undefined
..\Protocol\drv\inc\usart_serial.h(32): error:  #20: identifier "PQueueInfo" is undefined
..\Protocol\drv\inc\usart_serial.h(33): error:  #20: identifier "PQueueInfo" is undefined
..\Protocol\drv\inc\usart_serial.h(34): error:  #20: identifier "PQueueInfo" is undefined
..\Protocol\drv\inc\usart_serial.h(38): error:  #20: identifier "USART_TypeDef" is undefined
..\Protocol\drv\inc\usart_serial.h(39): error:  #20: identifier "USART_TypeDef" is undefined
..\Protocol\drv\inc\usart_serial.h(40): error:  #20: identifier "USART_TypeDef" is undefined
..\Protocol\drv\inc\usart_serial.h(41): error:  #20: identifier "USART_TypeDef" is undefined
..\Protocol\drv\inc\usart_serial.h(42): error:  #20: identifier "USART_TypeDef" is undefined
..\Protocol\drv\inc\usart_serial.h(43): error:  #20: identifier "USART_TypeDef" is undefined
..\Protocol\drv\src\Protocol.c(69): warning:  #223-D: function "CRC_ResetDR" declared implicitly
..\Protocol\drv\src\Protocol.c(70): warning:  #223-D: function "CRC_CalcBlockCRC" declared implicitly
compiling usart_serial.c...
..\Protocol\drv\inc\usart_serial.h(11): error:  #20: identifier "USART_TypeDef" is undefined
..\Protocol\drv\inc\usart_serial.h(12): error:  #20: identifier "USART_InitTypeDef" is undefined
..\Protocol\drv\inc\usart_serial.h(19): error:  #20: identifier "GPIO_TypeDef" is undefined
..\Protocol\drv\inc\usart_serial.h(20): error:  #20: identifier "GPIO_TypeDef" is undefined
..\Protocol\drv\inc\usart_serial.h(38): error:  #20: identifier "USART_TypeDef" is undefined
..\Protocol\drv\inc\usart_serial.h(39): error:  #20: identifier "USART_TypeDef" is undefined
..\Protocol\drv\inc\usart_serial.h(40): error:  #20: identifier "USART_TypeDef" is undefined
..\Protocol\drv\inc\usart_serial.h(41): error:  #20: identifier "USART_TypeDef" is undefined
..\Protocol\drv\inc\usart_serial.h(42): error:  #20: identifier "USART_TypeDef" is undefined
..\Protocol\drv\inc\usart_serial.h(43): error:  #20: identifier "USART_TypeDef" is undefined
..\Protocol\drv\src\usart_serial.c(13): warning:  #223-D: function "USART_GetITStatus" declared implicitly
..\Protocol\drv\src\usart_serial.c(13): error:  #20: identifier "USART3" is undefined
..\Protocol\drv\src\usart_serial.c(13): error:  #20: identifier "USART_IT_RXNE" is undefined
..\Protocol\drv\src\usart_serial.c(13): error:  #20: identifier "RESET" is undefined
..\Protocol\drv\src\usart_serial.c(15): warning:  #223-D: function "USART_ReceiveData" declared implicitly
..\Protocol\drv\src\usart_serial.c(19): warning:  #223-D: function "GetTickCount" declared implicitly
..\Protocol\drv\src\usart_serial.c(24): error:  #20: identifier "USART_TypeDef" is undefined
..\Protocol\drv\src\usart_serial.c(28): error:  #20: identifier "USART3" is undefined
..\Protocol\drv\src\usart_serial.c(32): error:  #20: identifier "USART2" is undefined
..\Protocol\drv\src\usart_serial.c(42): error:  #20: identifier "USART_TypeDef" is undefined
..\Protocol\drv\src\usart_serial.c(49): warning:  #223-D: function "USART_SendData" declared implicitly
..\Protocol\drv\src\usart_serial.c(51): warning:  #223-D: function "USART_GetFlagStatus" declared implicitly
..\Protocol\drv\src\usart_serial.c(51): error:  #20: identifier "USART_FLAG_TC" is undefined
..\Protocol\drv\src\usart_serial.c(51): error:  #20: identifier "RESET" is undefined
..\Protocol\drv\src\usart_serial.c(56): error:  #20: identifier "USART_TypeDef" is undefined
..\Protocol\drv\src\usart_serial.c(59): error:  #20: identifier "USART3" is undefined
..\Protocol\drv\src\usart_serial.c(64): error:  #20: identifier "USART2" is undefined
..\Protocol\drv\src\usart_serial.c(68): warning:  #223-D: function "USART_Cmd" declared implicitly
..\Protocol\drv\src\usart_serial.c(68): error:  #20: identifier "DISABLE" is undefined
..\Protocol\drv\src\usart_serial.c(70): warning:  #223-D: function "USART_ITConfig" declared implicitly
..\Protocol\drv\src\usart_serial.c(70): error:  #20: identifier "USART_IT_RXNE" is undefined
..\Protocol\drv\src\usart_serial.c(72): error:  #20: identifier "USART_IT_TXE" is undefined
..\Protocol\drv\src\usart_serial.c(76): error:  #20: identifier "USART_TypeDef" is undefined
..\Protocol\drv\src\usart_serial.c(82): error:  #20: identifier "USART3" is undefined
..\Protocol\drv\src\usart_serial.c(86): error:  #20: identifier "USART2" is undefined
..\Protocol\drv\src\usart_serial.c(108): error:  #20: identifier "USART_TypeDef" is undefined
..\Protocol\drv\src\usart_serial.c(130): error:  #20: identifier "USART_TypeDef" is undefined
compiling kernel.c...
..\Protocol\drv\inc\usart_serial.h(11): error:  #20: identifier "USART_TypeDef" is undefined
..\Protocol\drv\inc\usart_serial.h(12): error:  #20: identifier "USART_InitTypeDef" is undefined
..\Protocol\drv\inc\usart_serial.h(19): error:  #20: identifier "GPIO_TypeDef" is undefined
..\Protocol\drv\inc\usart_serial.h(20): error:  #20: identifier "GPIO_TypeDef" is undefined
..\Protocol\drv\inc\usart_serial.h(38): error:  #20: identifier "USART_TypeDef" is undefined
..\Protocol\drv\inc\usart_serial.h(39): error:  #20: identifier "USART_TypeDef" is undefined
..\Protocol\drv\inc\usart_serial.h(40): error:  #20: identifier "USART_TypeDef" is undefined
..\Protocol\drv\inc\usart_serial.h(41): error:  #20: identifier "USART_TypeDef" is undefined
..\Protocol\drv\inc\usart_serial.h(42): error:  #20: identifier "USART_TypeDef" is undefined
..\Protocol\drv\inc\usart_serial.h(43): error:  #20: identifier "USART_TypeDef" is undefined
..\Protocol\sys\kernel.c(19): error:  #20: identifier "vu32" is undefined
..\Protocol\sys\kernel.c(19): error:  #29: expected an expression
..\Protocol\sys\kernel.c(20): error:  #29: expected an expression
..\Protocol\sys\kernel.c(21): error:  #29: expected an expression
"..\obj\emWin.axf" - 80 Errors, 11 Warning(s).
Target not created
Build target 'Freq'
compiling AppMain.c...
..\Protocol\Protocol\AppMain.c(410): warning:  #223-D: function "EnterException" declared implicitly
..\Protocol\Protocol\AppMain.c(432): warning:  #223-D: function "GetTickCount" declared implicitly
..\Protocol\Protocol\AppMain.c(89): warning: C4017W: u32CrcValue may be used before being set
..\Protocol\Protocol\AppMain.c(312): warning: C4017W: u8Ret may be used before being set
..\Protocol\Protocol\AppMain.c(276): warning: C4017W: u32Length may be used before being set
compiling Protocol.c...
..\Protocol\drv\inc\usart_serial.h(32): error:  #20: identifier "PQueueInfo" is undefined
..\Protocol\drv\inc\usart_serial.h(33): error:  #20: identifier "PQueueInfo" is undefined
..\Protocol\drv\inc\usart_serial.h(34): error:  #20: identifier "PQueueInfo" is undefined
compiling usart_serial.c...
..\Protocol\drv\src\usart_serial.c(19): warning:  #223-D: function "GetTickCount" declared implicitly
..\Protocol\drv\src\usart_serial.c(26): warning: C4017W: u32Value may be used before being set
..\Protocol\drv\src\usart_serial.c(80): warning: C4017W: pQueueInfo may be used before being set
compiling kernel.c...
"..\obj\emWin.axf" - 3 Errors, 8 Warning(s).
Target not created
Build target 'Freq'
compiling AppMain.c...
..\Protocol\Protocol\AppMain.c(384): error:  #20: identifier "pUart1QueueInfo" is undefined
..\Protocol\Protocol\AppMain.c(388): error:  #20: identifier "pUart2QueueInfo" is undefined
..\Protocol\Protocol\AppMain.c(410): warning:  #223-D: function "EnterException" declared implicitly
..\Protocol\Protocol\AppMain.c(432): warning:  #223-D: function "GetTickCount" declared implicitly
compiling Protocol.c...
..\Protocol\drv\inc\usart_serial.h(32): error:  #20: identifier "PQueueInfo" is undefined
compiling usart_serial.c...
..\Protocol\drv\src\usart_serial.c(19): warning:  #223-D: function "GetTickCount" declared implicitly
..\Protocol\drv\src\usart_serial.c(26): warning: C4017W: u32Value may be used before being set
..\Protocol\drv\src\usart_serial.c(80): warning: C4017W: pQueueInfo may be used before being set
compiling kernel.c...
"..\obj\emWin.axf" - 3 Errors, 5 Warning(s).
Target not created
Build target 'Freq'
compiling AppMain.c...
..\Protocol\Protocol\AppMain.c(384): error:  #20: identifier "pUart1QueueInfo" is undefined
..\Protocol\Protocol\AppMain.c(388): error:  #20: identifier "pUart2QueueInfo" is undefined
..\Protocol\Protocol\AppMain.c(410): warning:  #223-D: function "EnterException" declared implicitly
..\Protocol\Protocol\AppMain.c(432): warning:  #223-D: function "GetTickCount" declared implicitly
compiling Protocol.c...
..\Protocol\drv\inc\usart_serial.h(32): error:  #20: identifier "PQueueInfo" is undefined
compiling usart_serial.c...
..\Protocol\drv\src\usart_serial.c(19): warning:  #223-D: function "GetTickCount" declared implicitly
..\Protocol\drv\src\usart_serial.c(26): warning: C4017W: u32Value may be used before being set
"..\obj\emWin.axf" - 3 Errors, 4 Warning(s).
Target not created
Build target 'Freq'
compiling AppMain.c...
..\Protocol\Protocol\AppMain.c(398): warning:  #223-D: function "EnterException" declared implicitly
..\Protocol\Protocol\AppMain.c(420): warning:  #223-D: function "GetTickCount" declared implicitly
..\Protocol\Protocol\AppMain.c(89): warning: C4017W: u32CrcValue may be used before being set
..\Protocol\Protocol\AppMain.c(312): warning: C4017W: u8Ret may be used before being set
..\Protocol\Protocol\AppMain.c(276): warning: C4017W: u32Length may be used before being set
compiling Protocol.c...
..\Protocol\drv\inc\usart_serial.h(32): error:  #20: identifier "PQueueInfo" is undefined
"..\obj\emWin.axf" - 1 Errors, 5 Warning(s).
Target not created
Build target 'Freq'
compiling AppMain.c...
..\Protocol\Protocol\AppMain.c(407): warning:  #223-D: function "GetTickCount" declared implicitly
..\Protocol\Protocol\AppMain.c(89): warning: C4017W: u32CrcValue may be used before being set
..\Protocol\Protocol\AppMain.c(303): warning: C4017W: u8Ret may be used before being set
..\Protocol\Protocol\AppMain.c(267): warning: C4017W: u32Length may be used before being set
compiling Protocol.c...
..\Protocol\drv\inc\usart_serial.h(32): error:  #20: identifier "PQueueInfo" is undefined
compiling usart_serial.c...
..\Protocol\drv\src\usart_serial.c(19): warning:  #223-D: function "GetTickCount" declared implicitly
..\Protocol\drv\src\usart_serial.c(3): warning:  #550-D: variable "g_u32Uart1RevCount" was set but never used
..\Protocol\drv\src\usart_serial.c(4): warning:  #177-D: variable "g_u32Uart2RevCount" was declared but never referenced
"..\obj\emWin.axf" - 1 Errors, 7 Warning(s).
Target not created
Build target 'Freq'
compiling AppMain.c...
..\Protocol\Protocol\AppMain.c(407): warning:  #223-D: function "GetTickCount" declared implicitly
..\Protocol\Protocol\AppMain.c(89): warning: C4017W: u32CrcValue may be used before being set
..\Protocol\Protocol\AppMain.c(303): warning: C4017W: u8Ret may be used before being set
..\Protocol\Protocol\AppMain.c(267): warning: C4017W: u32Length may be used before being set
compiling Protocol.c...
..\Protocol\drv\inc\usart_serial.h(30): error:  #20: identifier "PQueueInfo" is undefined
compiling usart_serial.c...
..\Protocol\drv\src\usart_serial.c(19): warning:  #223-D: function "GetTickCount" declared implicitly
..\Protocol\drv\src\usart_serial.c(3): warning:  #550-D: variable "g_u32Uart1RevCount" was set but never used
..\Protocol\drv\src\usart_serial.c(4): warning:  #177-D: variable "g_u32Uart2RevCount" was declared but never referenced
compiling kernel.c...
"..\obj\emWin.axf" - 1 Errors, 7 Warning(s).
Target not created
Build target 'Freq'
compiling AppMain.c...
..\Protocol\Protocol\AppMain.c(407): warning:  #223-D: function "GetTickCount" declared implicitly
..\Protocol\Protocol\AppMain.c(89): warning: C4017W: u32CrcValue may be used before being set
..\Protocol\Protocol\AppMain.c(303): warning: C4017W: u8Ret may be used before being set
..\Protocol\Protocol\AppMain.c(267): warning: C4017W: u32Length may be used before being set
compiling Protocol.c...
..\Protocol\drv\inc\usart_serial.h(28): error:  #20: identifier "PQueueInfo" is undefined
compiling usart_serial.c...
..\Protocol\drv\src\usart_serial.c(19): warning:  #223-D: function "GetTickCount" declared implicitly
..\Protocol\drv\src\usart_serial.c(3): warning:  #550-D: variable "g_u32Uart1RevCount" was set but never used
..\Protocol\drv\src\usart_serial.c(4): warning:  #177-D: variable "g_u32Uart2RevCount" was declared but never referenced
compiling kernel.c...
"..\obj\emWin.axf" - 1 Errors, 7 Warning(s).
Target not created
Build target 'Freq'
compiling Protocol.c...
..\Protocol\drv\inc\usart_serial.h(28): error:  #20: identifier "PQueueInfo" is undefined
compiling usart_serial.c...
..\Protocol\drv\src\usart_serial.c(16): error:  #20: identifier "g_u32Uart1RevCount" is undefined
..\Protocol\drv\src\usart_serial.c(16): warning:  #223-D: function "GetTickCount" declared implicitly
"..\obj\emWin.axf" - 2 Errors, 1 Warning(s).
Target not created
Build target 'Freq'
compiling Protocol.c...
..\Protocol\drv\inc\usart_serial.h(28): error:  #20: identifier "PQueueInfo" is undefined
compiling usart_serial.c...
..\Protocol\drv\src\usart_serial.c(16): error:  #20: identifier "g_u32Uart1RevCount" is undefined
..\Protocol\drv\src\usart_serial.c(16): warning:  #223-D: function "GetTickCount" declared implicitly
"..\obj\emWin.axf" - 2 Errors, 1 Warning(s).
Target not created
Build target 'Freq'
compiling Protocol.c...
..\Protocol\drv\inc\usart_serial.h(28): error:  #20: identifier "PQueueInfo" is undefined
compiling usart_serial.c...
..\Protocol\drv\src\usart_serial.c(17): warning:  #223-D: function "GetTickCount" declared implicitly
"..\obj\emWin.axf" - 1 Errors, 1 Warning(s).
Target not created
Build target 'Freq'
compiling AppMain.c...
..\Protocol\Protocol\AppMain.c(372): error:  #20: identifier "pUart3QueueInfo" is undefined
..\Protocol\Protocol\AppMain.c(407): warning:  #223-D: function "GetTickCount" declared implicitly
compiling Protocol.c...
compiling usart_serial.c...
..\Protocol\drv\src\usart_serial.c(16): warning:  #223-D: function "GetTickCount" declared implicitly
compiling kernel.c...
"..\obj\emWin.axf" - 1 Errors, 2 Warning(s).
Target not created
Build target 'Freq'
compiling AppMain.c...
..\Protocol\Protocol\AppMain.c(409): warning:  #223-D: function "GetTickCount" declared implicitly
..\Protocol\Protocol\AppMain.c(91): warning: C4017W: u32CrcValue may be used before being set
..\Protocol\Protocol\AppMain.c(305): warning: C4017W: u8Ret may be used before being set
..\Protocol\Protocol\AppMain.c(269): warning: C4017W: u32Length may be used before being set
compiling Protocol.c...
compiling usart_serial.c...
..\Protocol\drv\src\usart_serial.c(16): warning:  #223-D: function "GetTickCount" declared implicitly
compiling kernel.c...
linking...
..\obj\emWin.axf: Error: L6200E: Symbol SoftGenCrc32 multiply defined (by protocol.o and tools.o).
..\obj\emWin.axf: Error: L6200E: Symbol HardGenCrc32 multiply defined (by protocol.o and tools.o).
"..\obj\emWin.axf" - 2 Errors, 5 Warning(s).
Target not created
Build target 'Freq'
compiling AppMain.c...
..\Protocol\Protocol\AppMain.c(104): warning:  #223-D: function "SoftGenCrc32" declared implicitly
..\Protocol\Protocol\AppMain.c(261): warning:  #223-D: function "SoftGenCrc32" declared implicitly
..\Protocol\Protocol\AppMain.c(409): warning:  #223-D: function "GetTickCount" declared implicitly
..\Protocol\Protocol\AppMain.c(91): warning: C4017W: u32CrcValue may be used before being set
..\Protocol\Protocol\AppMain.c(305): warning: C4017W: u8Ret may be used before being set
..\Protocol\Protocol\AppMain.c(269): warning: C4017W: u32Length may be used before being set
compiling Protocol.c...
compiling usart_serial.c...
..\Protocol\drv\src\usart_serial.c(16): warning:  #223-D: function "GetTickCount" declared implicitly
compiling kernel.c...
linking...
..\obj\emWin.axf: Error: L6218E: Undefined symbol GetTickCount (referred from appmain.o).
"..\obj\emWin.axf" - 1 Errors, 7 Warning(s).
Target not created
Build target 'Freq'
linking...
..\obj\emWin.axf: Error: L6218E: Undefined symbol GetTickCount (referred from appmain.o).
"..\obj\emWin.axf" - 1 Errors, 0 Warning(s).
Target not created
Build target 'Freq'
compiling AppMain.c...
..\Protocol\Protocol\AppMain.c(2): error:  #5: cannot open source input file "Tools": No such file or directory
"..\obj\emWin.axf" - 1 Errors, 0 Warning(s).
Target not created
Build target 'Freq'
compiling AppMain.c...
..\Protocol\Protocol\AppMain.c(10): warning:  #47-D: incompatible redefinition of macro "MAINCMD_INTERNET" (declared at line 20 of "..\App\APP\Tools.h")
..\Protocol\Protocol\AppMain.c(18): error:  #101: "NENCRYPTION_NCOMPRESSION" has already been declared in the current scope
..\Protocol\Protocol\AppMain.c(19): error:  #101: "ENCRYPTION_NCOMPRESSION" has already been declared in the current scope
..\Protocol\Protocol\AppMain.c(20): error:  #101: "NENCRYPTION_COMPRESSION" has already been declared in the current scope
..\Protocol\Protocol\AppMain.c(21): error:  #101: "ENCRYPTION_COMPRESSION" has already been declared in the current scope
..\Protocol\Protocol\AppMain.c(83): error:  #147-D: declaration is incompatible with "void HandleDataPackage(unsigned char *)" (declared at line 39 of "..\App\APP\Tools.h")
..\Protocol\Protocol\AppMain.c(105): warning:  #223-D: function "SoftGenCrc32" declared implicitly
..\Protocol\Protocol\AppMain.c(262): warning:  #223-D: function "SoftGenCrc32" declared implicitly
..\Protocol\Protocol\AppMain.c(410): warning:  #223-D: function "GetTickCount" declared implicitly
"..\obj\emWin.axf" - 5 Errors, 4 Warning(s).
Target not created
Build target 'Freq'
compiling AppMain.c...
..\Protocol\Protocol\AppMain.c(10): warning:  #47-D: incompatible redefinition of macro "MAINCMD_INTERNET" (declared at line 20 of "..\App\APP\Tools.h")
..\Protocol\Protocol\AppMain.c(75): error:  #147-D: declaration is incompatible with "void HandleDataPackage(unsigned char *)" (declared at line 39 of "..\App\APP\Tools.h")
..\Protocol\Protocol\AppMain.c(97): warning:  #223-D: function "SoftGenCrc32" declared implicitly
..\Protocol\Protocol\AppMain.c(254): warning:  #223-D: function "SoftGenCrc32" declared implicitly
..\Protocol\Protocol\AppMain.c(402): warning:  #223-D: function "GetTickCount" declared implicitly
"..\obj\emWin.axf" - 1 Errors, 4 Warning(s).
Target not created
Build target 'Freq'
compiling bsp.c...
compiling main.c...
compiling app.c...
..\App\APP\app.c(116): warning:  #177-D: variable "err" was declared but never referenced
..\App\APP\app.c(117): warning:  #177-D: variable "str_buff" was declared but never referenced
..\App\APP\app.c(178): warning:  #1-D: last line of file ends without a newline
compiling FreqMeasurement.c...
..\App\APP\FreqMeasurement.c(232): warning:  #177-D: variable "i" was declared but never referenced
compiling Tools.c...
compiling bsp_init.c...
..\App\BSP\bsp_init.c(46): warning:  #167-D: argument of type "unsigned char *" is incompatible with parameter of type "char *restrict"
..\App\BSP\bsp_init.c(46): warning:  #167-D: argument of type "unsigned char *" is incompatible with parameter of type "const char *restrict"
..\App\BSP\bsp_init.c(73): warning:  #1-D: last line of file ends without a newline
..\App\BSP\bsp_init.c(6): warning: C4017W: HSEStartUpStatus may be used before being set
compiling bsp_ltc2402.c...
..\App\BSP\bsp_ltc2402.c(95): warning: C4017W: u8charresbuf may be used before being set
compiling bsp_sst25vf064.c...
compiling bsp_rtc.c...
..\App\BSP\bsp_rtc.c(26): warning:  #1166-D: returning pointer to local variable
compiling bsp_485.c...
..\App\BSP\bsp_485.c(55): warning:  #1-D: last line of file ends without a newline
compiling bsp_io_control.c...
compiling stm32f4xx_it.c...
..\App\BSP\stm32f4xx_it.c(284): warning:  #1-D: last line of file ends without a newline
compiling AppMain.c...
..\Protocol\Protocol\AppMain.c(10): warning:  #47-D: incompatible redefinition of macro "MAINCMD_INTERNET" (declared at line 20 of "..\App\APP\Tools.h")
..\Protocol\Protocol\AppMain.c(97): warning:  #223-D: function "SoftGenCrc32" declared implicitly
..\Protocol\Protocol\AppMain.c(254): warning:  #223-D: function "SoftGenCrc32" declared implicitly
..\Protocol\Protocol\AppMain.c(402): warning:  #223-D: function "GetTickCount" declared implicitly
..\Protocol\Protocol\AppMain.c(84): warning: C4017W: u32CrcValue may be used before being set
..\Protocol\Protocol\AppMain.c(298): warning: C4017W: u8Ret may be used before being set
..\Protocol\Protocol\AppMain.c(262): warning: C4017W: u32Length may be used before being set
linking...
..\obj\emWin.axf: Error: L6218E: Undefined symbol GetTickCount (referred from appmain.o).
"..\obj\emWin.axf" - 1 Errors, 19 Warning(s).
Target not created
Build target 'Freq'
compiling bsp.c...
compiling main.c...
compiling app.c...
..\App\APP\app.c(116): warning:  #177-D: variable "err" was declared but never referenced
..\App\APP\app.c(117): warning:  #177-D: variable "str_buff" was declared but never referenced
..\App\APP\app.c(178): warning:  #1-D: last line of file ends without a newline
compiling FreqMeasurement.c...
..\App\APP\FreqMeasurement.c(232): warning:  #177-D: variable "i" was declared but never referenced
compiling Tools.c...
compiling bsp_init.c...
..\App\BSP\bsp_init.c(46): warning:  #167-D: argument of type "unsigned char *" is incompatible with parameter of type "char *restrict"
..\App\BSP\bsp_init.c(46): warning:  #167-D: argument of type "unsigned char *" is incompatible with parameter of type "const char *restrict"
..\App\BSP\bsp_init.c(73): warning:  #1-D: last line of file ends without a newline
..\App\BSP\bsp_init.c(6): warning: C4017W: HSEStartUpStatus may be used before being set
compiling bsp_ltc2402.c...
..\App\BSP\bsp_ltc2402.c(95): warning: C4017W: u8charresbuf may be used before being set
compiling bsp_sst25vf064.c...
compiling bsp_rtc.c...
..\App\BSP\bsp_rtc.c(26): warning:  #1166-D: returning pointer to local variable
compiling bsp_485.c...
..\App\BSP\bsp_485.c(55): warning:  #1-D: last line of file ends without a newline
compiling bsp_io_control.c...
compiling stm32f4xx_it.c...
..\App\BSP\stm32f4xx_it.c(284): warning:  #1-D: last line of file ends without a newline
compiling AppMain.c...
..\Protocol\Protocol\AppMain.c(97): warning:  #223-D: function "SoftGenCrc32" declared implicitly
..\Protocol\Protocol\AppMain.c(254): warning:  #223-D: function "SoftGenCrc32" declared implicitly
..\Protocol\Protocol\AppMain.c(402): warning:  #223-D: function "GetTickCount" declared implicitly
..\Protocol\Protocol\AppMain.c(84): warning: C4017W: u32CrcValue may be used before being set
..\Protocol\Protocol\AppMain.c(298): warning: C4017W: u8Ret may be used before being set
..\Protocol\Protocol\AppMain.c(262): warning: C4017W: u32Length may be used before being set
linking...
..\obj\emWin.axf: Error: L6218E: Undefined symbol GetTickCount (referred from appmain.o).
"..\obj\emWin.axf" - 1 Errors, 18 Warning(s).
Target not created
Build target 'Freq'
compiling bsp.c...
compiling main.c...
compiling app.c...
..\App\APP\app.c(116): warning:  #177-D: variable "err" was declared but never referenced
..\App\APP\app.c(117): warning:  #177-D: variable "str_buff" was declared but never referenced
..\App\APP\app.c(178): warning:  #1-D: last line of file ends without a newline
compiling FreqMeasurement.c...
..\App\APP\FreqMeasurement.c(232): warning:  #177-D: variable "i" was declared but never referenced
compiling Tools.c...
compiling bsp_init.c...
..\App\BSP\bsp_init.c(52): warning:  #1-D: last line of file ends without a newline
..\App\BSP\bsp_init.c(6): warning: C4017W: HSEStartUpStatus may be used before being set
compiling bsp_ltc2402.c...
..\App\BSP\bsp_ltc2402.c(95): warning: C4017W: u8charresbuf may be used before being set
compiling bsp_sst25vf064.c...
compiling bsp_rtc.c...
..\App\BSP\bsp_rtc.c(26): warning:  #1166-D: returning pointer to local variable
compiling bsp_485.c...
..\App\BSP\bsp_485.c(55): warning:  #1-D: last line of file ends without a newline
compiling bsp_io_control.c...
compiling stm32f4xx_it.c...
linking...
..\obj\emWin.axf: Error: L6218E: Undefined symbol GetTickCount (referred from appmain.o).
"..\obj\emWin.axf" - 1 Errors, 9 Warning(s).
Target not created
Build target 'Freq'
linking...
..\obj\emWin.axf: Error: L6218E: Undefined symbol GetTickCount (referred from appmain.o).
"..\obj\emWin.axf" - 1 Errors, 0 Warning(s).
Target not created
Build target 'Freq'
compiling bsp.c...
compiling main.c...
compiling app.c...
..\App\APP\app.c(116): warning:  #177-D: variable "err" was declared but never referenced
..\App\APP\app.c(117): warning:  #177-D: variable "str_buff" was declared but never referenced
..\App\APP\app.c(178): warning:  #1-D: last line of file ends without a newline
compiling FreqMeasurement.c...
..\App\APP\FreqMeasurement.c(232): warning:  #177-D: variable "i" was declared but never referenced
compiling Tools.c...
compiling bsp_init.c...
..\App\BSP\bsp_init.c(52): warning:  #1-D: last line of file ends without a newline
..\App\BSP\bsp_init.c(6): warning: C4017W: HSEStartUpStatus may be used before being set
compiling bsp_ltc2402.c...
..\App\BSP\bsp_ltc2402.c(95): warning: C4017W: u8charresbuf may be used before being set
compiling bsp_sst25vf064.c...
compiling bsp_rtc.c...
..\App\BSP\bsp_rtc.c(26): warning:  #1166-D: returning pointer to local variable
compiling bsp_485.c...
..\App\BSP\bsp_485.c(55): warning:  #1-D: last line of file ends without a newline
compiling bsp_io_control.c...
compiling stm32f4xx_it.c...
compiling AppMain.c...
..\Protocol\Protocol\AppMain.c(402): warning:  #223-D: function "GetTickCount" declared implicitly
..\Protocol\Protocol\AppMain.c(84): warning: C4017W: u32CrcValue may be used before being set
..\Protocol\Protocol\AppMain.c(298): warning: C4017W: u8Ret may be used before being set
..\Protocol\Protocol\AppMain.c(262): warning: C4017W: u32Length may be used before being set
linking...
..\obj\emWin.axf: Error: L6218E: Undefined symbol GetTickCount (referred from appmain.o).
"..\obj\emWin.axf" - 1 Errors, 13 Warning(s).
Target not created
Build target 'Freq'
compiling AppMain.c...
..\Protocol\Protocol\AppMain.c(84): warning: C4017W: u32CrcValue may be used before being set
..\Protocol\Protocol\AppMain.c(298): warning: C4017W: u8Ret may be used before being set
..\Protocol\Protocol\AppMain.c(262): warning: C4017W: u32Length may be used before being set
..\Protocol\Protocol\AppMain.c(374): warning: C4017W: s32Count may be used before being set
linking...
..\obj\emWin.axf: Error: L6218E: Undefined symbol GetTickCount (referred from usart_serial.o).
"..\obj\emWin.axf" - 1 Errors, 4 Warning(s).
Target not created
Build target 'Freq'
compiling AppMain.c...
..\Protocol\Protocol\AppMain.c(81): warning: C4017W: u32CrcValue may be used before being set
..\Protocol\Protocol\AppMain.c(297): warning: C4017W: u8Ret may be used before being set
..\Protocol\Protocol\AppMain.c(261): warning: C4017W: u32Length may be used before being set
..\Protocol\Protocol\AppMain.c(373): warning: C4017W: s32Count may be used before being set
linking...
..\obj\emWin.axf: Error: L6218E: Undefined symbol GetTickCount (referred from usart_serial.o).
"..\obj\emWin.axf" - 1 Errors, 4 Warning(s).
Target not created
Build target 'Freq'
compiling usart_serial.c...
linking...
Program Size: Code=36864 RO-data=968 RW-data=244 ZI-data=57604  
FromELF: creating hex file...
"..\obj\emWin.axf" - 0 Errors, 0 Warning(s).
Build target 'Freq'
compiling bsp.c...
compiling main.c...
compiling app.c...
..\App\APP\app.c(116): warning:  #177-D: variable "err" was declared but never referenced
..\App\APP\app.c(117): warning:  #177-D: variable "str_buff" was declared but never referenced
..\App\APP\app.c(181): warning:  #1-D: last line of file ends without a newline
compiling FreqMeasurement.c...
..\App\APP\FreqMeasurement.c(232): warning:  #177-D: variable "i" was declared but never referenced
compiling Tools.c...
compiling bsp_init.c...
..\App\BSP\bsp_init.c(52): warning:  #1-D: last line of file ends without a newline
..\App\BSP\bsp_init.c(6): warning: C4017W: HSEStartUpStatus may be used before being set
compiling bsp_ltc2402.c...
..\App\BSP\bsp_ltc2402.c(95): warning: C4017W: u8charresbuf may be used before being set
compiling bsp_sst25vf064.c...
compiling bsp_rtc.c...
..\App\BSP\bsp_rtc.c(26): warning:  #1166-D: returning pointer to local variable
compiling bsp_485.c...
..\App\BSP\bsp_485.c(55): warning:  #1-D: last line of file ends without a newline
compiling bsp_io_control.c...
compiling stm32f4xx_it.c...
linking...
Program Size: Code=38716 RO-data=1276 RW-data=384 ZI-data=58376  
FromELF: creating hex file...
"..\obj\emWin.axf" - 0 Errors, 9 Warning(s).
Build target 'Freq'
linking...
Program Size: Code=38716 RO-data=1276 RW-data=384 ZI-data=58376  
FromELF: creating hex file...
"..\obj\emWin.axf" - 0 Errors, 0 Warning(s).
Build target 'Freq'
compiling AppMain.c...
..\Protocol\Protocol\AppMain.c(374): warning:  #177-D: variable "s32Count" was declared but never referenced
..\Protocol\Protocol\AppMain.c(82): warning: C4017W: u32CrcValue may be used before being set
..\Protocol\Protocol\AppMain.c(298): warning: C4017W: u8Ret may be used before being set
..\Protocol\Protocol\AppMain.c(262): warning: C4017W: u32Length may be used before being set
compiling usart_serial.c...
..\Protocol\drv\src\usart_serial.c(10): warning: C4017W: u8Value may be used before being set
linking...
Program Size: Code=38748 RO-data=1276 RW-data=384 ZI-data=58376  
FromELF: creating hex file...
"..\obj\emWin.axf" - 0 Errors, 5 Warning(s).
Build target 'Freq'
linking...
Program Size: Code=38748 RO-data=1276 RW-data=384 ZI-data=58376  
FromELF: creating hex file...
"..\obj\emWin.axf" - 0 Errors, 0 Warning(s).
Build target 'Freq'
linking...
Program Size: Code=38748 RO-data=1276 RW-data=384 ZI-data=58376  
FromELF: creating hex file...
"..\obj\emWin.axf" - 0 Errors, 0 Warning(s).
Rebuild target 'Freq'
compiling bsp.c...
compiling main.c...
compiling os_app_hooks.c...
compiling app.c...
..\App\APP\app.c(116): warning:  #177-D: variable "err" was declared but never referenced
..\App\APP\app.c(117): warning:  #177-D: variable "str_buff" was declared but never referenced
..\App\APP\app.c(181): warning:  #1-D: last line of file ends without a newline
compiling FreqMeasurement.c...
..\App\APP\FreqMeasurement.c(232): warning:  #177-D: variable "i" was declared but never referenced
compiling Tools.c...
compiling bsp_init.c...
..\App\BSP\bsp_init.c(52): warning:  #1-D: last line of file ends without a newline
..\App\BSP\bsp_init.c(6): warning: C4017W: HSEStartUpStatus may be used before being set
compiling bsp_usart.c...
compiling bsp_ltc2402.c...
..\App\BSP\bsp_ltc2402.c(95): warning: C4017W: u8charresbuf may be used before being set
compiling bsp_sst25vf064.c...
compiling bsp_rtc.c...
..\App\BSP\bsp_rtc.c(26): warning:  #1166-D: returning pointer to local variable
compiling bsp_485.c...
..\App\BSP\bsp_485.c(55): warning:  #1-D: last line of file ends without a newline
compiling bsp_cpld4064.c...
compiling bsp_gprs.c...
compiling bsp_io_control.c...
compiling stm32f4xx_it.c...
compiling system_stm32f4xx.c...
assembling startup_stm32f40_41xxx.s...
compiling misc.c...
compiling stm32f4xx_crc.c...
compiling stm32f4xx_exti.c...
compiling stm32f4xx_gpio.c...
compiling stm32f4xx_rcc.c...
compiling stm32f4xx_syscfg.c...
compiling stm32f4xx_usart.c...
compiling stm32f4xx_tim.c...
compiling stm32f4xx_spi.c...
compiling stm32f4xx_rtc.c...
compiling stm32f4xx_pwr.c...
compiling stm32f4xx_wwdg.c...
compiling stm32f4xx_iwdg.c...
compiling stm32f4xx_adc.c...
assembling cpu_a.asm...
compiling cpu_c.c...
compiling cpu_core.c...
assembling os_cpu_a.asm...
compiling os_cpu_c.c...
compiling os_cfg_app.c...
compiling os_core.c...
compiling os_dbg.c...
compiling os_flag.c...
compiling os_int.c...
compiling os_mem.c...
compiling os_msg.c...
compiling os_mutex.c...
compiling os_pend_multi.c...
compiling os_prio.c...
compiling os_q.c...
compiling os_sem.c...
compiling os_stat.c...
compiling os_task.c...
compiling os_tick.c...
compiling os_time.c...
compiling os_tmr.c...
compiling os_var.c...
compiling lib_ascii.c...
compiling lib_math.c...
compiling lib_mem.c...
assembling lib_mem_a.asm...
compiling lib_str.c...
..\uCOSIII\uC-LIB\lib_str.c(3497): warning: C4017W: nbr_neg_fmtd may be used before being set
..\uCOSIII\uC-LIB\lib_str.c(3494): warning: C4017W: lead_char_0 may be used before being set
..\uCOSIII\uC-LIB\lib_str.c(3483): warning: C4017W: nbr_fmt may be used before being set
compiling AppMain.c...
..\Protocol\Protocol\AppMain.c(377): warning:  #177-D: variable "s32Count" was declared but never referenced
..\Protocol\Protocol\AppMain.c(82): warning: C4017W: u32CrcValue may be used before being set
..\Protocol\Protocol\AppMain.c(298): warning: C4017W: u8Ret may be used before being set
..\Protocol\Protocol\AppMain.c(262): warning: C4017W: u32Length may be used before being set
compiling Protocol.c...
compiling usart_serial.c...
..\Protocol\drv\src\usart_serial.c(10): warning: C4017W: u8Value may be used before being set
compiling kernel.c...
linking...
Program Size: Code=38740 RO-data=1276 RW-data=384 ZI-data=58376  
FromELF: creating hex file...
"..\obj\emWin.axf" - 0 Errors, 17 Warning(s).
Build target 'Freq'
linking...
Program Size: Code=38740 RO-data=1276 RW-data=384 ZI-data=58376  
FromELF: creating hex file...
"..\obj\emWin.axf" - 0 Errors, 0 Warning(s).
Build target 'Freq'
linking...
Program Size: Code=38740 RO-data=1276 RW-data=384 ZI-data=58376  
FromELF: creating hex file...
"..\obj\emWin.axf" - 0 Errors, 0 Warning(s).
Build target 'Freq'
compiling app.c...
..\App\APP\app.c(117): warning:  #177-D: variable "str_buff" was declared but never referenced
..\App\APP\app.c(182): warning:  #1-D: last line of file ends without a newline
compiling AppMain.c...
..\Protocol\Protocol\AppMain.c(377): warning:  #177-D: variable "s32Count" was declared but never referenced
..\Protocol\Protocol\AppMain.c(82): warning: C4017W: u32CrcValue may be used before being set
..\Protocol\Protocol\AppMain.c(298): warning: C4017W: u8Ret may be used before being set
..\Protocol\Protocol\AppMain.c(262): warning: C4017W: u32Length may be used before being set
compiling usart_serial.c...
..\Protocol\drv\src\usart_serial.c(10): warning: C4017W: u8Value may be used before being set
linking...
Program Size: Code=38760 RO-data=1280 RW-data=384 ZI-data=58376  
FromELF: creating hex file...
"..\obj\emWin.axf" - 0 Errors, 7 Warning(s).
Load "..\\obj\\emWin.axf" 
Set JLink Project File to "E:\PROJECT\RD15002WV\RD15002WV\Freq\PRO\JLinkSettings.ini"
* JLink Info: Device "STM32F407VG" selected (1024 KB flash, 128 KB RAM).
 
JLink info:
------------
DLL: V4.78j, compiled Nov 22 2013 20:08:33
Firmware: J-Link ARM V8 compiled Nov  8 2013 12:07:30
Hardware: V8.00
S/N : 17935099 
Feature(s) : RDI,FlashDL,FlashBP,JFlash 
 
* JLink Info: Found SWD-DP with ID 0x2BA01477
* JLink Info: Found SWD-DP with ID 0x2BA01477
* JLink Info: Found Cortex-M4 r0p1, Little endian.
* JLink Info: FPUnit: 6 code (BP) slots and 2 literal slots
* JLink Info: TPIU fitted.
* JLink Info: ETM fitted.
ROMTableAddr = 0xE00FF003
 
Target info:
------------
Device: STM32F407VG
VTarget = 3.235V
State of Pins: 
TCK: 0, TDI: 0, TDO: 0, TMS: 1, TRES: 1, TRST: 1
Hardware-Breakpoints: 6
Software-Breakpoints: 8192
Watchpoints:          4
JTAG speed: 500 kHz
 
Erase Done.
Programming Done.
Verify OK.
Application running ...
Build target 'Freq'
compiling usart_serial.c...
..\Protocol\drv\src\usart_serial.c(12): warning: C4017W: u8Value may be used before being set
linking...
Program Size: Code=38768 RO-data=1280 RW-data=384 ZI-data=58376  
FromELF: creating hex file...
"..\obj\emWin.axf" - 0 Errors, 1 Warning(s).
Build target 'Freq'
linking...
Program Size: Code=38768 RO-data=1280 RW-data=384 ZI-data=58376  
FromELF: creating hex file...
"..\obj\emWin.axf" - 0 Errors, 0 Warning(s).
Build target 'Freq'
compiling AppMain.c...
..\Protocol\Protocol\AppMain.c(377): warning:  #177-D: variable "s32Count" was declared but never referenced
..\Protocol\Protocol\AppMain.c(82): warning: C4017W: u32CrcValue may be used before being set
..\Protocol\Protocol\AppMain.c(298): warning: C4017W: u8Ret may be used before being set
..\Protocol\Protocol\AppMain.c(262): warning: C4017W: u32Length may be used before being set
linking...
Program Size: Code=38792 RO-data=1280 RW-data=384 ZI-data=58376  
FromELF: creating hex file...
"..\obj\emWin.axf" - 0 Errors, 4 Warning(s).
Load "..\\obj\\emWin.axf" 
Set JLink Project File to "E:\PROJECT\RD15002WV\RD15002WV\Freq\PRO\JLinkSettings.ini"
* JLink Info: Device "STM32F407VG" selected (1024 KB flash, 128 KB RAM).
 
JLink info:
------------
DLL: V4.78j, compiled Nov 22 2013 20:08:33
Firmware: J-Link ARM V8 compiled Nov  8 2013 12:07:30
Hardware: V8.00
S/N : 17935099 
Feature(s) : RDI,FlashDL,FlashBP,JFlash 
 
* JLink Info: Found SWD-DP with ID 0x2BA01477
* JLink Info: Found SWD-DP with ID 0x2BA01477
* JLink Info: Found Cortex-M4 r0p1, Little endian.
* JLink Info: FPUnit: 6 code (BP) slots and 2 literal slots
* JLink Info: TPIU fitted.
* JLink Info: ETM fitted.
ROMTableAddr = 0xE00FF003
 
Target info:
------------
Device: STM32F407VG
VTarget = 3.241V
State of Pins: 
TCK: 0, TDI: 0, TDO: 0, TMS: 1, TRES: 1, TRST: 1
Hardware-Breakpoints: 6
Software-Breakpoints: 8192
Watchpoints:          4
JTAG speed: 500 kHz
 
Erase Done.
Programming Done.
Verify OK.
Application running ...
Build target 'Freq'
compiling AppMain.c...
..\Protocol\Protocol\AppMain.c(377): warning:  #177-D: variable "s32Count" was declared but never referenced
..\Protocol\Protocol\AppMain.c(82): warning: C4017W: u32CrcValue may be used before being set
..\Protocol\Protocol\AppMain.c(298): warning: C4017W: u8Ret may be used before being set
..\Protocol\Protocol\AppMain.c(262): warning: C4017W: u32Length may be used before being set
linking...
Program Size: Code=38808 RO-data=1280 RW-data=384 ZI-data=58376  
FromELF: creating hex file...
"..\obj\emWin.axf" - 0 Errors, 4 Warning(s).
Load "..\\obj\\emWin.axf" 
Set JLink Project File to "E:\PROJECT\RD15002WV\RD15002WV\Freq\PRO\JLinkSettings.ini"
* JLink Info: Device "STM32F407VG" selected (1024 KB flash, 128 KB RAM).
 
JLink info:
------------
DLL: V4.78j, compiled Nov 22 2013 20:08:33
Firmware: J-Link ARM V8 compiled Nov  8 2013 12:07:30
Hardware: V8.00
S/N : 17935099 
Feature(s) : RDI,FlashDL,FlashBP,JFlash 
 
* JLink Info: Found SWD-DP with ID 0x2BA01477
* JLink Info: Found SWD-DP with ID 0x2BA01477
* JLink Info: Found Cortex-M4 r0p1, Little endian.
* JLink Info: FPUnit: 6 code (BP) slots and 2 literal slots
* JLink Info: TPIU fitted.
* JLink Info: ETM fitted.
ROMTableAddr = 0xE00FF003
 
Target info:
------------
Device: STM32F407VG
VTarget = 3.241V
State of Pins: 
TCK: 0, TDI: 0, TDO: 0, TMS: 1, TRES: 1, TRST: 1
Hardware-Breakpoints: 6
Software-Breakpoints: 8192
Watchpoints:          4
JTAG speed: 500 kHz
 
Erase Done.
Programming Done.
Verify OK.
Application running ...
Build target 'Freq'
compiling AppMain.c...
..\Protocol\Protocol\AppMain.c(377): warning:  #177-D: variable "s32Count" was declared but never referenced
..\Protocol\Protocol\AppMain.c(82): warning: C4017W: u32CrcValue may be used before being set
..\Protocol\Protocol\AppMain.c(298): warning: C4017W: u8Ret may be used before being set
..\Protocol\Protocol\AppMain.c(262): warning: C4017W: u32Length may be used before being set
linking...
Program Size: Code=38792 RO-data=1280 RW-data=384 ZI-data=58376  
FromELF: creating hex file...
"..\obj\emWin.axf" - 0 Errors, 4 Warning(s).
Build target 'Freq'
compiling AppMain.c...
..\Protocol\Protocol\AppMain.c(377): warning:  #177-D: variable "s32Count" was declared but never referenced
linking...
Program Size: Code=38800 RO-data=1280 RW-data=384 ZI-data=58376  
FromELF: creating hex file...
"..\obj\emWin.axf" - 0 Errors, 1 Warning(s).
Build target 'Freq'
compiling AppMain.c...
linking...
Program Size: Code=38800 RO-data=1280 RW-data=384 ZI-data=58376  
FromELF: creating hex file...
"..\obj\emWin.axf" - 0 Errors, 0 Warning(s).
Load "..\\obj\\emWin.axf" 
Set JLink Project File to "E:\PROJECT\RD15002WV\RD15002WV\Freq\PRO\JLinkSettings.ini"
* JLink Info: Device "STM32F407VG" selected (1024 KB flash, 128 KB RAM).
 
JLink info:
------------
DLL: V4.78j, compiled Nov 22 2013 20:08:33
Firmware: J-Link ARM V8 compiled Nov  8 2013 12:07:30
Hardware: V8.00
S/N : 17935099 
Feature(s) : RDI,FlashDL,FlashBP,JFlash 
 
* JLink Info: Found SWD-DP with ID 0x2BA01477
* JLink Info: Found SWD-DP with ID 0x2BA01477
* JLink Info: Found Cortex-M4 r0p1, Little endian.
* JLink Info: FPUnit: 6 code (BP) slots and 2 literal slots
* JLink Info: TPIU fitted.
* JLink Info: ETM fitted.
ROMTableAddr = 0xE00FF003
 
Target info:
------------
Device: STM32F407VG
VTarget = 3.241V
State of Pins: 
TCK: 0, TDI: 0, TDO: 0, TMS: 1, TRES: 1, TRST: 1
Hardware-Breakpoints: 6
Software-Breakpoints: 8192
Watchpoints:          4
JTAG speed: 500 kHz
 
Erase Done.
Programming Done.
Verify OK.
Application running ...
Build target 'Freq'
linking...
Program Size: Code=38800 RO-data=1280 RW-data=384 ZI-data=58376  
FromELF: creating hex file...
"..\obj\emWin.axf" - 0 Errors, 0 Warning(s).
Build target 'Freq'
compiling AppMain.c...
linking...
Program Size: Code=38812 RO-data=1276 RW-data=384 ZI-data=58376  
FromELF: creating hex file...
"..\obj\emWin.axf" - 0 Errors, 0 Warning(s).
Load "..\\obj\\emWin.axf" 
Set JLink Project File to "E:\PROJECT\RD15002WV\RD15002WV\Freq\PRO\JLinkSettings.ini"
* JLink Info: Device "STM32F407VG" selected (1024 KB flash, 128 KB RAM).
 
JLink info:
------------
DLL: V4.78j, compiled Nov 22 2013 20:08:33
Firmware: J-Link ARM V8 compiled Nov  8 2013 12:07:30
Hardware: V8.00
S/N : 17935099 
Feature(s) : RDI,FlashDL,FlashBP,JFlash 
 
* JLink Info: Found SWD-DP with ID 0x2BA01477
* JLink Info: Found SWD-DP with ID 0x2BA01477
* JLink Info: Found Cortex-M4 r0p1, Little endian.
* JLink Info: FPUnit: 6 code (BP) slots and 2 literal slots
* JLink Info: TPIU fitted.
* JLink Info: ETM fitted.
ROMTableAddr = 0xE00FF003
 
Target info:
------------
Device: STM32F407VG
VTarget = 3.241V
State of Pins: 
TCK: 0, TDI: 0, TDO: 0, TMS: 1, TRES: 1, TRST: 1
Hardware-Breakpoints: 6
Software-Breakpoints: 8192
Watchpoints:          4
JTAG speed: 500 kHz
 
Erase Done.
Programming Done.
Verify OK.
Application running ...
Build target 'Freq'
compiling AppMain.c...
..\Protocol\Protocol\AppMain.c(406): error:  #65: expected a ";"
"..\obj\emWin.axf" - 1 Errors, 0 Warning(s).
Target not created
Build target 'Freq'
compiling AppMain.c...
linking...
Program Size: Code=38828 RO-data=1276 RW-data=384 ZI-data=58376  
FromELF: creating hex file...
"..\obj\emWin.axf" - 0 Errors, 0 Warning(s).
Load "..\\obj\\emWin.axf" 
Set JLink Project File to "E:\PROJECT\RD15002WV\RD15002WV\Freq\PRO\JLinkSettings.ini"
* JLink Info: Device "STM32F407VG" selected (1024 KB flash, 128 KB RAM).
 
JLink info:
------------
DLL: V4.78j, compiled Nov 22 2013 20:08:33
Firmware: J-Link ARM V8 compiled Nov  8 2013 12:07:30
Hardware: V8.00
S/N : 17935099 
Feature(s) : RDI,FlashDL,FlashBP,JFlash 
 
* JLink Info: Found SWD-DP with ID 0x2BA01477
* JLink Info: Found SWD-DP with ID 0x2BA01477
* JLink Info: Found Cortex-M4 r0p1, Little endian.
* JLink Info: FPUnit: 6 code (BP) slots and 2 literal slots
* JLink Info: TPIU fitted.
* JLink Info: ETM fitted.
ROMTableAddr = 0xE00FF003
 
Target info:
------------
Device: STM32F407VG
VTarget = 3.235V
State of Pins: 
TCK: 0, TDI: 0, TDO: 0, TMS: 1, TRES: 1, TRST: 1
Hardware-Breakpoints: 6
Software-Breakpoints: 8192
Watchpoints:          4
JTAG speed: 500 kHz
 
Erase Done.
Programming Done.
Verify OK.
Application running ...
Build target 'Freq'
compiling AppMain.c...
linking...
Program Size: Code=38824 RO-data=1280 RW-data=384 ZI-data=58376  
FromELF: creating hex file...
"..\obj\emWin.axf" - 0 Errors, 0 Warning(s).
Load "..\\obj\\emWin.axf" 
Set JLink Project File to "E:\PROJECT\RD15002WV\RD15002WV\Freq\PRO\JLinkSettings.ini"
* JLink Info: Device "STM32F407VG" selected (1024 KB flash, 128 KB RAM).
 
JLink info:
------------
DLL: V4.78j, compiled Nov 22 2013 20:08:33
Firmware: J-Link ARM V8 compiled Nov  8 2013 12:07:30
Hardware: V8.00
S/N : 17935099 
Feature(s) : RDI,FlashDL,FlashBP,JFlash 
 
* JLink Info: Found SWD-DP with ID 0x2BA01477
* JLink Info: Found SWD-DP with ID 0x2BA01477
* JLink Info: Found Cortex-M4 r0p1, Little endian.
* JLink Info: FPUnit: 6 code (BP) slots and 2 literal slots
* JLink Info: TPIU fitted.
* JLink Info: ETM fitted.
ROMTableAddr = 0xE00FF003
 
Target info:
------------
Device: STM32F407VG
VTarget = 3.241V
State of Pins: 
TCK: 0, TDI: 0, TDO: 0, TMS: 1, TRES: 1, TRST: 1
Hardware-Breakpoints: 6
Software-Breakpoints: 8192
Watchpoints:          4
JTAG speed: 500 kHz
 
Erase Done.
Programming Done.
Verify OK.
Application running ...
Build target 'Freq'
[...]
Hardware-Breakpoints: 6
Software-Breakpoints: 8192
Watchpoints:          4
JTAG speed: 500 kHz
 
Erase Done.
Programming Done.
Verify OK.
Application running ...
Build target 'Freq'
compiling AppMain.c...
..\Protocol\Protocol\AppMain.c(228): warning:  #224-D: the format string requires additional arguments
..\Protocol\Protocol\AppMain.c(229): warning:  #174-D: expression has no effect
..\Protocol\Protocol\AppMain.c(229): error:  #65: expected a ";"
"..\obj\emWin.axf" - 1 Errors, 2 Warning(s).
Target not created
Build target 'Freq'
compiling AppMain.c...
..\Protocol\Protocol\AppMain.c(228): warning:  #224-D: the format string requires additional arguments
..\Protocol\Protocol\AppMain.c(229): error:  #65: expected a ";"
"..\obj\emWin.axf" - 1 Errors, 1 Warning(s).
Target not created
Build target 'Freq'
compiling AppMain.c...
..\Protocol\Protocol\AppMain.c(229): warning:  #224-D: the format string requires additional arguments
..\Protocol\Protocol\AppMain.c(229): error:  #65: expected a ";"
"..\obj\emWin.axf" - 1 Errors, 1 Warning(s).
Target not created
Build target 'Freq'
compiling AppMain.c...
linking...
Program Size: Code=40288 RO-data=1160 RW-data=380 ZI-data=67940  
FromELF: creating hex file...
"..\obj\emWin.axf" - 0 Errors, 0 Warning(s).
Build target 'Freq'
linking...
Program Size: Code=40288 RO-data=1160 RW-data=380 ZI-data=67940  
FromELF: creating hex file...
"..\obj\emWin.axf" - 0 Errors, 0 Warning(s).
Rebuild target 'Freq'
compiling bsp.c...
compiling main.c...
compiling os_app_hooks.c...
compiling app.c...
..\App\APP\app.c(186): warning:  #1-D: last line of file ends without a newline
compiling FreqMeasurement.c...
..\App\APP\FreqMeasurement.c(232): warning:  #177-D: variable "i" was declared but never referenced
compiling Tools.c...
compiling bsp_init.c...
..\App\BSP\bsp_init.c(70): warning:  #167-D: argument of type "unsigned char *" is incompatible with parameter of type "char *restrict"
..\App\BSP\bsp_init.c(70): warning:  #167-D: argument of type "unsigned char *" is incompatible with parameter of type "const char *restrict"
..\App\BSP\bsp_init.c(73): warning:  #1-D: last line of file ends without a newline
..\App\BSP\bsp_init.c(6): warning: C4017W: HSEStartUpStatus may be used before being set
compiling bsp_usart.c...
compiling bsp_ltc2402.c...
..\App\BSP\bsp_ltc2402.c(95): warning: C4017W: u8charresbuf may be used before being set
compiling bsp_sst25vf064.c...
compiling bsp_rtc.c...
..\App\BSP\bsp_rtc.c(26): warning:  #1166-D: returning pointer to local variable
compiling bsp_485.c...
..\App\BSP\bsp_485.c(55): warning:  #1-D: last line of file ends without a newline
compiling bsp_cpld4064.c...
compiling bsp_gprs.c...
compiling bsp_io_control.c...
compiling stm32f4xx_it.c...
compiling system_stm32f4xx.c...
assembling startup_stm32f40_41xxx.s...
compiling misc.c...
compiling stm32f4xx_crc.c...
compiling stm32f4xx_exti.c...
compiling stm32f4xx_gpio.c...
compiling stm32f4xx_rcc.c...
compiling stm32f4xx_syscfg.c...
compiling stm32f4xx_usart.c...
compiling stm32f4xx_tim.c...
compiling stm32f4xx_spi.c...
compiling stm32f4xx_rtc.c...
compiling stm32f4xx_pwr.c...
compiling stm32f4xx_wwdg.c...
compiling stm32f4xx_iwdg.c...
compiling stm32f4xx_adc.c...
assembling cpu_a.asm...
compiling cpu_c.c...
compiling cpu_core.c...
assembling os_cpu_a.asm...
compiling os_cpu_c.c...
compiling os_cfg_app.c...
compiling os_core.c...
compiling os_dbg.c...
compiling os_flag.c...
compiling os_int.c...
compiling os_mem.c...
compiling os_msg.c...
compiling os_mutex.c...
compiling os_pend_multi.c...
compiling os_prio.c...
compiling os_q.c...
compiling os_sem.c...
compiling os_stat.c...
compiling os_task.c...
compiling os_tick.c...
compiling os_time.c...
compiling os_tmr.c...
compiling os_var.c...
compiling lib_ascii.c...
compiling lib_math.c...
compiling lib_mem.c...
assembling lib_mem_a.asm...
compiling lib_str.c...
..\uCOSIII\uC-LIB\lib_str.c(3497): warning: C4017W: nbr_neg_fmtd may be used before being set
..\uCOSIII\uC-LIB\lib_str.c(3494): warning: C4017W: lead_char_0 may be used before being set
..\uCOSIII\uC-LIB\lib_str.c(3483): warning: C4017W: nbr_fmt may be used before being set
compiling AppMain.c...
..\Protocol\Protocol\AppMain.c(244): warning:  #181-D: argument is incompatible with corresponding format string conversion
..\Protocol\Protocol\AppMain.c(244): warning:  #181-D: argument is incompatible with corresponding format string conversion
compiling Protocol.c...
compiling usart_serial.c...
..\Protocol\drv\src\usart_serial.c(12): warning: C4017W: u8Value may be used before being set
compiling kernel.c...
linking...
Program Size: Code=40308 RO-data=1164 RW-data=380 ZI-data=67940  
FromELF: creating hex file...
"..\obj\emWin.axf" - 0 Errors, 15 Warning(s).
Build target 'Freq'
compiling AppMain.c...
..\Protocol\Protocol\AppMain.c(244): warning:  #181-D: argument is incompatible with corresponding format string conversion
..\Protocol\Protocol\AppMain.c(244): warning:  #181-D: argument is incompatible with corresponding format string conversion
linking...
Program Size: Code=43384 RO-data=1144 RW-data=380 ZI-data=67940  
FromELF: creating hex file...
"..\obj\emWin.axf" - 0 Errors, 2 Warning(s).
Build target 'Freq'
compiling AppMain.c...
..\Protocol\Protocol\AppMain.c(244): warning:  #181-D: argument is incompatible with corresponding format string conversion
..\Protocol\Protocol\AppMain.c(244): warning:  #181-D: argument is incompatible with corresponding format string conversion
linking...
Program Size: Code=43376 RO-data=1144 RW-data=380 ZI-data=67940  
FromELF: creating hex file...
"..\obj\emWin.axf" - 0 Errors, 2 Warning(s).
Build target 'Freq'
linking...
Program Size: Code=43376 RO-data=1144 RW-data=380 ZI-data=67940  
FromELF: creating hex file...
"..\obj\emWin.axf" - 0 Errors, 0 Warning(s).
Load "..\\obj\\emWin.axf" 
Set JLink Project File to "E:\PROJECT\RD15002WV\RD15002WV\Freq\PRO\JLinkSettings.ini"
* JLink Info: Device "STM32F407VG" selected (1024 KB flash, 128 KB RAM).
 
JLink info:
------------
DLL: V4.78j, compiled Nov 22 2013 20:08:33
Firmware: J-Link ARM V8 compiled Nov  8 2013 12:07:30
Hardware: V8.00
S/N : 17935099 
Feature(s) : RDI,FlashDL,FlashBP,JFlash 
 
* JLink Info: Found SWD-DP with ID 0x2BA01477
* JLink Info: Found SWD-DP with ID 0x2BA01477
* JLink Info: Found Cortex-M4 r0p1, Little endian.
* JLink Info: FPUnit: 6 code (BP) slots and 2 literal slots
* JLink Info: TPIU fitted.
* JLink Info: ETM fitted.
ROMTableAddr = 0xE00FF003
 
Target info:
------------
Device: STM32F407VG
VTarget = 3.235V
State of Pins: 
TCK: 0, TDI: 0, TDO: 0, TMS: 1, TRES: 1, TRST: 1
Hardware-Breakpoints: 6
Software-Breakpoints: 8192
Watchpoints:          4
JTAG speed: 500 kHz
 
Erase Done.
Programming Done.
Verify OK.
Application running ...
Build target 'Freq'
compiling bsp_rtc.c...
..\App\BSP\bsp_rtc.c(26): warning:  #1166-D: returning pointer to local variable
linking...
Program Size: Code=43376 RO-data=1144 RW-data=380 ZI-data=67940  
FromELF: creating hex file...
"..\obj\emWin.axf" - 0 Errors, 1 Warning(s).
Load "..\\obj\\emWin.axf" 
Set JLink Project File to "E:\PROJECT\RD15002WV\RD15002WV\Freq\PRO\JLinkSettings.ini"
* JLink Info: Device "STM32F407VG" selected (1024 KB flash, 128 KB RAM).
 
JLink info:
------------
DLL: V4.78j, compiled Nov 22 2013 20:08:33
Firmware: J-Link ARM V8 compiled Nov  8 2013 12:07:30
Hardware: V8.00
S/N : 17935099 
Feature(s) : RDI,FlashDL,FlashBP,JFlash 
 
* JLink Info: Found SWD-DP with ID 0x2BA01477
* JLink Info: Found SWD-DP with ID 0x2BA01477
* JLink Info: Found Cortex-M4 r0p1, Little endian.
* JLink Info: FPUnit: 6 code (BP) slots and 2 literal slots
* JLink Info: TPIU fitted.
* JLink Info: ETM fitted.
ROMTableAddr = 0xE00FF003
 
Target info:
------------
Device: STM32F407VG
VTarget = 3.241V
State of Pins: 
TCK: 0, TDI: 0, TDO: 0, TMS: 1, TRES: 1, TRST: 1
Hardware-Breakpoints: 6
Software-Breakpoints: 8192
Watchpoints:          4
JTAG speed: 500 kHz
 
Erase Done.
Programming Done.
Verify OK.
Application running ...
Build target 'Freq'
compiling AppMain.c...
..\Protocol\Protocol\AppMain.c(245): warning:  #181-D: argument is incompatible with corresponding format string conversion
..\Protocol\Protocol\AppMain.c(245): warning:  #181-D: argument is incompatible with corresponding format string conversion
linking...
Program Size: Code=43376 RO-data=1144 RW-data=380 ZI-data=67940  
FromELF: creating hex file...
"..\obj\emWin.axf" - 0 Errors, 2 Warning(s).
Load "..\\obj\\emWin.axf" 
Set JLink Project File to "E:\PROJECT\RD15002WV\RD15002WV\Freq\PRO\JLinkSettings.ini"
* JLink Info: Device "STM32F407VG" selected (1024 KB flash, 128 KB RAM).
 
JLink info:
------------
DLL: V4.78j, compiled Nov 22 2013 20:08:33
Firmware: J-Link ARM V8 compiled Nov  8 2013 12:07:30
Hardware: V8.00
S/N : 17935099 
Feature(s) : RDI,FlashDL,FlashBP,JFlash 
 
* JLink Info: STM32F2xxx/STM32F4xxx: Can not attach to CPU. Trying connect under reset.
**JLink Warning: RESET (pin 15) high, but should be low. Please check target hardware.
***JLink Error: Supply voltage too low (1 Volt is required, Measured: 0.0 Volt).
Please check target power.
Load "..\\obj\\emWin.axf" 
Set JLink Project File to "E:\PROJECT\RD15002WV\RD15002WV\Freq\PRO\JLinkSettings.ini"
* JLink Info: Device "STM32F407VG" selected (1024 KB flash, 128 KB RAM).
 
JLink info:
------------
DLL: V4.78j, compiled Nov 22 2013 20:08:33
Firmware: J-Link ARM V8 compiled Nov  8 2013 12:07:30
Hardware: V8.00
S/N : 17935099 
Feature(s) : RDI,FlashDL,FlashBP,JFlash 
 
* JLink Info: Found SWD-DP with ID 0x2BA01477
* JLink Info: Found SWD-DP with ID 0x2BA01477
* JLink Info: Found Cortex-M4 r0p1, Little endian.
* JLink Info: FPUnit: 6 code (BP) slots and 2 literal slots
* JLink Info: TPIU fitted.
* JLink Info: ETM fitted.
ROMTableAddr = 0xE00FF003
 
Target info:
------------
Device: STM32F407VG
VTarget = 3.235V
State of Pins: 
TCK: 0, TDI: 0, TDO: 0, TMS: 1, TRES: 1, TRST: 1
Hardware-Breakpoints: 6
Software-Breakpoints: 8192
Watchpoints:          4
JTAG speed: 500 kHz
 
Erase Done.
Programming Done.
Verify OK.
Application running ...
Build target 'Freq'
compiling AppMain.c...
..\Protocol\Protocol\AppMain.c(245): warning:  #181-D: argument is incompatible with corresponding format string conversion
..\Protocol\Protocol\AppMain.c(245): warning:  #181-D: argument is incompatible with corresponding format string conversion
linking...
Program Size: Code=43376 RO-data=1144 RW-data=380 ZI-data=67940  
FromELF: creating hex file...
"..\obj\emWin.axf" - 0 Errors, 2 Warning(s).
Load "..\\obj\\emWin.axf" 
Set JLink Project File to "E:\PROJECT\RD15002WV\RD15002WV\Freq\PRO\JLinkSettings.ini"
* JLink Info: Device "STM32F407VG" selected (1024 KB flash, 128 KB RAM).
 
JLink info:
------------
DLL: V4.78j, compiled Nov 22 2013 20:08:33
Firmware: J-Link ARM V8 compiled Nov  8 2013 12:07:30
Hardware: V8.00
S/N : 17935099 
Feature(s) : RDI,FlashDL,FlashBP,JFlash 
 
* JLink Info: Found SWD-DP with ID 0x2BA01477
* JLink Info: Found SWD-DP with ID 0x2BA01477
* JLink Info: Found Cortex-M4 r0p1, Little endian.
* JLink Info: FPUnit: 6 code (BP) slots and 2 literal slots
* JLink Info: TPIU fitted.
* JLink Info: ETM fitted.
ROMTableAddr = 0xE00FF003
 
Target info:
------------
Device: STM32F407VG
VTarget = 3.241V
State of Pins: 
TCK: 0, TDI: 0, TDO: 0, TMS: 1, TRES: 1, TRST: 1
Hardware-Breakpoints: 6
Software-Breakpoints: 8192
Watchpoints:          4
JTAG speed: 500 kHz
 
Erase Done.
Programming Done.
Verify OK.
Application running ...
Build target 'Freq'
compiling AppMain.c...
..\Protocol\Protocol\AppMain.c(245): warning:  #181-D: argument is incompatible with corresponding format string conversion
..\Protocol\Protocol\AppMain.c(245): warning:  #181-D: argument is incompatible with corresponding format string conversion
linking...
Program Size: Code=43376 RO-data=1144 RW-data=380 ZI-data=67940  
FromELF: creating hex file...
"..\obj\emWin.axf" - 0 Errors, 2 Warning(s).
Load "..\\obj\\emWin.axf" 
Set JLink Project File to "E:\PROJECT\RD15002WV\RD15002WV\Freq\PRO\JLinkSettings.ini"
* JLink Info: Device "STM32F407VG" selected (1024 KB flash, 128 KB RAM).
 
JLink info:
------------
DLL: V4.78j, compiled Nov 22 2013 20:08:33
Firmware: J-Link ARM V8 compiled Nov  8 2013 12:07:30
Hardware: V8.00
S/N : 17935099 
Feature(s) : RDI,FlashDL,FlashBP,JFlash 
 
* JLink Info: Found SWD-DP with ID 0x2BA01477
* JLink Info: Found SWD-DP with ID 0x2BA01477
* JLink Info: Found Cortex-M4 r0p1, Little endian.
* JLink Info: FPUnit: 6 code (BP) slots and 2 literal slots
* JLink Info: TPIU fitted.
* JLink Info: ETM fitted.
ROMTableAddr = 0xE00FF003
 
Target info:
------------
Device: STM32F407VG
VTarget = 3.241V
State of Pins: 
TCK: 0, TDI: 0, TDO: 0, TMS: 1, TRES: 1, TRST: 1
Hardware-Breakpoints: 6
Software-Breakpoints: 8192
Watchpoints:          4
JTAG speed: 500 kHz
 
Erase Done.
Programming Done.
Verify OK.
Application running ...
Build target 'Freq'
compiling AppMain.c...
..\Protocol\Protocol\AppMain.c(245): warning:  #181-D: argument is incompatible with corresponding format string conversion
..\Protocol\Protocol\AppMain.c(245): warning:  #181-D: argument is incompatible with corresponding format string conversion
linking...
Program Size: Code=43372 RO-data=1148 RW-data=380 ZI-data=67940  
FromELF: creating hex file...
"..\obj\emWin.axf" - 0 Errors, 2 Warning(s).
Build target 'Freq'
linking...
Program Size: Code=43372 RO-data=1148 RW-data=380 ZI-data=67940  
FromELF: creating hex file...
"..\obj\emWin.axf" - 0 Errors, 0 Warning(s).
Load "..\\obj\\emWin.axf" 
Set JLink Project File to "E:\PROJECT\RD15002WV\RD15002WV\Freq\PRO\JLinkSettings.ini"
* JLink Info: Device "STM32F407VG" selected (1024 KB flash, 128 KB RAM).
 
JLink info:
------------
DLL: V4.78j, compiled Nov 22 2013 20:08:33
Firmware: J-Link ARM V8 compiled Nov  8 2013 12:07:30
Hardware: V8.00
S/N : 17935099 
Feature(s) : RDI,FlashDL,FlashBP,JFlash 
 
* JLink Info: Found SWD-DP with ID 0x2BA01477
* JLink Info: Found SWD-DP with ID 0x2BA01477
* JLink Info: Found Cortex-M4 r0p1, Little endian.
* JLink Info: FPUnit: 6 code (BP) slots and 2 literal slots
* JLink Info: TPIU fitted.
* JLink Info: ETM fitted.
ROMTableAddr = 0xE00FF003
 
Target info:
------------
Device: STM32F407VG
VTarget = 3.241V
State of Pins: 
TCK: 0, TDI: 0, TDO: 0, TMS: 1, TRES: 1, TRST: 1
Hardware-Breakpoints: 6
Software-Breakpoints: 8192
Watchpoints:          4
JTAG speed: 500 kHz
 
Erase Done.
Programming Done.
Verify OK.
Application running ...
Build target 'Freq'
compiling AppMain.c...
..\Protocol\Protocol\AppMain.c(245): warning:  #181-D: argument is incompatible with corresponding format string conversion
..\Protocol\Protocol\AppMain.c(245): warning:  #181-D: argument is incompatible with corresponding format string conversion
linking...
Program Size: Code=43372 RO-data=1148 RW-data=380 ZI-data=67940  
FromELF: creating hex file...
"..\obj\emWin.axf" - 0 Errors, 2 Warning(s).
Load "..\\obj\\emWin.axf" 
Set JLink Project File to "E:\PROJECT\RD15002WV\RD15002WV\Freq\PRO\JLinkSettings.ini"
* JLink Info: Device "STM32F407VG" selected (1024 KB flash, 128 KB RAM).
 
JLink info:
------------
DLL: V4.78j, compiled Nov 22 2013 20:08:33
Firmware: J-Link ARM V8 compiled Nov  8 2013 12:07:30
Hardware: V8.00
S/N : 17935099 
Feature(s) : RDI,FlashDL,FlashBP,JFlash 
 
* JLink Info: Found SWD-DP with ID 0x2BA01477
* JLink Info: Found SWD-DP with ID 0x2BA01477
* JLink Info: Found Cortex-M4 r0p1, Little endian.
* JLink Info: FPUnit: 6 code (BP) slots and 2 literal slots
* JLink Info: TPIU fitted.
* JLink Info: ETM fitted.
ROMTableAddr = 0xE00FF003
 
Target info:
------------
Device: STM32F407VG
VTarget = 3.241V
State of Pins: 
TCK: 0, TDI: 0, TDO: 0, TMS: 1, TRES: 1, TRST: 1
Hardware-Breakpoints: 6
Software-Breakpoints: 8192
Watchpoints:          4
JTAG speed: 500 kHz
 
Erase Done.
Programming Done.
Verify OK.
Application running ...
Build target 'Freq'
compiling AppMain.c...
..\Protocol\Protocol\AppMain.c(245): warning:  #181-D: argument is incompatible with corresponding format string conversion
..\Protocol\Protocol\AppMain.c(245): warning:  #181-D: argument is incompatible with corresponding format string conversion
linking...
Program Size: Code=43372 RO-data=1148 RW-data=380 ZI-data=67940  
FromELF: creating hex file...
"..\obj\emWin.axf" - 0 Errors, 2 Warning(s).
Load "..\\obj\\emWin.axf" 
Set JLink Project File to "E:\PROJECT\RD15002WV\RD15002WV\Freq\PRO\JLinkSettings.ini"
* JLink Info: Device "STM32F407VG" selected (1024 KB flash, 128 KB RAM).
 
JLink info:
------------
DLL: V4.78j, compiled Nov 22 2013 20:08:33
Firmware: J-Link ARM V8 compiled Nov  8 2013 12:07:30
Hardware: V8.00
S/N : 17935099 
Feature(s) : RDI,FlashDL,FlashBP,JFlash 
 
* JLink Info: Found SWD-DP with ID 0x2BA01477
* JLink Info: Found SWD-DP with ID 0x2BA01477
* JLink Info: Found Cortex-M4 r0p1, Little endian.
* JLink Info: FPUnit: 6 code (BP) slots and 2 literal slots
* JLink Info: TPIU fitted.
* JLink Info: ETM fitted.
ROMTableAddr = 0xE00FF003
 
Target info:
------------
Device: STM32F407VG
VTarget = 3.235V
State of Pins: 
TCK: 0, TDI: 0, TDO: 0, TMS: 1, TRES: 1, TRST: 1
Hardware-Breakpoints: 6
Software-Breakpoints: 8192
Watchpoints:          4
JTAG speed: 500 kHz
 
Erase Done.
Programming Done.
Verify OK.
Application running ...
Build target 'Freq'
linking...
Program Size: Code=43372 RO-data=1148 RW-data=380 ZI-data=67940  
FromELF: creating hex file...
"..\obj\emWin.axf" - 0 Errors, 0 Warning(s).
Load "..\\obj\\emWin.axf" 
Set JLink Project File to "E:\PROJECT\RD15002WV\RD15002WV\Freq\PRO\JLinkSettings.ini"
* JLink Info: Device "STM32F407VG" selected (1024 KB flash, 128 KB RAM).
 
JLink info:
------------
DLL: V4.78j, compiled Nov 22 2013 20:08:33
Firmware: J-Link ARM V8 compiled Nov  8 2013 12:07:30
Hardware: V8.00
S/N : 17935099 
Feature(s) : RDI,FlashDL,FlashBP,JFlash 
 
* JLink Info: Found SWD-DP with ID 0x2BA01477
* JLink Info: Found SWD-DP with ID 0x2BA01477
* JLink Info: Found Cortex-M4 r0p1, Little endian.
* JLink Info: FPUnit: 6 code (BP) slots and 2 literal slots
* JLink Info: TPIU fitted.
* JLink Info: ETM fitted.
ROMTableAddr = 0xE00FF003
 
Target info:
------------
Device: STM32F407VG
VTarget = 3.241V
State of Pins: 
TCK: 0, TDI: 0, TDO: 0, TMS: 1, TRES: 1, TRST: 1
Hardware-Breakpoints: 6
Software-Breakpoints: 8192
Watchpoints:          4
JTAG speed: 500 kHz
 
Erase Done.
Programming Done.
Verify OK.
Application running ...
Build target 'Freq'
compiling AppMain.c...
..\Protocol\Protocol\AppMain.c(245): warning:  #181-D: argument is incompatible with corresponding format string conversion
..\Protocol\Protocol\AppMain.c(245): warning:  #181-D: argument is incompatible with corresponding format string conversion
linking...
Program Size: Code=43332 RO-data=1148 RW-data=380 ZI-data=67940  
FromELF: creating hex file...
"..\obj\emWin.axf" - 0 Errors, 2 Warning(s).
Build target 'Freq'
linking...
Program Size: Code=43332 RO-data=1148 RW-data=380 ZI-data=67940  
FromELF: creating hex file...
"..\obj\emWin.axf" - 0 Errors, 0 Warning(s).
Load "..\\obj\\emWin.axf" 
Set JLink Project File to "E:\PROJECT\RD15002WV\RD15002WV\Freq\PRO\JLinkSettings.ini"
* JLink Info: Device "STM32F407VG" selected (1024 KB flash, 128 KB RAM).
 
JLink info:
------------
DLL: V4.78j, compiled Nov 22 2013 20:08:33
Firmware: J-Link ARM V8 compiled Nov  8 2013 12:07:30
Hardware: V8.00
S/N : 17935099 
Feature(s) : RDI,FlashDL,FlashBP,JFlash 
 
* JLink Info: Found SWD-DP with ID 0x2BA01477
* JLink Info: Found SWD-DP with ID 0x2BA01477
* JLink Info: Found Cortex-M4 r0p1, Little endian.
* JLink Info: FPUnit: 6 code (BP) slots and 2 literal slots
* JLink Info: TPIU fitted.
* JLink Info: ETM fitted.
ROMTableAddr = 0xE00FF003
 
Target info:
------------
Device: STM32F407VG
VTarget = 3.241V
State of Pins: 
TCK: 0, TDI: 0, TDO: 0, TMS: 1, TRES: 1, TRST: 1
Hardware-Breakpoints: 6
Software-Breakpoints: 8192
Watchpoints:          4
JTAG speed: 500 kHz
 
Erase Done.
Programming Done.
Verify OK.
Application running ...
